******************************************************************************
                  TI ARM Linker PC v18.1.4                     
******************************************************************************
>> Linked Wed May  1 02:08:26 2019

OUTPUT FILE NAME:   <pwmled2_CC3220S_LAUNCHXL_nortos_ccs2_I2CSlave.out>
ENTRY POINT SYMBOL: "resetISR"  address: 2000edd1


MEMORY CONFIGURATION

         name            origin    length      used     unused   attr    fill
----------------------  --------  ---------  --------  --------  ----  --------
  SRAM2                 20000000   00004000  0000130c  00002cf4  RW X
  SRAM                  20004000   0003c000  0000be38  000301c8  RW X


SEGMENT ALLOCATION MAP

run origin  load origin   length   init length attrs members
----------  ----------- ---------- ----------- ----- -------
20003000    20003000    00001000   00000000    rw-
  20003000    20003000    00001000   00000000    rw- .stack
20004000    20004000    00000040   00000040    r--
  20004000    20004000    00000040   00000040    r-- .resetVecs
20004040    20004040    00008000   00000000    rw-
  20004040    20004040    00008000   00000000    rw- .sysmem
2000c040    2000c040    000030d8   000030d8    r-x
  2000c040    2000c040    000030d8   000030d8    r-x .text
2000f118    2000f118    000005b8   00000000    rw-
  2000f118    2000f118    000005b8   00000000    rw- .data
2000f6d0    2000f6d0    000003a8   000003a8    r--
  2000f6d0    2000f6d0    000003a8   000003a8    r-- .const
2000fa78    2000fa78    000002d0   00000000    rw-
  2000fa78    2000fa78    000002d0   00000000    rw- .bss
2000fd48    2000fd48    000000f0   000000f0    r--
  2000fd48    2000fd48    000000f0   000000f0    r-- .cinit


SECTION ALLOCATION MAP

 output                                  attributes/
section   page    origin      length       input sections
--------  ----  ----------  ----------   ----------------
.text      0    2000c040    000030d8     
                  2000c040    0000042c     driverlib.a : prcm.obj (.text:PRCMCC3200MCUInit)
                  2000c46c    0000019c     nortos_cc32xx.aem4 : PowerCC32XX_nortos.oem4 (.text:PowerCC32XX_sleepPolicy)
                  2000c608    00000148     drivers_cc32xx.aem4 : PowerCC32XX.oem4 (.text:parkPins)
                  2000c750    00000140                         : PWMTimerCC32XX.oem4 (.text:PWMTimerCC32XX_setDutyAndPeriod)
                  2000c890    00000128                         : TimerCC32XX.oem4 (.text:TimerCC32XX_open)
                  2000c9b8    00000118                         : PowerCC32XX.oem4 (.text:Power_sleep)
                  2000cad0    000000f0                         : PWMTimerCC32XX.oem4 (.text:PWMTimerCC32XX_open)
                  2000cbc0    000000e4     pwmled2.obj (.text:mainThread)
                  2000cca4    000000d8     rtsv7M4_T_le_eabi.lib : memory.c.obj (.text:free)
                  2000cd7c    000000c4     drivers_cc32xx.aem4 : PWMTimerCC32XX.oem4 (.text:PWMTimerCC32XX_stop)
                  2000ce40    000000b8                         : PWMTimerCC32XX.oem4 (.text:PWMTimerCC32XX_setDuty)
                  2000cef8    000000ac                         : PowerCC32XX.oem4 (.text:restoreParkedPins)
                  2000cfa4    000000a8     driverlib.a : interrupt.obj (.text:IntEnable)
                  2000d04c    000000a8     drivers_cc32xx.aem4 : PowerCC32XX.oem4 (.text:PowerCC32XX_configureWakeup)
                  2000d0f4    000000a4                         : PWMTimerCC32XX.oem4 (.text:initHw)
                  2000d198    000000a4     pwmled2.obj (.text:timerCallback)
                  2000d23c    000000a0     nortos_cc32xx.aem4 : SemaphoreP_nortos.oem4 (.text:SemaphoreP_pend)
                  2000d2dc    0000009c     rtsv7M4_T_le_eabi.lib : memcpy_t2.asm.obj (.text)
                  2000d378    00000098     drivers_cc32xx.aem4 : PWMTimerCC32XX.oem4 (.text:PWMTimerCC32XX_setPeriod)
                  2000d410    00000096     rtsv7M4_T_le_eabi.lib : ull_div_t2.asm.obj (.text)
                  2000d4a6    00000002     drivers_cc32xx.aem4 : PWMTimerCC32XX.oem4 (.text:PWMTimerCC32XX_init)
                  2000d4a8    00000090                         : PowerCC32XX.oem4 (.text:restoreNVICRegs)
                  2000d538    0000008c     nortos_cc32xx.aem4 : HwiPCC32XX_nortos.oem4 (.text:HwiP_construct)
                  2000d5c4    00000088     driverlib.a : interrupt.obj (.text:IntPendSet)
                  2000d64c    00000088     drivers_cc32xx.aem4 : PWMTimerCC32XX.oem4 (.text:PWMTimerCC32XX_close)
                  2000d6d4    00000088     driverlib.a : pin.obj (.text:PinConfigSet)
                  2000d75c    00000084     drivers_cc32xx.aem4 : PowerCC32XX.oem4 (.text:Power_init)
                  2000d7e0    00000084                         : PowerCC32XX.oem4 (.text:saveNVICRegs)
                  2000d864    00000080                         : PowerCC32XX.oem4 (.text:Power_setDependency)
                  2000d8e4    0000007a     rtsv7M4_T_le_eabi.lib : fs_mul_t2.asm.obj (.text)
                  2000d95e    00000078     drivers_cc32xx.aem4 : TimerCC32XX.oem4 (.text:TimerCC32XX_start)
                  2000d9d6    00000002     nortos_cc32xx.aem4 : PowerCC32XX_nortos.oem4 (.text:PowerCC32XX_initPolicy)
                  2000d9d8    00000078     rtsv7M4_T_le_eabi.lib : memory.c.obj (.text:malloc)
                  2000da50    00000068     drivers_cc32xx.aem4 : PWMTimerCC32XX.oem4 (.text:PWMTimerCC32XX_start)
                  2000dab8    00000068     rtsv7M4_T_le_eabi.lib : copy_decompress_lzss.c.obj (.text:decompress:lzss:__TI_decompress_lzss)
                  2000db20    00000064     drivers_cc32xx.aem4 : PowerCC32XX.oem4 (.text:PowerCC32XX_setParkState)
                  2000db84    00000060     nortos_cc32xx.aem4 : ClockPSysTick_nortos.oem4 (.text:ClockP_start)
                  2000dbe4    00000060     I2C_Slave.obj (.text:I2C_Slave_init)
                  2000dc44    00000060     driverlib.a : prcm.obj (.text:PRCMSysResetCauseGet)
                  2000dca4    00000060     nortos_cc32xx.aem4 : ClockPSysTick_nortos.oem4 (.text:getTimeUsec)
                  2000dd04    0000005c                        : ClockPSysTick_nortos.oem4 (.text:sysTickInit)
                  2000dd60    00000058     driverlib.a : interrupt.obj (.text:IntPendClear)
                  2000ddb8    00000058                 : prcm.obj (.text:PRCMPeripheralReset)
                  2000de10    00000058     drivers_cc32xx.aem4 : PowerCC32XX.oem4 (.text:Power_releaseDependency)
                  2000de68    00000056                         : TimerCC32XX.oem4 (.text:TimerCC32XX_stop)
                  2000debe    00000052                         : PowerCC32XX_asm.oem4 (.text:PowerCC32XX_resumeLPDS)
                  2000df10    00000052                         : TimerCC32XX.oem4 (.text:initHw)
                  2000df62    00000002     nortos_cc32xx.aem4 : SemaphoreP_nortos.oem4 (.text:SemaphoreP_destruct)
                  2000df64    00000050                        : SemaphoreP_nortos.oem4 (.text:SemaphoreP_construct)
                  2000dfb4    00000050     drivers_cc32xx.aem4 : TimerCC32XX.oem4 (.text:TimerCC32XX_allocateTimerResource)
                  2000e004    0000004c                         : PowerCC32XX.oem4 (.text:PowerCC32XX_parkPin)
                  2000e050    0000004c     driverlib.a : i2c.obj (.text:_I2CIntNumberGet)
                  2000e09c    0000004c     drivers_cc32xx.aem4 : PWMTimerCC32XX.oem4 (.text:getDutyCounts)
                  2000e0e8    0000004c                         : PWMTimerCC32XX.oem4 (.text:getPeriodCounts)
                  2000e134    0000004c                         : PowerCC32XX.oem4 (.text:restorePeriphClocks)
                  2000e180    00000048     nortos_cc32xx.aem4 : ClockPSysTick_nortos.oem4 (.text:ClockP_usleep)
                  2000e1c8    00000048     driverlib.a : flash.obj (.text:FlashDisable)
                  2000e210    00000048                 : prcm.obj (.text:PRCMLPDSEnter)
                  2000e258    00000048                 : prcm.obj (.text:PRCMPeripheralClkEnable)
                  2000e2a0    00000048     drivers_cc32xx.aem4 : PowerCC32XX.oem4 (.text:Power_releaseConstraint)
                  2000e2e8    00000046                         : TimerCC32XX.oem4 (.text:getPrescaler)
                  2000e32e    00000002                         : TimerCC32XX.oem4 (.text:TimerCC32XX_init)
                  2000e330    00000044     nortos_cc32xx.aem4 : ClockPSysTick_nortos.oem4 (.text:ClockP_stop)
                  2000e374    00000044                        : ClockPSysTick_nortos.oem4 (.text:ClockP_sysTickHandler)
                  2000e3b8    00000044     driverlib.a : prcm.obj (.text:PRCMLPDSRestoreInfoSet)
                  2000e3fc    00000044     drivers_cc32xx.aem4 : PWM.oem4 (.text:PWM_init)
                  2000e440    00000044                         : PowerCC32XX_asm.oem4 (.text:PowerCC32XX_enterLPDS)
                  2000e484    00000044     nortos_cc32xx.aem4 : SemaphoreP_nortos.oem4 (.text:SemaphoreP_post)
                  2000e4c8    00000044                        : SwiP_nortos.oem4 (.text:SwiP_restore)
                  2000e50c    00000044     drivers_cc32xx.aem4 : Timer.oem4 (.text:Timer_init)
                  2000e550    00000044     rtsv7M4_T_le_eabi.lib : autoinit.c.obj (.text:__TI_auto_init_nobinit_nopinit:__TI_auto_init_nobinit_nopinit)
                  2000e594    00000040     driverlib.a : pin.obj (.text:PinModeSet)
                  2000e5d4    0000003c     nortos_cc32xx.aem4 : ClockPSysTick_nortos.oem4 (.text:ClockP_destruct)
                  2000e610    0000003c     drivers_cc32xx.aem4 : PWM.oem4 (.text:PWM_open)
                  2000e64c    0000003c                         : PowerCC32XX.oem4 (.text:Power_setConstraint)
                  2000e688    0000003c                         : Timer.oem4 (.text:Timer_open)
                  2000e6c4    0000003c     rtsv7M4_T_le_eabi.lib : memory.c.obj (.text:minsert)
                  2000e700    0000003a     drivers_cc32xx.aem4 : TimerCC32XX.oem4 (.text:TimerCC32XX_close)
                  2000e73a    0000003a     nortos_cc32xx.aem4 : PowerCC32XX_nortos.oem4 (.text:getCountsRTC)
                  2000e774    0000003a     drivers_cc32xx.aem4 : PWMTimerCC32XX.oem4 (.text:getPowerMgrId)
                  2000e7ae    00000002     rtsv7M4_T_le_eabi.lib : _lock.c.obj (.text:_nop)
                  2000e7b0    00000038     driverlib.a : prcm.obj (.text:PRCMLPDSEnterKeepDebugIf)
                  2000e7e8    00000038     nortos_cc32xx.aem4 : startup_cc32xx_ccs.oem4 (.text:initVectors)
                  2000e820    00000038     rtsv7M4_T_le_eabi.lib : memory.c.obj (.text:minit)
                  2000e858    00000038     drivers_cc32xx.aem4 : PowerCC32XX.oem4 (.text:notify)
                  2000e890    00000038     rtsv7M4_T_le_eabi.lib : fs_toi_t2.asm.obj (.text)
                  2000e8c8    00000036     drivers_cc32xx.aem4 : TimerCC32XX.oem4 (.text:TimerCC32XX_hwiIntFunction)
                  2000e8fe    00000036     driverlib.a : timer.obj (.text:TimerControlStall)
                  2000e934    00000034     nortos_cc32xx.aem4 : ClockPSysTick_nortos.oem4 (.text:ClockP_getTicksUntilInterrupt)
                  2000e968    00000034                        : ClockPSysTick_nortos.oem4 (.text:ClockP_startup)
                  2000e99c    00000034     driverlib.a : pin.obj (.text:PinModeGet)
                  2000e9d0    00000034     drivers_cc32xx.aem4 : TimerCC32XX.oem4 (.text:TimerCC32XX_freeTimerResource)
                  2000ea04    00000034                         : TimerCC32XX.oem4 (.text:getPowerMgrId)
                  2000ea38    00000030                         : PowerCC32XX.oem4 (.text:PowerCC32XX_restoreParkedPin)
                  2000ea68    0000002a     nortos_cc32xx.aem4 : HwiPCC32XX_nortos.oem4 (.text:HwiP_create)
                  2000ea92    0000002a     driverlib.a : timer.obj (.text:TimerLoadSet)
                  2000eabc    0000002a                 : timer.obj (.text:TimerPrescaleSet)
                  2000eae6    00000002     nortos_cc32xx.aem4 : startup_cc32xx_ccs.oem4 (.text:busFaultHandler)
                  2000eae8    00000028     I2C_Slave.obj (.text:I2C_Slave_Store_Data)
                  2000eb10    00000028     driverlib.a : prcm.obj (.text:PRCMPeripheralClkDisable)
                  2000eb38    00000028     drivers_cc32xx.aem4 : PowerCC32XX.oem4 (.text:Power_registerNotify)
                  2000eb60    00000028     rtsv7M4_T_le_eabi.lib : boot_cortex_m.c.obj (.text:_c_int00_noargs:_c_int00_noargs)
                  2000eb88    00000028                           : memory.c.obj (.text:mremove)
                  2000ebb0    00000026     drivers_cc32xx.aem4 : List.oem4 (.text:List_put)
                  2000ebd6    00000026                         : List.oem4 (.text:List_remove)
                  2000ebfc    00000024     nortos_cc32xx.aem4 : HwiPCC32XX_nortos.oem4 (.text:HwiP_dispatch)
                  2000ec20    00000024     rtsv7M4_T_le_eabi.lib : u_tofs_t2.asm.obj (.text)
                  2000ec44    00000024     nortos_cc32xx.aem4 : ClockPSysTick_nortos.oem4 (.text:sleepTicks)
                  2000ec68    00000020                        : HwiPCC32XX_nortos.oem4 (.text:HwiP_destruct)
                  2000ec88    00000020     driverlib.a : interrupt.obj (.text:IntRegister)
                  2000eca8    00000020     drivers_cc32xx.aem4 : PowerCC32XX.oem4 (.text:Power_unregisterNotify)
                  2000ecc8    0000001e     driverlib.a : i2c.obj (.text:I2CIntRegister)
                  2000ece6    0000001e                 : i2c.obj (.text:I2CSlaveDisable)
                  2000ed04    0000001e                 : i2c.obj (.text:I2CSlaveEnable)
                  2000ed22    0000001e                 : timer.obj (.text:TimerDisable)
                  2000ed40    0000001e                 : timer.obj (.text:TimerEnable)
                  2000ed5e    00000002     nortos_cc32xx.aem4 : SemaphoreP_nortos.oem4 (.text:clkFxn)
                  2000ed60    0000001c     driverlib.a : pin.obj (.text:PinToPadGet)
                  2000ed7c    0000001c                 : pin.obj (.text:PinTypeI2C)
                  2000ed98    0000001c     nortos_cc32xx.aem4 : SwiP_nortos.oem4 (.text:SwiP_disable)
                  2000edb4    0000001a     driverlib.a : i2c.obj (.text:I2CSlaveInit)
                  2000edce    00000002     nortos_cc32xx.aem4 : startup_cc32xx_ccs.oem4 (.text:defaultHandler)
                  2000edd0    0000001a                        : startup_cc32xx_ccs.oem4 (.text:resetISR)
                  2000edea    00000018     driverlib.a : i2c.obj (.text:I2CSlaveIntEnable)
                  2000ee02    00000002     nortos_cc32xx.aem4 : startup_cc32xx_ccs.oem4 (.text:faultISR)
                  2000ee04    00000018     drivers_cc32xx.aem4 : PowerCC32XX.oem4 (.text:Power_idleFunc)
                  2000ee1c    00000018                         : TimerCC32XX.oem4 (.text:TimerCC32XX_getCount)
                  2000ee34    00000018     driverlib.a : timer.obj (.text:TimerIntDisable)
                  2000ee4c    00000018                 : timer.obj (.text:TimerIntEnable)
                  2000ee64    00000018     rtsv7M4_T_le_eabi.lib : ll_mul_t2.asm.obj (.text)
                  2000ee7c    00000016     driverlib.a : i2c.obj (.text:I2CMasterDisable)
                  2000ee92    00000016                 : prcm.obj (.text:PRCMHIBRegRead)
                  2000eea8    00000016                 : prcm.obj (.text:PRCMHIBRegWrite)
                  2000eebe    00000016     nortos_cc32xx.aem4 : SemaphoreP_nortos.oem4 (.text:SemaphoreP_create)
                  2000eed4    00000014     driverlib.a : cpu.obj (.text:CPUcpsid)
                  2000eee8    00000014     nortos_cc32xx.aem4 : HwiPCC32XX_nortos.oem4 (.text:HwiP_inISR)
                  2000eefc    00000014     driverlib.a : interrupt.obj (.text:IntVTableBaseSet)
                  2000ef10    00000014     drivers_cc32xx.aem4 : PWM.oem4 (.text:PWM_Params_init)
                  2000ef24    00000014                         : PowerCC32XX.oem4 (.text:Power_disablePolicy)
                  2000ef38    00000014                         : PowerCC32XX.oem4 (.text:Power_getDependencyCount)
                  2000ef4c    00000012     nortos_cc32xx.aem4 : HwiPCC32XX_nortos.oem4 (.text:HwiP_Params_init)
                  2000ef5e    00000012     driverlib.a : i2c.obj (.text:I2CSlaveIntClear)
                  2000ef70    00000012                 : timer.obj (.text:TimerIntClear)
                  2000ef82    00000012     rtsv7M4_T_le_eabi.lib : copy_zero_init.c.obj (.text:decompress:ZI:__TI_zero_init_nomemset:__TI_zero_init_nomemset)
                  2000ef94    00000012     main_nortos.obj (.text:main)
                  2000efa6    00000012     drivers_cc32xx.aem4 : PWMTimerCC32XX.oem4 (.text:postNotifyFxn)
                  2000efb8    00000010     nortos_cc32xx.aem4 : ClockPSysTick_nortos.oem4 (.text:ClockP_add)
                  2000efc8    00000010                        : ClockPSysTick_nortos.oem4 (.text:ClockP_getCpuFreq)
                  2000efd8    00000010                        : ClockPSysTick_nortos.oem4 (.text:ClockP_getSystemTicks)
                  2000efe8    00000010                        : ClockPSysTick_nortos.oem4 (.text:ClockP_setTicks)
                  2000eff8    00000010                        : HwiPCC32XX_nortos.oem4 (.text:HwiP_delete)
                  2000f008    00000010                        : HwiPCC32XX_nortos.oem4 (.text:HwiP_restore)
                  2000f018    00000010     driverlib.a : i2c.obj (.text:I2CSlaveDataGet)
                  2000f028    00000010     drivers_cc32xx.aem4 : PowerCC32XX.oem4 (.text:Power_enablePolicy)
                  2000f038    00000010     nortos_cc32xx.aem4 : SemaphoreP_nortos.oem4 (.text:SemaphoreP_Params_init)
                  2000f048    00000010     drivers_cc32xx.aem4 : Timer.oem4 (.text:Timer_Params_init)
                  2000f058    0000000e     nortos_cc32xx.aem4 : HwiPCC32XX_nortos.oem4 (.text:HwiP_clearInterrupt)
                  2000f066    0000000e                        : HwiPCC32XX_nortos.oem4 (.text:HwiP_disable)
                  2000f074    0000000e                        : HwiPCC32XX_nortos.oem4 (.text:HwiP_enable)
                  2000f082    0000000e     rtsv7M4_T_le_eabi.lib : copy_decompress_none.c.obj (.text:decompress:none:__TI_decompress_none)
                  2000f090    0000000c     CC3220S_LAUNCHXL.obj (.text:CC3220S_LAUNCHXL_initGeneral)
                  2000f09c    0000000c     I2C_Slave.obj (.text:I2C_Slave_Get_Data)
                  2000f0a8    0000000c     drivers_cc32xx.aem4 : PowerCC32XX.oem4 (.text:Power_getConstraintMask)
                  2000f0b4    0000000c                         : TimerCC32XX.oem4 (.text:postNotifyFxn)
                  2000f0c0    0000000a     nortos_cc32xx.aem4 : ClockPSysTick_nortos.oem4 (.text:ClockP_isActive)
                  2000f0ca    0000000a     driverlib.a : interrupt.obj (.text:IntMasterDisable)
                  2000f0d4    0000000a     drivers_cc32xx.aem4 : PWM.oem4 (.text:PWM_setDuty)
                  2000f0de    0000000a                         : PWM.oem4 (.text:PWM_start)
                  2000f0e8    0000000a                         : Timer.oem4 (.text:Timer_start)
                  2000f0f2    00000006                         : PWMTimerCC32XX.oem4 (.text:PWMTimerCC32XX_control)
                  2000f0f8    00000006                         : TimerCC32XX.oem4 (.text:TimerCC32XX_control)
                  2000f0fe    00000006     driverlib.a : utils.obj (.text:UtilsDelay)
                  2000f104    00000004     nortos_cc32xx.aem4 : HwiPCC32XX_nortos.oem4 (.text:HwiP_post)
                  2000f108    00000004                        : SemaphoreP_nortos.oem4 (.text:SemaphoreP_delete)
                  2000f10c    00000004     rtsv7M4_T_le_eabi.lib : pre_init.c.obj (.text:_system_pre_init)
                  2000f110    00000004                           : exit.c.obj (.text:abort:abort)
                  2000f114    00000002     nortos_cc32xx.aem4 : startup_cc32xx_ccs.oem4 (.text:nmiISR)
                  2000f116    00000002     rtsv7M4_T_le_eabi.lib : div0.asm.obj (.text)

.ramVecs   0    20000000    0000030c     NOLOAD SECTION
                  20000000    0000030c     nortos_cc32xx.aem4 : startup_cc32xx_ccs.oem4 (.ramVecs)

.stack     0    20003000    00001000     UNINITIALIZED
                  20003000    00000004     rtsv7M4_T_le_eabi.lib : boot_cortex_m.c.obj (.stack)
                  20003004    00000ffc     --HOLE--

.resetVecs 
*          0    20004000    00000040     
                  20004000    00000040     nortos_cc32xx.aem4 : startup_cc32xx_ccs.oem4 (.resetVecs:retain)

.sysmem    0    20004040    00008000     UNINITIALIZED
                  20004040    00000008     rtsv7M4_T_le_eabi.lib : memory.c.obj (.sysmem)
                  20004048    00007ff8     --HOLE--

.const     0    2000f6d0    000003a8     
                  2000f6d0    00000100     driverlib.a : pin.obj (.const:g_ulPinToPadMap)
                  2000f7d0    000000a8                 : prcm.obj (.const:PRCM_PeriphRegsList)
                  2000f878    00000048     CC3220S_LAUNCHXL.obj (.const:PWM_config)
                  2000f8c0    00000040     CC3220S_LAUNCHXL.obj (.const:PowerCC32XX_config)
                  2000f900    00000030     CC3220S_LAUNCHXL.obj (.const:timerCC3220SHWAttrs)
                  2000f930    00000024     drivers_cc32xx.aem4 : PWMTimerCC32XX.oem4 (.const:PWMTimerCC32XX_fxnTable)
                  2000f954    00000024     CC3220S_LAUNCHXL.obj (.const:Timer_config)
                  2000f978    00000020     drivers_cc32xx.aem4 : PWMTimerCC32XX.oem4 (.const:gpioPinIndexes)
                  2000f998    0000001c                         : TimerCC32XX.oem4 (.const:TimerCC32XX_fxnTable)
                  2000f9b4    00000018                         : PWM.oem4 (.const:PWM_defaultParams)
                  2000f9cc    00000018     driverlib.a : interrupt.obj (.const:g_pulEnRegs)
                  2000f9e4    00000018                 : interrupt.obj (.const:g_pulPendRegs)
                  2000f9fc    00000018                 : interrupt.obj (.const:g_pulUnpendRegs)
                  2000fa14    00000018     CC3220S_LAUNCHXL.obj (.const:pwmTimerCC3220SHWAttrs)
                  2000fa2c    00000010     drivers_cc32xx.aem4 : PWMTimerCC32XX.oem4 (.const:gpioBaseAddresses)
                  2000fa3c    00000010                         : PWMTimerCC32XX.oem4 (.const:timerBaseAddresses)
                  2000fa4c    0000000d     CC3220S_LAUNCHXL.obj (.const)
                  2000fa59    00000003     --HOLE-- [fill = 0]
                  2000fa5c    0000000c     drivers_cc32xx.aem4 : Timer.oem4 (.const:defaultParams)
                  2000fa68    00000008     driverlib.a : i2c.obj (.const:g_ppui32I2CIntMap)
                  2000fa70    00000008     drivers_cc32xx.aem4 : PWMTimerCC32XX.oem4 (.const:timerHalves)

.cinit     0    2000fd48    000000f0     
                  2000fd48    000000cb     (.cinit..data.load) [load image, compression = lzss]
                  2000fe13    00000001     --HOLE-- [fill = 0]
                  2000fe14    0000000c     (__TI_handler_table)
                  2000fe20    00000008     (.cinit..bss.load) [load image, compression = zero_init]
                  2000fe28    00000010     (__TI_cinit_table)

.init_array 
*          0    20004000    00000000     UNINITIALIZED

.data      0    2000f118    000005b8     UNINITIALIZED
                  2000f118    0000030c     nortos_cc32xx.aem4 : HwiPCC32XX_nortos.oem4 (.data:HwiP_dispatchTable)
                  2000f424    0000016c     drivers_cc32xx.aem4 : PowerCC32XX.oem4 (.data:PowerCC32XX_module)
                  2000f590    000000f8     CC3220S_LAUNCHXL.obj (.data:parkInfo)
                  2000f688    0000001a     pwmled2.obj (.data)
                  2000f6a2    00000001     drivers_cc32xx.aem4 : PWM.oem4 (.data)
                  2000f6a3    00000001                         : Timer.oem4 (.data)
                  2000f6a4    0000000c     rtsv7M4_T_le_eabi.lib : memory.c.obj (.data:$O1$$)
                  2000f6b0    00000008                           : _lock.c.obj (.data:$O1$$)
                  2000f6b8    00000008     nortos_cc32xx.aem4 : SemaphoreP_nortos.oem4 (.data:SemaphoreP_defaultParams)
                  2000f6c0    00000008                        : HwiPCC32XX_nortos.oem4 (.data)
                  2000f6c8    00000005                        : ClockPSysTick_nortos.oem4 (.data)
                  2000f6cd    00000003                        : SemaphoreP_nortos.oem4 (.data)

.bss       0    2000fa78    000002d0     UNINITIALIZED
                  2000fa78    0000012c     (.common:PowerCC32XX_contextSave)
                  2000fba4    000000d8     (.common:pwmTimerCC3220SObjects)
                  2000fc7c    0000009c     (.common:timerCC3220SObjects)
                  2000fd18    00000010     (.common:ClockP_ctrl)
                  2000fd28    0000000d     nortos_cc32xx.aem4 : SwiP_nortos.oem4 (.bss)
                  2000fd35    00000003     --HOLE--
                  2000fd38    00000004     I2C_Slave.obj (.bss)
                  2000fd3c    00000004     nortos_cc32xx.aem4 : ClockPSysTick_nortos.oem4 (.bss)
                  2000fd40    00000004     drivers_cc32xx.aem4 : TimerCC32XX.oem4 (.bss:timerState)
                  2000fd44    00000004     (.common:data_ready)

MODULE SUMMARY

       Module                       code    ro data   rw data
       ------                       ----    -------   -------
    .\
       CC3220S_LAUNCHXL.obj         12      257       620    
       pwmled2.obj                  392     0         26     
       I2C_Slave.obj                148     0         8      
       main_nortos.obj              18      0         0      
    +--+----------------------------+-------+---------+---------+
       Total:                       570     257       654    
                                                             
    C:/ti/simplelink_cc32xx_sdk_2_40_02_00/kernel/nortos/lib/nortos_cc32xx.aem4
       HwiPCC32XX_nortos.oem4       366     0         788    
       startup_cc32xx_ccs.oem4      90      64        780    
       ClockPSysTick_nortos.oem4    766     0         25     
       PowerCC32XX_nortos.oem4      472     0         0      
       SemaphoreP_nortos.oem4       354     0         11     
       SwiP_nortos.oem4             96      0         13     
    +--+----------------------------+-------+---------+---------+
       Total:                       2144    64        1617   
                                                             
    C:/ti/simplelink_cc32xx_sdk_2_40_02_00/source/ti/devices/cc32xx/driverlib/ccs/Release/driverlib.a
       prcm.obj                     1604    168       0      
       pin.obj                      308     256       0      
       interrupt.obj                454     72        0      
       i2c.obj                      272     8         0      
       timer.obj                    264     0         0      
       flash.obj                    72      0         0      
       cpu.obj                      20      0         0      
       utils.obj                    6       0         0      
    +--+----------------------------+-------+---------+---------+
       Total:                       3000    504       0      
                                                             
    C:/ti/simplelink_cc32xx_sdk_2_40_02_00/source/ti/drivers/lib/drivers_cc32xx.aem4
       PowerCC32XX.oem4             2224    0         664    
       PWMTimerCC32XX.oem4          1732    108       0      
       TimerCC32XX.oem4             994     28        4      
       PWM.oem4                     168     24        1      
       Timer.oem4                   154     12        1      
       PowerCC32XX_asm.oem4         150     0         0      
       List.oem4                    76      0         0      
    +--+----------------------------+-------+---------+---------+
       Total:                       5498    172       670    
                                                             
    C:\ti\ccsv8\tools\compiler\ti-cgt-arm_18.1.4.LTS\lib\rtsv7M4_T_le_eabi.lib
       memory.c.obj                 492     0         12     
       memcpy_t2.asm.obj            156     0         0      
       ull_div_t2.asm.obj           150     0         0      
       fs_mul_t2.asm.obj            122     0         0      
       copy_decompress_lzss.c.obj   104     0         0      
       autoinit.c.obj               68      0         0      
       fs_toi_t2.asm.obj            56      0         0      
       boot_cortex_m.c.obj          40      0         0      
       u_tofs_t2.asm.obj            36      0         0      
       ll_mul_t2.asm.obj            24      0         0      
       copy_zero_init.c.obj         18      0         0      
       copy_decompress_none.c.obj   14      0         0      
       _lock.c.obj                  2       0         8      
       exit.c.obj                   4       0         0      
       pre_init.c.obj               4       0         0      
       div0.asm.obj                 2       0         0      
    +--+----------------------------+-------+---------+---------+
       Total:                       1292    0         20     
                                                             
       Heap:                        0       0         32768  
       Stack:                       0       0         4096   
       Linker Generated:            0       239       0      
    +--+----------------------------+-------+---------+---------+
       Grand Total:                 12504   1236      39825  


LINKER GENERATED COPY TABLES

__TI_cinit_table @ 2000fe28 records: 2, size/record: 8, table size: 16
	.data: load addr=2000fd48, load size=000000cb bytes, run addr=2000f118, run size=000005b8 bytes, compression=lzss
	.bss: load addr=2000fe20, load size=00000008 bytes, run addr=2000fa78, run size=000002d0 bytes, compression=zero_init


LINKER GENERATED HANDLER TABLE

__TI_handler_table @ 2000fe14 records: 3, size/record: 4, table size: 12
	index: 0, handler: __TI_decompress_lzss
	index: 1, handler: __TI_decompress_none
	index: 2, handler: __TI_zero_init


GLOBAL SYMBOLS: SORTED ALPHABETICALLY BY Name 

address   name                             
-------   ----                             
2000fa4c  ADC_count                        
2000f111  C$$EXIT                          
2000f091  CC3220S_LAUNCHXL_initGeneral     
2000eed5  CPUcpsid                         
2000fa4d  Capture_count                    
2000efb9  ClockP_add                       
2000fd18  ClockP_ctrl                      
2000e5d5  ClockP_destruct                  
2000e375  ClockP_doTick                    
2000efc9  ClockP_getCpuFreq                
2000efd9  ClockP_getSystemTicks            
2000e935  ClockP_getTicksUntilInterrupt    
2000f0c1  ClockP_isActive                  
2000efe9  ClockP_setTicks                  
2000db85  ClockP_start                     
2000e969  ClockP_startup                   
2000e331  ClockP_stop                      
2000e375  ClockP_sysTickHandler            
2000f6c8  ClockP_tickPeriod                
2000e181  ClockP_usleep                    
2000fa4e  CryptoCC32XX_count               
2000fa4f  Display_count                    
2000e1c9  FlashDisable                     
2000ef4d  HwiP_Params_init                 
2000f059  HwiP_clearInterrupt              
2000d539  HwiP_construct                   
2000ea69  HwiP_create                      
2000eff9  HwiP_delete                      
2000ec69  HwiP_destruct                    
2000f067  HwiP_disable                     
2000ebfd  HwiP_dispatch                    
2000f075  HwiP_enable                      
2000eee9  HwiP_inISR                       
2000f6c0  HwiP_key                         
2000f105  HwiP_post                        
2000f009  HwiP_restore                     
2000f6c4  HwiP_swiPIntNum                  
2000ecc9  I2CIntRegister                   
2000ee7d  I2CMasterDisable                 
2000f019  I2CSlaveDataGet                  
2000ece7  I2CSlaveDisable                  
2000ed05  I2CSlaveEnable                   
2000edb5  I2CSlaveInit                     
2000ef5f  I2CSlaveIntClear                 
2000edeb  I2CSlaveIntEnable                
2000f09d  I2C_Slave_Get_Data               
2000eae9  I2C_Slave_Store_Data             
2000dbe5  I2C_Slave_init                   
2000fa50  I2C_count                        
2000fa51  I2S_count                        
2000cfa5  IntEnable                        
2000f0cb  IntMasterDisable                 
2000dd61  IntPendClear                     
2000d5c5  IntPendSet                       
2000ec89  IntRegister                      
2000eefd  IntVTableBaseSet                 
2000ebb1  List_put                         
2000ebd7  List_remove                      
2000f075  NoRTOS_start                     
2000c041  PRCMCC3200MCUInit                
2000ee93  PRCMHIBRegRead                   
2000eea9  PRCMHIBRegWrite                  
2000e211  PRCMLPDSEnter                    
2000e7b1  PRCMLPDSEnterKeepDebugIf         
2000e3b9  PRCMLPDSRestoreInfoSet           
2000eb11  PRCMPeripheralClkDisable         
2000e259  PRCMPeripheralClkEnable          
2000ddb9  PRCMPeripheralReset              
2000dc45  PRCMSysResetCauseGet             
2000d64d  PWMTimerCC32XX_close             
2000f0f3  PWMTimerCC32XX_control           
2000f930  PWMTimerCC32XX_fxnTable          
2000d4a7  PWMTimerCC32XX_init              
2000cad1  PWMTimerCC32XX_open              
2000ce41  PWMTimerCC32XX_setDuty           
2000c751  PWMTimerCC32XX_setDutyAndPeriod  
2000d379  PWMTimerCC32XX_setPeriod         
2000da51  PWMTimerCC32XX_start             
2000cd7d  PWMTimerCC32XX_stop              
2000ef11  PWM_Params_init                  
2000f878  PWM_config                       
2000fa52  PWM_count                        
2000f9b4  PWM_defaultParams                
2000e3fd  PWM_init                         
2000e611  PWM_open                         
2000f0d5  PWM_setDuty                      
2000f0df  PWM_start                        
2000d6d5  PinConfigSet                     
2000e99d  PinModeGet                       
2000e595  PinModeSet                       
2000ed61  PinToPadGet                      
2000ed7d  PinTypeI2C                       
2000f8c0  PowerCC32XX_config               
2000d04d  PowerCC32XX_configureWakeup      
2000fa78  PowerCC32XX_contextSave          
2000e441  PowerCC32XX_enterLPDS            
2000d9d7  PowerCC32XX_initPolicy           
2000f424  PowerCC32XX_module               
2000e005  PowerCC32XX_parkPin              
2000ea39  PowerCC32XX_restoreParkedPin     
2000debf  PowerCC32XX_resumeLPDS           
2000db21  PowerCC32XX_setParkState         
2000c46d  PowerCC32XX_sleepPolicy          
2000ef25  Power_disablePolicy              
2000f029  Power_enablePolicy               
2000f0a9  Power_getConstraintMask          
2000ef39  Power_getDependencyCount         
2000ee05  Power_idleFunc                   
2000d75d  Power_init                       
2000eb39  Power_registerNotify             
2000e2a1  Power_releaseConstraint          
2000de11  Power_releaseDependency          
2000e64d  Power_setConstraint              
2000d865  Power_setDependency              
2000c9b9  Power_sleep                      
2000eca9  Power_unregisterNotify           
2000fa53  SDFatFS_count                    
2000fa54  SD_count                         
2000fa55  SPI_count                        
2000f039  SemaphoreP_Params_init           
2000df65  SemaphoreP_construct             
2000eebf  SemaphoreP_create                
2000f6b8  SemaphoreP_defaultParams         
2000f109  SemaphoreP_delete                
2000df63  SemaphoreP_destruct              
2000d23d  SemaphoreP_pend                  
2000e485  SemaphoreP_post                  
2000ed99  SwiP_disable                     
2000e4c9  SwiP_restore                     
2000dfb5  TimerCC32XX_allocateTimerResource
2000e701  TimerCC32XX_close                
2000f0f9  TimerCC32XX_control              
2000e9d1  TimerCC32XX_freeTimerResource    
2000f998  TimerCC32XX_fxnTable             
2000ee1d  TimerCC32XX_getCount             
2000e32f  TimerCC32XX_init                 
2000c891  TimerCC32XX_open                 
2000d95f  TimerCC32XX_start                
2000de69  TimerCC32XX_stop                 
2000e8ff  TimerControlStall                
2000ed23  TimerDisable                     
2000ed41  TimerEnable                      
2000ef71  TimerIntClear                    
2000ee35  TimerIntDisable                  
2000ee4d  TimerIntEnable                   
2000ea93  TimerLoadSet                     
2000eabd  TimerPrescaleSet                 
2000f049  Timer_Params_init                
2000f954  Timer_config                     
2000fa56  Timer_count                      
2000e50d  Timer_init                       
2000e689  Timer_open                       
2000f0e9  Timer_start                      
2000fa57  UART_count                       
2000f0ff  UtilsDelay                       
2000fa58  Watchdog_count                   
20004000  __STACK_END                      
00001000  __STACK_SIZE                     
00008000  __SYSMEM_SIZE                    
2000fe28  __TI_CINIT_Base                  
2000fe38  __TI_CINIT_Limit                 
2000fe14  __TI_Handler_Table_Base          
2000fe20  __TI_Handler_Table_Limit         
2000e551  __TI_auto_init_nobinit_nopinit   
2000dab9  __TI_decompress_lzss             
2000f083  __TI_decompress_none             
ffffffff  __TI_pprof_out_hndl              
ffffffff  __TI_prof_data_size              
ffffffff  __TI_prof_data_start             
2000fd48  __TI_static_base__               
2000ef83  __TI_zero_init_nomemset          
2000e891  __aeabi_f2iz                     
2000d8e5  __aeabi_fmul                     
2000f117  __aeabi_idiv0                    
2000f117  __aeabi_ldiv0                    
2000ee65  __aeabi_lmul                     
2000d2dd  __aeabi_memcpy                   
2000d2dd  __aeabi_memcpy4                  
2000d2dd  __aeabi_memcpy8                  
2000ec21  __aeabi_ui2f                     
2000d411  __aeabi_uldivmod                 
ffffffff  __binit__                        
ffffffff  __c_args__                       
UNDEFED   __mpu_init                       
20003000  __stack                          
2000eb61  _c_int00_noargs                  
2000f6b0  _lock                            
2000e7af  _nop                             
20004040  _sys_memory                      
UNDEFED   _system_post_cinit               
2000f10d  _system_pre_init                 
2000f6b4  _unlock                          
2000f111  abort                            
ffffffff  binit                            
2000ed5f  clkFxn                           
2000f688  data                             
2000fd44  data_ready                       
2000f68e  duty                             
2000f6a0  duty3                            
2000f690  dutyInc                          
2000cca5  free                             
2000e7e9  initVectors                      
2000ef95  main                             
2000cbc1  mainThread                       
2000d9d9  malloc                           
2000d2dd  memcpy                           
2000e821  minit                            
2000f590  parkInfo                         
2000f694  pwm1                             
2000f698  pwm2                             
2000f69c  pwm3                             
2000f68c  pwmPeriod                        
2000fa14  pwmTimerCC3220SHWAttrs           
2000fba4  pwmTimerCC3220SObjects           
2000edd1  resetISR                         
2000ede4  resetVectorAddr                  
20004000  resetVectors                     
2000f900  timerCC3220SHWAttrs              
2000fc7c  timerCC3220SObjects              
2000d199  timerCallback                    
2000e181  usleep                           


GLOBAL SYMBOLS: SORTED BY Symbol Address 

address   name                             
-------   ----                             
00001000  __STACK_SIZE                     
00008000  __SYSMEM_SIZE                    
20003000  __stack                          
20004000  __STACK_END                      
20004000  resetVectors                     
20004040  _sys_memory                      
2000c041  PRCMCC3200MCUInit                
2000c46d  PowerCC32XX_sleepPolicy          
2000c751  PWMTimerCC32XX_setDutyAndPeriod  
2000c891  TimerCC32XX_open                 
2000c9b9  Power_sleep                      
2000cad1  PWMTimerCC32XX_open              
2000cbc1  mainThread                       
2000cca5  free                             
2000cd7d  PWMTimerCC32XX_stop              
2000ce41  PWMTimerCC32XX_setDuty           
2000cfa5  IntEnable                        
2000d04d  PowerCC32XX_configureWakeup      
2000d199  timerCallback                    
2000d23d  SemaphoreP_pend                  
2000d2dd  __aeabi_memcpy                   
2000d2dd  __aeabi_memcpy4                  
2000d2dd  __aeabi_memcpy8                  
2000d2dd  memcpy                           
2000d379  PWMTimerCC32XX_setPeriod         
2000d411  __aeabi_uldivmod                 
2000d4a7  PWMTimerCC32XX_init              
2000d539  HwiP_construct                   
2000d5c5  IntPendSet                       
2000d64d  PWMTimerCC32XX_close             
2000d6d5  PinConfigSet                     
2000d75d  Power_init                       
2000d865  Power_setDependency              
2000d8e5  __aeabi_fmul                     
2000d95f  TimerCC32XX_start                
2000d9d7  PowerCC32XX_initPolicy           
2000d9d9  malloc                           
2000da51  PWMTimerCC32XX_start             
2000dab9  __TI_decompress_lzss             
2000db21  PowerCC32XX_setParkState         
2000db85  ClockP_start                     
2000dbe5  I2C_Slave_init                   
2000dc45  PRCMSysResetCauseGet             
2000dd61  IntPendClear                     
2000ddb9  PRCMPeripheralReset              
2000de11  Power_releaseDependency          
2000de69  TimerCC32XX_stop                 
2000debf  PowerCC32XX_resumeLPDS           
2000df63  SemaphoreP_destruct              
2000df65  SemaphoreP_construct             
2000dfb5  TimerCC32XX_allocateTimerResource
2000e005  PowerCC32XX_parkPin              
2000e181  ClockP_usleep                    
2000e181  usleep                           
2000e1c9  FlashDisable                     
2000e211  PRCMLPDSEnter                    
2000e259  PRCMPeripheralClkEnable          
2000e2a1  Power_releaseConstraint          
2000e32f  TimerCC32XX_init                 
2000e331  ClockP_stop                      
2000e375  ClockP_doTick                    
2000e375  ClockP_sysTickHandler            
2000e3b9  PRCMLPDSRestoreInfoSet           
2000e3fd  PWM_init                         
2000e441  PowerCC32XX_enterLPDS            
2000e485  SemaphoreP_post                  
2000e4c9  SwiP_restore                     
2000e50d  Timer_init                       
2000e551  __TI_auto_init_nobinit_nopinit   
2000e595  PinModeSet                       
2000e5d5  ClockP_destruct                  
2000e611  PWM_open                         
2000e64d  Power_setConstraint              
2000e689  Timer_open                       
2000e701  TimerCC32XX_close                
2000e7af  _nop                             
2000e7b1  PRCMLPDSEnterKeepDebugIf         
2000e7e9  initVectors                      
2000e821  minit                            
2000e891  __aeabi_f2iz                     
2000e8ff  TimerControlStall                
2000e935  ClockP_getTicksUntilInterrupt    
2000e969  ClockP_startup                   
2000e99d  PinModeGet                       
2000e9d1  TimerCC32XX_freeTimerResource    
2000ea39  PowerCC32XX_restoreParkedPin     
2000ea69  HwiP_create                      
2000ea93  TimerLoadSet                     
2000eabd  TimerPrescaleSet                 
2000eae9  I2C_Slave_Store_Data             
2000eb11  PRCMPeripheralClkDisable         
2000eb39  Power_registerNotify             
2000eb61  _c_int00_noargs                  
2000ebb1  List_put                         
2000ebd7  List_remove                      
2000ebfd  HwiP_dispatch                    
2000ec21  __aeabi_ui2f                     
2000ec69  HwiP_destruct                    
2000ec89  IntRegister                      
2000eca9  Power_unregisterNotify           
2000ecc9  I2CIntRegister                   
2000ece7  I2CSlaveDisable                  
2000ed05  I2CSlaveEnable                   
2000ed23  TimerDisable                     
2000ed41  TimerEnable                      
2000ed5f  clkFxn                           
2000ed61  PinToPadGet                      
2000ed7d  PinTypeI2C                       
2000ed99  SwiP_disable                     
2000edb5  I2CSlaveInit                     
2000edd1  resetISR                         
2000ede4  resetVectorAddr                  
2000edeb  I2CSlaveIntEnable                
2000ee05  Power_idleFunc                   
2000ee1d  TimerCC32XX_getCount             
2000ee35  TimerIntDisable                  
2000ee4d  TimerIntEnable                   
2000ee65  __aeabi_lmul                     
2000ee7d  I2CMasterDisable                 
2000ee93  PRCMHIBRegRead                   
2000eea9  PRCMHIBRegWrite                  
2000eebf  SemaphoreP_create                
2000eed5  CPUcpsid                         
2000eee9  HwiP_inISR                       
2000eefd  IntVTableBaseSet                 
2000ef11  PWM_Params_init                  
2000ef25  Power_disablePolicy              
2000ef39  Power_getDependencyCount         
2000ef4d  HwiP_Params_init                 
2000ef5f  I2CSlaveIntClear                 
2000ef71  TimerIntClear                    
2000ef83  __TI_zero_init_nomemset          
2000ef95  main                             
2000efb9  ClockP_add                       
2000efc9  ClockP_getCpuFreq                
2000efd9  ClockP_getSystemTicks            
2000efe9  ClockP_setTicks                  
2000eff9  HwiP_delete                      
2000f009  HwiP_restore                     
2000f019  I2CSlaveDataGet                  
2000f029  Power_enablePolicy               
2000f039  SemaphoreP_Params_init           
2000f049  Timer_Params_init                
2000f059  HwiP_clearInterrupt              
2000f067  HwiP_disable                     
2000f075  HwiP_enable                      
2000f075  NoRTOS_start                     
2000f083  __TI_decompress_none             
2000f091  CC3220S_LAUNCHXL_initGeneral     
2000f09d  I2C_Slave_Get_Data               
2000f0a9  Power_getConstraintMask          
2000f0c1  ClockP_isActive                  
2000f0cb  IntMasterDisable                 
2000f0d5  PWM_setDuty                      
2000f0df  PWM_start                        
2000f0e9  Timer_start                      
2000f0f3  PWMTimerCC32XX_control           
2000f0f9  TimerCC32XX_control              
2000f0ff  UtilsDelay                       
2000f105  HwiP_post                        
2000f109  SemaphoreP_delete                
2000f10d  _system_pre_init                 
2000f111  C$$EXIT                          
2000f111  abort                            
2000f117  __aeabi_idiv0                    
2000f117  __aeabi_ldiv0                    
2000f424  PowerCC32XX_module               
2000f590  parkInfo                         
2000f688  data                             
2000f68c  pwmPeriod                        
2000f68e  duty                             
2000f690  dutyInc                          
2000f694  pwm1                             
2000f698  pwm2                             
2000f69c  pwm3                             
2000f6a0  duty3                            
2000f6b0  _lock                            
2000f6b4  _unlock                          
2000f6b8  SemaphoreP_defaultParams         
2000f6c0  HwiP_key                         
2000f6c4  HwiP_swiPIntNum                  
2000f6c8  ClockP_tickPeriod                
2000f878  PWM_config                       
2000f8c0  PowerCC32XX_config               
2000f900  timerCC3220SHWAttrs              
2000f930  PWMTimerCC32XX_fxnTable          
2000f954  Timer_config                     
2000f998  TimerCC32XX_fxnTable             
2000f9b4  PWM_defaultParams                
2000fa14  pwmTimerCC3220SHWAttrs           
2000fa4c  ADC_count                        
2000fa4d  Capture_count                    
2000fa4e  CryptoCC32XX_count               
2000fa4f  Display_count                    
2000fa50  I2C_count                        
2000fa51  I2S_count                        
2000fa52  PWM_count                        
2000fa53  SDFatFS_count                    
2000fa54  SD_count                         
2000fa55  SPI_count                        
2000fa56  Timer_count                      
2000fa57  UART_count                       
2000fa58  Watchdog_count                   
2000fa78  PowerCC32XX_contextSave          
2000fba4  pwmTimerCC3220SObjects           
2000fc7c  timerCC3220SObjects              
2000fd18  ClockP_ctrl                      
2000fd44  data_ready                       
2000fd48  __TI_static_base__               
2000fe14  __TI_Handler_Table_Base          
2000fe20  __TI_Handler_Table_Limit         
2000fe28  __TI_CINIT_Base                  
2000fe38  __TI_CINIT_Limit                 
ffffffff  __TI_pprof_out_hndl              
ffffffff  __TI_prof_data_size              
ffffffff  __TI_prof_data_start             
ffffffff  __binit__                        
ffffffff  __c_args__                       
ffffffff  binit                            
UNDEFED   __mpu_init                       
UNDEFED   _system_post_cinit               

[221 symbols]
