<?xml version="1.0" encoding="ISO-8859-1" ?>
<link_info>
   <banner>TI ARM Linker PC v18.1.4.LTS</banner>
   <copyright>Copyright (c) 1996-2018 Texas Instruments Incorporated</copyright>
   <link_time>0x5c8b46e3</link_time>
   <link_errors>0x0</link_errors>
   <output_file>pwmled2_CC3220S_LAUNCHXL_nortos_ccs.out</output_file>
   <entry_point>
      <name>resetISR</name>
      <address>0x2000e2d9</address>
   </entry_point>
   <input_file_list>
      <input_file id="fl-2">
         <path>.\</path>
         <kind>object</kind>
         <file>CC3220S_LAUNCHXL.obj</file>
         <name>CC3220S_LAUNCHXL.obj</name>
      </input_file>
      <input_file id="fl-3">
         <path>.\</path>
         <kind>object</kind>
         <file>main_nortos.obj</file>
         <name>main_nortos.obj</name>
      </input_file>
      <input_file id="fl-4">
         <path>.\</path>
         <kind>object</kind>
         <file>pwmled2.obj</file>
         <name>pwmled2.obj</name>
      </input_file>
      <input_file id="fl-f">
         <kind>object</kind>
         <file>&lt;internal&gt;</file>
         <name>&lt;internal&gt;</name>
      </input_file>
      <input_file id="fl-10">
         <path>C:\ti\simplelink_cc32xx_sdk_2_40_02_00\source\ti\display\lib\</path>
         <kind>archive</kind>
         <file>display.aem4</file>
         <name>DisplayUart.oem4</name>
      </input_file>
      <input_file id="fl-11">
         <path>C:\ti\simplelink_cc32xx_sdk_2_40_02_00\source\ti\drivers\lib\</path>
         <kind>archive</kind>
         <file>drivers_cc32xx.aem4</file>
         <name>ADCCC32XX.oem4</name>
      </input_file>
      <input_file id="fl-12">
         <path>C:\ti\simplelink_cc32xx_sdk_2_40_02_00\source\ti\drivers\lib\</path>
         <kind>archive</kind>
         <file>drivers_cc32xx.aem4</file>
         <name>CaptureCC32XX.oem4</name>
      </input_file>
      <input_file id="fl-13">
         <path>C:\ti\simplelink_cc32xx_sdk_2_40_02_00\source\ti\drivers\lib\</path>
         <kind>archive</kind>
         <file>drivers_cc32xx.aem4</file>
         <name>I2CCC32XX.oem4</name>
      </input_file>
      <input_file id="fl-14">
         <path>C:\ti\simplelink_cc32xx_sdk_2_40_02_00\source\ti\drivers\lib\</path>
         <kind>archive</kind>
         <file>drivers_cc32xx.aem4</file>
         <name>I2SCC32XXDMA.oem4</name>
      </input_file>
      <input_file id="fl-15">
         <path>C:\ti\simplelink_cc32xx_sdk_2_40_02_00\source\ti\drivers\lib\</path>
         <kind>archive</kind>
         <file>drivers_cc32xx.aem4</file>
         <name>PowerCC32XX.oem4</name>
      </input_file>
      <input_file id="fl-16">
         <path>C:\ti\simplelink_cc32xx_sdk_2_40_02_00\source\ti\drivers\lib\</path>
         <kind>archive</kind>
         <file>drivers_cc32xx.aem4</file>
         <name>PowerCC32XX_asm.oem4</name>
      </input_file>
      <input_file id="fl-17">
         <path>C:\ti\simplelink_cc32xx_sdk_2_40_02_00\source\ti\drivers\lib\</path>
         <kind>archive</kind>
         <file>drivers_cc32xx.aem4</file>
         <name>PWM.oem4</name>
      </input_file>
      <input_file id="fl-18">
         <path>C:\ti\simplelink_cc32xx_sdk_2_40_02_00\source\ti\drivers\lib\</path>
         <kind>archive</kind>
         <file>drivers_cc32xx.aem4</file>
         <name>PWMTimerCC32XX.oem4</name>
      </input_file>
      <input_file id="fl-19">
         <path>C:\ti\simplelink_cc32xx_sdk_2_40_02_00\source\ti\drivers\lib\</path>
         <kind>archive</kind>
         <file>drivers_cc32xx.aem4</file>
         <name>SDHostCC32XX.oem4</name>
      </input_file>
      <input_file id="fl-1a">
         <path>C:\ti\simplelink_cc32xx_sdk_2_40_02_00\source\ti\drivers\lib\</path>
         <kind>archive</kind>
         <file>drivers_cc32xx.aem4</file>
         <name>SPICC32XXDMA.oem4</name>
      </input_file>
      <input_file id="fl-1b">
         <path>C:\ti\simplelink_cc32xx_sdk_2_40_02_00\source\ti\drivers\lib\</path>
         <kind>archive</kind>
         <file>drivers_cc32xx.aem4</file>
         <name>TimerCC32XX.oem4</name>
      </input_file>
      <input_file id="fl-1c">
         <path>C:\ti\simplelink_cc32xx_sdk_2_40_02_00\source\ti\drivers\lib\</path>
         <kind>archive</kind>
         <file>drivers_cc32xx.aem4</file>
         <name>UART.oem4</name>
      </input_file>
      <input_file id="fl-1d">
         <path>C:\ti\simplelink_cc32xx_sdk_2_40_02_00\source\ti\drivers\lib\</path>
         <kind>archive</kind>
         <file>drivers_cc32xx.aem4</file>
         <name>UARTCC32XX.oem4</name>
      </input_file>
      <input_file id="fl-1e">
         <path>C:\ti\simplelink_cc32xx_sdk_2_40_02_00\source\ti\drivers\lib\</path>
         <kind>archive</kind>
         <file>drivers_cc32xx.aem4</file>
         <name>WatchdogCC32XX.oem4</name>
      </input_file>
      <input_file id="fl-1f">
         <path>C:\ti\simplelink_cc32xx_sdk_2_40_02_00\source\ti\drivers\lib\</path>
         <kind>archive</kind>
         <file>drivers_cc32xx.aem4</file>
         <name>List.oem4</name>
      </input_file>
      <input_file id="fl-20">
         <path>C:\ti\simplelink_cc32xx_sdk_2_40_02_00\source\ti\drivers\lib\</path>
         <kind>archive</kind>
         <file>drivers_cc32xx.aem4</file>
         <name>RingBuf.oem4</name>
      </input_file>
      <input_file id="fl-21">
         <path>C:\ti\simplelink_cc32xx_sdk_2_40_02_00\source\ti\drivers\lib\</path>
         <kind>archive</kind>
         <file>drivers_cc32xx.aem4</file>
         <name>UDMACC32XX.oem4</name>
      </input_file>
      <input_file id="fl-22">
         <path>C:\ti\simplelink_cc32xx_sdk_2_40_02_00\kernel\nortos\lib\</path>
         <kind>archive</kind>
         <file>nortos_cc32xx.aem4</file>
         <name>posix_sleep.oem4</name>
      </input_file>
      <input_file id="fl-23">
         <path>C:\ti\simplelink_cc32xx_sdk_2_40_02_00\kernel\nortos\lib\</path>
         <kind>archive</kind>
         <file>nortos_cc32xx.aem4</file>
         <name>NoRTOS.oem4</name>
      </input_file>
      <input_file id="fl-24">
         <path>C:\ti\simplelink_cc32xx_sdk_2_40_02_00\kernel\nortos\lib\</path>
         <kind>archive</kind>
         <file>nortos_cc32xx.aem4</file>
         <name>SemaphoreP_nortos.oem4</name>
      </input_file>
      <input_file id="fl-25">
         <path>C:\ti\simplelink_cc32xx_sdk_2_40_02_00\kernel\nortos\lib\</path>
         <kind>archive</kind>
         <file>nortos_cc32xx.aem4</file>
         <name>SystemP_nortos.oem4</name>
      </input_file>
      <input_file id="fl-26">
         <path>C:\ti\simplelink_cc32xx_sdk_2_40_02_00\kernel\nortos\lib\</path>
         <kind>archive</kind>
         <file>nortos_cc32xx.aem4</file>
         <name>ClockPSysTick_nortos.oem4</name>
      </input_file>
      <input_file id="fl-27">
         <path>C:\ti\simplelink_cc32xx_sdk_2_40_02_00\kernel\nortos\lib\</path>
         <kind>archive</kind>
         <file>nortos_cc32xx.aem4</file>
         <name>HwiPCC32XX_nortos.oem4</name>
      </input_file>
      <input_file id="fl-28">
         <path>C:\ti\simplelink_cc32xx_sdk_2_40_02_00\kernel\nortos\lib\</path>
         <kind>archive</kind>
         <file>nortos_cc32xx.aem4</file>
         <name>PowerCC32XX_nortos.oem4</name>
      </input_file>
      <input_file id="fl-29">
         <path>C:\ti\simplelink_cc32xx_sdk_2_40_02_00\kernel\nortos\lib\</path>
         <kind>archive</kind>
         <file>nortos_cc32xx.aem4</file>
         <name>startup_cc32xx_ccs.oem4</name>
      </input_file>
      <input_file id="fl-2a">
         <path>C:\ti\simplelink_cc32xx_sdk_2_40_02_00\kernel\nortos\lib\</path>
         <kind>archive</kind>
         <file>nortos_cc32xx.aem4</file>
         <name>SwiP_nortos.oem4</name>
      </input_file>
      <input_file id="fl-2b">
         <path>C:\ti\simplelink_cc32xx_sdk_2_40_02_00\kernel\nortos\lib\</path>
         <kind>archive</kind>
         <file>nortos_cc32xx.aem4</file>
         <name>QueueP_nortos.oem4</name>
      </input_file>
      <input_file id="fl-2c">
         <path>C:\ti\simplelink_cc32xx_sdk_2_40_02_00\source\ti\devices\cc32xx\driverlib\ccs\Release\</path>
         <kind>archive</kind>
         <file>driverlib.a</file>
         <name>interrupt.obj</name>
      </input_file>
      <input_file id="fl-2d">
         <path>C:\ti\simplelink_cc32xx_sdk_2_40_02_00\source\ti\devices\cc32xx\driverlib\ccs\Release\</path>
         <kind>archive</kind>
         <file>driverlib.a</file>
         <name>pin.obj</name>
      </input_file>
      <input_file id="fl-2e">
         <path>C:\ti\simplelink_cc32xx_sdk_2_40_02_00\source\ti\devices\cc32xx\driverlib\ccs\Release\</path>
         <kind>archive</kind>
         <file>driverlib.a</file>
         <name>prcm.obj</name>
      </input_file>
      <input_file id="fl-2f">
         <path>C:\ti\simplelink_cc32xx_sdk_2_40_02_00\source\ti\devices\cc32xx\driverlib\ccs\Release\</path>
         <kind>archive</kind>
         <file>driverlib.a</file>
         <name>sdhost.obj</name>
      </input_file>
      <input_file id="fl-30">
         <path>C:\ti\simplelink_cc32xx_sdk_2_40_02_00\source\ti\devices\cc32xx\driverlib\ccs\Release\</path>
         <kind>archive</kind>
         <file>driverlib.a</file>
         <name>timer.obj</name>
      </input_file>
      <input_file id="fl-31">
         <path>C:\ti\simplelink_cc32xx_sdk_2_40_02_00\source\ti\devices\cc32xx\driverlib\ccs\Release\</path>
         <kind>archive</kind>
         <file>driverlib.a</file>
         <name>uart.obj</name>
      </input_file>
      <input_file id="fl-32">
         <path>C:\ti\simplelink_cc32xx_sdk_2_40_02_00\source\ti\devices\cc32xx\driverlib\ccs\Release\</path>
         <kind>archive</kind>
         <file>driverlib.a</file>
         <name>udma.obj</name>
      </input_file>
      <input_file id="fl-33">
         <path>C:\ti\simplelink_cc32xx_sdk_2_40_02_00\source\ti\devices\cc32xx\driverlib\ccs\Release\</path>
         <kind>archive</kind>
         <file>driverlib.a</file>
         <name>utils.obj</name>
      </input_file>
      <input_file id="fl-34">
         <path>C:\ti\simplelink_cc32xx_sdk_2_40_02_00\source\ti\devices\cc32xx\driverlib\ccs\Release\</path>
         <kind>archive</kind>
         <file>driverlib.a</file>
         <name>cpu.obj</name>
      </input_file>
      <input_file id="fl-35">
         <path>C:\ti\simplelink_cc32xx_sdk_2_40_02_00\source\ti\devices\cc32xx\driverlib\ccs\Release\</path>
         <kind>archive</kind>
         <file>driverlib.a</file>
         <name>flash.obj</name>
      </input_file>
      <input_file id="fl-eb">
         <path>C:\ti\ccsv8\tools\compiler\ti-cgt-arm_18.1.4.LTS\lib\</path>
         <kind>archive</kind>
         <file>rtsv7M4_T_le_eabi.lib</file>
         <name>u_divt2.asm.obj</name>
      </input_file>
      <input_file id="fl-ec">
         <path>C:\ti\ccsv8\tools\compiler\ti-cgt-arm_18.1.4.LTS\lib\</path>
         <kind>archive</kind>
         <file>rtsv7M4_T_le_eabi.lib</file>
         <name>fd_add_t2.asm.obj</name>
      </input_file>
      <input_file id="fl-ed">
         <path>C:\ti\ccsv8\tools\compiler\ti-cgt-arm_18.1.4.LTS\lib\</path>
         <kind>archive</kind>
         <file>rtsv7M4_T_le_eabi.lib</file>
         <name>fd_cmp_t2.asm.obj</name>
      </input_file>
      <input_file id="fl-ee">
         <path>C:\ti\ccsv8\tools\compiler\ti-cgt-arm_18.1.4.LTS\lib\</path>
         <kind>archive</kind>
         <file>rtsv7M4_T_le_eabi.lib</file>
         <name>fd_mul_t2.asm.obj</name>
      </input_file>
      <input_file id="fl-ef">
         <path>C:\ti\ccsv8\tools\compiler\ti-cgt-arm_18.1.4.LTS\lib\</path>
         <kind>archive</kind>
         <file>rtsv7M4_T_le_eabi.lib</file>
         <name>fd_toi_t2.asm.obj</name>
      </input_file>
      <input_file id="fl-f0">
         <path>C:\ti\ccsv8\tools\compiler\ti-cgt-arm_18.1.4.LTS\lib\</path>
         <kind>archive</kind>
         <file>rtsv7M4_T_le_eabi.lib</file>
         <name>fd_tou_t2.asm.obj</name>
      </input_file>
      <input_file id="fl-f1">
         <path>C:\ti\ccsv8\tools\compiler\ti-cgt-arm_18.1.4.LTS\lib\</path>
         <kind>archive</kind>
         <file>rtsv7M4_T_le_eabi.lib</file>
         <name>i_tofd_t2.asm.obj</name>
      </input_file>
      <input_file id="fl-f2">
         <path>C:\ti\ccsv8\tools\compiler\ti-cgt-arm_18.1.4.LTS\lib\</path>
         <kind>archive</kind>
         <file>rtsv7M4_T_le_eabi.lib</file>
         <name>ll_mul_t2.asm.obj</name>
      </input_file>
      <input_file id="fl-f3">
         <path>C:\ti\ccsv8\tools\compiler\ti-cgt-arm_18.1.4.LTS\lib\</path>
         <kind>archive</kind>
         <file>rtsv7M4_T_le_eabi.lib</file>
         <name>memcpy_t2.asm.obj</name>
      </input_file>
      <input_file id="fl-f4">
         <path>C:\ti\ccsv8\tools\compiler\ti-cgt-arm_18.1.4.LTS\lib\</path>
         <kind>archive</kind>
         <file>rtsv7M4_T_le_eabi.lib</file>
         <name>u_tofd_t2.asm.obj</name>
      </input_file>
      <input_file id="fl-f5">
         <path>C:\ti\ccsv8\tools\compiler\ti-cgt-arm_18.1.4.LTS\lib\</path>
         <kind>archive</kind>
         <file>rtsv7M4_T_le_eabi.lib</file>
         <name>ull_div_t2.asm.obj</name>
      </input_file>
      <input_file id="fl-f6">
         <path>C:\ti\ccsv8\tools\compiler\ti-cgt-arm_18.1.4.LTS\lib\</path>
         <kind>archive</kind>
         <file>rtsv7M4_T_le_eabi.lib</file>
         <name>memset_t2.asm.obj</name>
      </input_file>
      <input_file id="fl-f7">
         <path>C:\ti\ccsv8\tools\compiler\ti-cgt-arm_18.1.4.LTS\lib\</path>
         <kind>archive</kind>
         <file>rtsv7M4_T_le_eabi.lib</file>
         <name>copy_zero_init.c.obj</name>
      </input_file>
      <input_file id="fl-f8">
         <path>C:\ti\ccsv8\tools\compiler\ti-cgt-arm_18.1.4.LTS\lib\</path>
         <kind>archive</kind>
         <file>rtsv7M4_T_le_eabi.lib</file>
         <name>copy_decompress_none.c.obj</name>
      </input_file>
      <input_file id="fl-f9">
         <path>C:\ti\ccsv8\tools\compiler\ti-cgt-arm_18.1.4.LTS\lib\</path>
         <kind>archive</kind>
         <file>rtsv7M4_T_le_eabi.lib</file>
         <name>copy_decompress_lzss.c.obj</name>
      </input_file>
      <input_file id="fl-fa">
         <path>C:\ti\ccsv8\tools\compiler\ti-cgt-arm_18.1.4.LTS\lib\</path>
         <kind>archive</kind>
         <file>rtsv7M4_T_le_eabi.lib</file>
         <name>boot_cortex_m.c.obj</name>
      </input_file>
      <input_file id="fl-fb">
         <path>C:\ti\ccsv8\tools\compiler\ti-cgt-arm_18.1.4.LTS\lib\</path>
         <kind>archive</kind>
         <file>rtsv7M4_T_le_eabi.lib</file>
         <name>exit.c.obj</name>
      </input_file>
      <input_file id="fl-fc">
         <path>C:\ti\ccsv8\tools\compiler\ti-cgt-arm_18.1.4.LTS\lib\</path>
         <kind>archive</kind>
         <file>rtsv7M4_T_le_eabi.lib</file>
         <name>memory.c.obj</name>
      </input_file>
      <input_file id="fl-fd">
         <path>C:\ti\ccsv8\tools\compiler\ti-cgt-arm_18.1.4.LTS\lib\</path>
         <kind>archive</kind>
         <file>rtsv7M4_T_le_eabi.lib</file>
         <name>_lock.c.obj</name>
      </input_file>
      <input_file id="fl-fe">
         <path>C:\ti\ccsv8\tools\compiler\ti-cgt-arm_18.1.4.LTS\lib\</path>
         <kind>archive</kind>
         <file>rtsv7M4_T_le_eabi.lib</file>
         <name>args_main.c.obj</name>
      </input_file>
      <input_file id="fl-ff">
         <path>C:\ti\ccsv8\tools\compiler\ti-cgt-arm_18.1.4.LTS\lib\</path>
         <kind>archive</kind>
         <file>rtsv7M4_T_le_eabi.lib</file>
         <name>strlen.c.obj</name>
      </input_file>
      <input_file id="fl-100">
         <path>C:\ti\ccsv8\tools\compiler\ti-cgt-arm_18.1.4.LTS\lib\</path>
         <kind>archive</kind>
         <file>rtsv7M4_T_le_eabi.lib</file>
         <name>div0.asm.obj</name>
      </input_file>
      <input_file id="fl-101">
         <path>C:\ti\ccsv8\tools\compiler\ti-cgt-arm_18.1.4.LTS\lib\</path>
         <kind>archive</kind>
         <file>rtsv7M4_T_le_eabi.lib</file>
         <name>autoinit.c.obj</name>
      </input_file>
      <input_file id="fl-102">
         <path>C:\ti\ccsv8\tools\compiler\ti-cgt-arm_18.1.4.LTS\lib\</path>
         <kind>archive</kind>
         <file>rtsv7M4_T_le_eabi.lib</file>
         <name>pre_init.c.obj</name>
      </input_file>
      <input_file id="fl-103">
         <path>C:\ti\ccsv8\tools\compiler\ti-cgt-arm_18.1.4.LTS\lib\</path>
         <kind>archive</kind>
         <file>rtsv7M4_T_le_eabi.lib</file>
         <name>cpy_tbl.c.obj</name>
      </input_file>
   </input_file_list>
   <object_component_list>
      <object_component id="oc-265">
         <name>.text:PRCMCC3200MCUInit</name>
         <load_address>0x2000c040</load_address>
         <run_address>0x2000c040</run_address>
         <size>0x42c</size>
         <input_file_ref idref="fl-2e"/>
      </object_component>
      <object_component id="oc-37f">
         <name>.text:PowerCC32XX_sleepPolicy</name>
         <load_address>0x2000c46c</load_address>
         <run_address>0x2000c46c</run_address>
         <size>0x19c</size>
         <input_file_ref idref="fl-28"/>
      </object_component>
      <object_component id="oc-4bd">
         <name>.text:parkPins</name>
         <load_address>0x2000c608</load_address>
         <run_address>0x2000c608</run_address>
         <size>0x148</size>
         <input_file_ref idref="fl-15"/>
      </object_component>
      <object_component id="oc-454">
         <name>.text:PWMTimerCC32XX_setDutyAndPeriod</name>
         <load_address>0x2000c750</load_address>
         <run_address>0x2000c750</run_address>
         <size>0x140</size>
         <input_file_ref idref="fl-18"/>
      </object_component>
      <object_component id="oc-40f">
         <name>.text:Power_sleep</name>
         <load_address>0x2000c890</load_address>
         <run_address>0x2000c890</run_address>
         <size>0x118</size>
         <input_file_ref idref="fl-15"/>
      </object_component>
      <object_component id="oc-442">
         <name>.text:PWMTimerCC32XX_open</name>
         <load_address>0x2000c9a8</load_address>
         <run_address>0x2000c9a8</run_address>
         <size>0xf0</size>
         <input_file_ref idref="fl-18"/>
      </object_component>
      <object_component id="oc-460">
         <name>.text:PWMTimerCC32XX_stop</name>
         <load_address>0x2000ca98</load_address>
         <run_address>0x2000ca98</run_address>
         <size>0xc4</size>
         <input_file_ref idref="fl-18"/>
      </object_component>
      <object_component id="oc-153">
         <name>.text:mainThread</name>
         <load_address>0x2000cb5c</load_address>
         <run_address>0x2000cb5c</run_address>
         <size>0xbc</size>
         <input_file_ref idref="fl-4"/>
      </object_component>
      <object_component id="oc-448">
         <name>.text:PWMTimerCC32XX_setDuty</name>
         <load_address>0x2000cc18</load_address>
         <run_address>0x2000cc18</run_address>
         <size>0xb8</size>
         <input_file_ref idref="fl-18"/>
      </object_component>
      <object_component id="oc-4da">
         <name>.text:restoreParkedPins</name>
         <load_address>0x2000ccd0</load_address>
         <run_address>0x2000ccd0</run_address>
         <size>0xac</size>
         <input_file_ref idref="fl-15"/>
      </object_component>
      <object_component id="oc-b0">
         <name>.text:IntEnable</name>
         <load_address>0x2000cd7c</load_address>
         <run_address>0x2000cd7c</run_address>
         <size>0xa8</size>
         <input_file_ref idref="fl-2c"/>
      </object_component>
      <object_component id="oc-2fc">
         <name>.text:PowerCC32XX_configureWakeup</name>
         <load_address>0x2000ce24</load_address>
         <run_address>0x2000ce24</run_address>
         <size>0xa8</size>
         <input_file_ref idref="fl-15"/>
      </object_component>
      <object_component id="oc-532">
         <name>.text:initHw</name>
         <load_address>0x2000cecc</load_address>
         <run_address>0x2000cecc</run_address>
         <size>0xa4</size>
         <input_file_ref idref="fl-18"/>
      </object_component>
      <object_component id="oc-3b4">
         <name>.text:SemaphoreP_pend</name>
         <load_address>0x2000cf70</load_address>
         <run_address>0x2000cf70</run_address>
         <size>0xa0</size>
         <input_file_ref idref="fl-24"/>
      </object_component>
      <object_component id="oc-36">
         <name>.text</name>
         <load_address>0x2000d010</load_address>
         <run_address>0x2000d010</run_address>
         <size>0x9c</size>
         <input_file_ref idref="fl-f3"/>
      </object_component>
      <object_component id="oc-44e">
         <name>.text:PWMTimerCC32XX_setPeriod</name>
         <load_address>0x2000d0ac</load_address>
         <run_address>0x2000d0ac</run_address>
         <size>0x98</size>
         <input_file_ref idref="fl-18"/>
      </object_component>
      <object_component id="oc-40a">
         <name>.text</name>
         <load_address>0x2000d144</load_address>
         <run_address>0x2000d144</run_address>
         <size>0x96</size>
         <input_file_ref idref="fl-f5"/>
      </object_component>
      <object_component id="oc-43c">
         <name>.text:PWMTimerCC32XX_init</name>
         <load_address>0x2000d1da</load_address>
         <run_address>0x2000d1da</run_address>
         <size>0x2</size>
         <input_file_ref idref="fl-18"/>
      </object_component>
      <object_component id="oc-4ce">
         <name>.text:restoreNVICRegs</name>
         <load_address>0x2000d1dc</load_address>
         <run_address>0x2000d1dc</run_address>
         <size>0x90</size>
         <input_file_ref idref="fl-15"/>
      </object_component>
      <object_component id="oc-5bf">
         <name>.text:IntPendSet</name>
         <load_address>0x2000d26c</load_address>
         <run_address>0x2000d26c</run_address>
         <size>0x88</size>
         <input_file_ref idref="fl-2c"/>
      </object_component>
      <object_component id="oc-430">
         <name>.text:PWMTimerCC32XX_close</name>
         <load_address>0x2000d2f4</load_address>
         <run_address>0x2000d2f4</run_address>
         <size>0x88</size>
         <input_file_ref idref="fl-18"/>
      </object_component>
      <object_component id="oc-600">
         <name>.text:PinConfigSet</name>
         <load_address>0x2000d37c</load_address>
         <run_address>0x2000d37c</run_address>
         <size>0x88</size>
         <input_file_ref idref="fl-2d"/>
      </object_component>
      <object_component id="oc-26b">
         <name>.text:Power_init</name>
         <load_address>0x2000d404</load_address>
         <run_address>0x2000d404</run_address>
         <size>0x84</size>
         <input_file_ref idref="fl-15"/>
      </object_component>
      <object_component id="oc-4c3">
         <name>.text:saveNVICRegs</name>
         <load_address>0x2000d488</load_address>
         <run_address>0x2000d488</run_address>
         <size>0x84</size>
         <input_file_ref idref="fl-15"/>
      </object_component>
      <object_component id="oc-526">
         <name>.text:Power_setDependency</name>
         <load_address>0x2000d50c</load_address>
         <run_address>0x2000d50c</run_address>
         <size>0x80</size>
         <input_file_ref idref="fl-15"/>
      </object_component>
      <object_component id="oc-45a">
         <name>.text:PWMTimerCC32XX_start</name>
         <load_address>0x2000d58c</load_address>
         <run_address>0x2000d58c</run_address>
         <size>0x68</size>
         <input_file_ref idref="fl-18"/>
      </object_component>
      <object_component id="oc-f">
         <name>.text:decompress:lzss:__TI_decompress_lzss</name>
         <load_address>0x2000d5f4</load_address>
         <run_address>0x2000d5f4</run_address>
         <size>0x68</size>
         <input_file_ref idref="fl-f9"/>
      </object_component>
      <object_component id="oc-538">
         <name>.text:PowerCC32XX_setParkState</name>
         <load_address>0x2000d65c</load_address>
         <run_address>0x2000d65c</run_address>
         <size>0x64</size>
         <input_file_ref idref="fl-15"/>
      </object_component>
      <object_component id="oc-480">
         <name>.text:ClockP_start</name>
         <load_address>0x2000d6c0</load_address>
         <run_address>0x2000d6c0</run_address>
         <size>0x60</size>
         <input_file_ref idref="fl-26"/>
      </object_component>
      <object_component id="oc-2ca">
         <name>.text:PRCMSysResetCauseGet</name>
         <load_address>0x2000d720</load_address>
         <run_address>0x2000d720</run_address>
         <size>0x60</size>
         <input_file_ref idref="fl-2e"/>
      </object_component>
      <object_component id="oc-32d">
         <name>.text:getTimeUsec</name>
         <load_address>0x2000d780</load_address>
         <run_address>0x2000d780</run_address>
         <size>0x60</size>
         <input_file_ref idref="fl-26"/>
      </object_component>
      <object_component id="oc-39e">
         <name>.text:sysTickInit</name>
         <load_address>0x2000d7e0</load_address>
         <run_address>0x2000d7e0</run_address>
         <size>0x5c</size>
         <input_file_ref idref="fl-26"/>
      </object_component>
      <object_component id="oc-2e3">
         <name>.text:PRCMPeripheralReset</name>
         <load_address>0x2000d83c</load_address>
         <run_address>0x2000d83c</run_address>
         <size>0x58</size>
         <input_file_ref idref="fl-2e"/>
      </object_component>
      <object_component id="oc-505">
         <name>.text:Power_releaseDependency</name>
         <load_address>0x2000d894</load_address>
         <run_address>0x2000d894</run_address>
         <size>0x58</size>
         <input_file_ref idref="fl-15"/>
      </object_component>
      <object_component id="oc-59c">
         <name>.text:PowerCC32XX_resumeLPDS</name>
         <load_address>0x2000d8ec</load_address>
         <run_address>0x2000d8ec</run_address>
         <size>0x52</size>
         <input_file_ref idref="fl-16"/>
      </object_component>
      <object_component id="oc-379">
         <name>.text:PowerCC32XX_initPolicy</name>
         <load_address>0x2000d93e</load_address>
         <run_address>0x2000d93e</run_address>
         <size>0x2</size>
         <input_file_ref idref="fl-28"/>
      </object_component>
      <object_component id="oc-3ae">
         <name>.text:SemaphoreP_construct</name>
         <load_address>0x2000d940</load_address>
         <run_address>0x2000d940</run_address>
         <size>0x50</size>
         <input_file_ref idref="fl-24"/>
      </object_component>
      <object_component id="oc-520">
         <name>.text:TimerCC32XX_allocateTimerResource</name>
         <load_address>0x2000d990</load_address>
         <run_address>0x2000d990</run_address>
         <size>0x50</size>
         <input_file_ref idref="fl-1b"/>
      </object_component>
      <object_component id="oc-593">
         <name>.text:PowerCC32XX_parkPin</name>
         <load_address>0x2000d9e0</load_address>
         <run_address>0x2000d9e0</run_address>
         <size>0x4c</size>
         <input_file_ref idref="fl-15"/>
      </object_component>
      <object_component id="oc-545">
         <name>.text:getDutyCounts</name>
         <load_address>0x2000da2c</load_address>
         <run_address>0x2000da2c</run_address>
         <size>0x4c</size>
         <input_file_ref idref="fl-18"/>
      </object_component>
      <object_component id="oc-54f">
         <name>.text:getPeriodCounts</name>
         <load_address>0x2000da78</load_address>
         <run_address>0x2000da78</run_address>
         <size>0x4c</size>
         <input_file_ref idref="fl-18"/>
      </object_component>
      <object_component id="oc-4d4">
         <name>.text:restorePeriphClocks</name>
         <load_address>0x2000dac4</load_address>
         <run_address>0x2000dac4</run_address>
         <size>0x4c</size>
         <input_file_ref idref="fl-15"/>
      </object_component>
      <object_component id="oc-291">
         <name>.text:ClockP_usleep</name>
         <load_address>0x2000db10</load_address>
         <run_address>0x2000db10</run_address>
         <size>0x48</size>
         <input_file_ref idref="fl-26"/>
      </object_component>
      <object_component id="oc-5b7">
         <name>.text:FlashDisable</name>
         <load_address>0x2000db58</load_address>
         <run_address>0x2000db58</run_address>
         <size>0x48</size>
         <input_file_ref idref="fl-35"/>
      </object_component>
      <object_component id="oc-4e0">
         <name>.text:PRCMLPDSEnter</name>
         <load_address>0x2000dba0</load_address>
         <run_address>0x2000dba0</run_address>
         <size>0x48</size>
         <input_file_ref idref="fl-2e"/>
      </object_component>
      <object_component id="oc-2dd">
         <name>.text:PRCMPeripheralClkEnable</name>
         <load_address>0x2000dbe8</load_address>
         <run_address>0x2000dbe8</run_address>
         <size>0x48</size>
         <input_file_ref idref="fl-2e"/>
      </object_component>
      <object_component id="oc-55e">
         <name>.text:Power_releaseConstraint</name>
         <load_address>0x2000dc30</load_address>
         <run_address>0x2000dc30</run_address>
         <size>0x48</size>
         <input_file_ref idref="fl-15"/>
      </object_component>
      <object_component id="oc-578">
         <name>.text:ClockP_stop</name>
         <load_address>0x2000dc78</load_address>
         <run_address>0x2000dc78</run_address>
         <size>0x44</size>
         <input_file_ref idref="fl-26"/>
      </object_component>
      <object_component id="oc-74">
         <name>.text:ClockP_sysTickHandler</name>
         <load_address>0x2000dcbc</load_address>
         <run_address>0x2000dcbc</run_address>
         <size>0x44</size>
         <input_file_ref idref="fl-26"/>
      </object_component>
      <object_component id="oc-5a1">
         <name>.text:PRCMLPDSRestoreInfoSet</name>
         <load_address>0x2000dd00</load_address>
         <run_address>0x2000dd00</run_address>
         <size>0x44</size>
         <input_file_ref idref="fl-2e"/>
      </object_component>
      <object_component id="oc-273">
         <name>.text:PWM_init</name>
         <load_address>0x2000dd44</load_address>
         <run_address>0x2000dd44</run_address>
         <size>0x44</size>
         <input_file_ref idref="fl-17"/>
      </object_component>
      <object_component id="oc-4c9">
         <name>.text:PowerCC32XX_enterLPDS</name>
         <load_address>0x2000dd88</load_address>
         <run_address>0x2000dd88</run_address>
         <size>0x44</size>
         <input_file_ref idref="fl-16"/>
      </object_component>
      <object_component id="oc-41b">
         <name>.text:SwiP_restore</name>
         <load_address>0x2000ddcc</load_address>
         <run_address>0x2000ddcc</run_address>
         <size>0x44</size>
         <input_file_ref idref="fl-2a"/>
      </object_component>
      <object_component id="oc-166">
         <name>.text:__TI_auto_init_nobinit_nopinit:__TI_auto_init_nobinit_nopinit</name>
         <load_address>0x2000de10</load_address>
         <run_address>0x2000de10</run_address>
         <size>0x44</size>
         <input_file_ref idref="fl-101"/>
      </object_component>
      <object_component id="oc-2f5">
         <name>.text:PinModeSet</name>
         <load_address>0x2000de54</load_address>
         <run_address>0x2000de54</run_address>
         <size>0x40</size>
         <input_file_ref idref="fl-2d"/>
      </object_component>
      <object_component id="oc-492">
         <name>.text:ClockP_destruct</name>
         <load_address>0x2000de94</load_address>
         <run_address>0x2000de94</run_address>
         <size>0x3c</size>
         <input_file_ref idref="fl-26"/>
      </object_component>
      <object_component id="oc-27f">
         <name>.text:PWM_open</name>
         <load_address>0x2000ded0</load_address>
         <run_address>0x2000ded0</run_address>
         <size>0x3c</size>
         <input_file_ref idref="fl-17"/>
      </object_component>
      <object_component id="oc-557">
         <name>.text:Power_setConstraint</name>
         <load_address>0x2000df0c</load_address>
         <run_address>0x2000df0c</run_address>
         <size>0x3c</size>
         <input_file_ref idref="fl-15"/>
      </object_component>
      <object_component id="oc-404">
         <name>.text:getCountsRTC</name>
         <load_address>0x2000df48</load_address>
         <run_address>0x2000df48</run_address>
         <size>0x3a</size>
         <input_file_ref idref="fl-28"/>
      </object_component>
      <object_component id="oc-4ff">
         <name>.text:getPowerMgrId</name>
         <load_address>0x2000df82</load_address>
         <run_address>0x2000df82</run_address>
         <size>0x3a</size>
         <input_file_ref idref="fl-18"/>
      </object_component>
      <object_component id="oc-4e6">
         <name>.text:PRCMLPDSEnterKeepDebugIf</name>
         <load_address>0x2000dfbc</load_address>
         <run_address>0x2000dfbc</run_address>
         <size>0x38</size>
         <input_file_ref idref="fl-2e"/>
      </object_component>
      <object_component id="oc-54">
         <name>.text:initVectors</name>
         <load_address>0x2000dff4</load_address>
         <run_address>0x2000dff4</run_address>
         <size>0x38</size>
         <input_file_ref idref="fl-29"/>
      </object_component>
      <object_component id="oc-4b7">
         <name>.text:notify</name>
         <load_address>0x2000e02c</load_address>
         <run_address>0x2000e02c</run_address>
         <size>0x38</size>
         <input_file_ref idref="fl-15"/>
      </object_component>
      <object_component id="oc-3f8">
         <name>.text:ClockP_getTicksUntilInterrupt</name>
         <load_address>0x2000e064</load_address>
         <run_address>0x2000e064</run_address>
         <size>0x34</size>
         <input_file_ref idref="fl-26"/>
      </object_component>
      <object_component id="oc-327">
         <name>.text:ClockP_startup</name>
         <load_address>0x2000e098</load_address>
         <run_address>0x2000e098</run_address>
         <size>0x34</size>
         <input_file_ref idref="fl-26"/>
      </object_component>
      <object_component id="oc-2ef">
         <name>.text:PinModeGet</name>
         <load_address>0x2000e0cc</load_address>
         <run_address>0x2000e0cc</run_address>
         <size>0x34</size>
         <input_file_ref idref="fl-2d"/>
      </object_component>
      <object_component id="oc-4f9">
         <name>.text:TimerCC32XX_freeTimerResource</name>
         <load_address>0x2000e100</load_address>
         <run_address>0x2000e100</run_address>
         <size>0x34</size>
         <input_file_ref idref="fl-1b"/>
      </object_component>
      <object_component id="oc-5ca">
         <name>.text:getPowerMgrId</name>
         <load_address>0x2000e134</load_address>
         <run_address>0x2000e134</run_address>
         <size>0x34</size>
         <input_file_ref idref="fl-1b"/>
      </object_component>
      <object_component id="oc-5b0">
         <name>.text:PowerCC32XX_restoreParkedPin</name>
         <load_address>0x2000e168</load_address>
         <run_address>0x2000e168</run_address>
         <size>0x30</size>
         <input_file_ref idref="fl-15"/>
      </object_component>
      <object_component id="oc-2e9">
         <name>.text:PRCMPeripheralClkDisable</name>
         <load_address>0x2000e198</load_address>
         <run_address>0x2000e198</run_address>
         <size>0x28</size>
         <input_file_ref idref="fl-2e"/>
      </object_component>
      <object_component id="oc-52c">
         <name>.text:Power_registerNotify</name>
         <load_address>0x2000e1c0</load_address>
         <run_address>0x2000e1c0</run_address>
         <size>0x28</size>
         <input_file_ref idref="fl-15"/>
      </object_component>
      <object_component id="oc-c0">
         <name>.text:_c_int00_noargs:_c_int00_noargs</name>
         <load_address>0x2000e1e8</load_address>
         <run_address>0x2000e1e8</run_address>
         <size>0x28</size>
         <input_file_ref idref="fl-fa"/>
      </object_component>
      <object_component id="oc-5e5">
         <name>.text:List_put</name>
         <load_address>0x2000e210</load_address>
         <run_address>0x2000e210</run_address>
         <size>0x26</size>
         <input_file_ref idref="fl-1f"/>
      </object_component>
      <object_component id="oc-5d7">
         <name>.text:List_remove</name>
         <load_address>0x2000e236</load_address>
         <run_address>0x2000e236</run_address>
         <size>0x26</size>
         <input_file_ref idref="fl-1f"/>
      </object_component>
      <object_component id="oc-333">
         <name>.text:sleepTicks</name>
         <load_address>0x2000e25c</load_address>
         <run_address>0x2000e25c</run_address>
         <size>0x24</size>
         <input_file_ref idref="fl-26"/>
      </object_component>
      <object_component id="oc-50b">
         <name>.text:Power_unregisterNotify</name>
         <load_address>0x2000e280</load_address>
         <run_address>0x2000e280</run_address>
         <size>0x20</size>
         <input_file_ref idref="fl-15"/>
      </object_component>
      <object_component id="oc-511">
         <name>.text:PinToPadGet</name>
         <load_address>0x2000e2a0</load_address>
         <run_address>0x2000e2a0</run_address>
         <size>0x1c</size>
         <input_file_ref idref="fl-2d"/>
      </object_component>
      <object_component id="oc-3ec">
         <name>.text:SwiP_disable</name>
         <load_address>0x2000e2bc</load_address>
         <run_address>0x2000e2bc</run_address>
         <size>0x1c</size>
         <input_file_ref idref="fl-2a"/>
      </object_component>
      <object_component id="oc-1c">
         <name>.text:resetISR</name>
         <load_address>0x2000e2d8</load_address>
         <run_address>0x2000e2d8</run_address>
         <size>0x1a</size>
         <input_file_ref idref="fl-29"/>
      </object_component>
      <object_component id="oc-3ba">
         <name>.text:SemaphoreP_destruct</name>
         <load_address>0x2000e2f2</load_address>
         <run_address>0x2000e2f2</run_address>
         <size>0x2</size>
         <input_file_ref idref="fl-24"/>
      </object_component>
      <object_component id="oc-5f7">
         <name>.text:Power_idleFunc</name>
         <load_address>0x2000e2f4</load_address>
         <run_address>0x2000e2f4</run_address>
         <size>0x18</size>
         <input_file_ref idref="fl-15"/>
      </object_component>
      <object_component id="oc-3a8">
         <name>.text</name>
         <load_address>0x2000e30c</load_address>
         <run_address>0x2000e30c</run_address>
         <size>0x18</size>
         <input_file_ref idref="fl-f2"/>
      </object_component>
      <object_component id="oc-2d7">
         <name>.text:PRCMHIBRegRead</name>
         <load_address>0x2000e324</load_address>
         <run_address>0x2000e324</run_address>
         <size>0x16</size>
         <input_file_ref idref="fl-2e"/>
      </object_component>
      <object_component id="oc-2d1">
         <name>.text:PRCMHIBRegWrite</name>
         <load_address>0x2000e33a</load_address>
         <run_address>0x2000e33a</run_address>
         <size>0x16</size>
         <input_file_ref idref="fl-2e"/>
      </object_component>
      <object_component id="oc-9e">
         <name>.text:CPUcpsid</name>
         <load_address>0x2000e350</load_address>
         <run_address>0x2000e350</run_address>
         <size>0x14</size>
         <input_file_ref idref="fl-34"/>
      </object_component>
      <object_component id="oc-aa">
         <name>.text:IntVTableBaseSet</name>
         <load_address>0x2000e364</load_address>
         <run_address>0x2000e364</run_address>
         <size>0x14</size>
         <input_file_ref idref="fl-2c"/>
      </object_component>
      <object_component id="oc-279">
         <name>.text:PWM_Params_init</name>
         <load_address>0x2000e378</load_address>
         <run_address>0x2000e378</run_address>
         <size>0x14</size>
         <input_file_ref idref="fl-17"/>
      </object_component>
      <object_component id="oc-5a9">
         <name>.text:Power_getDependencyCount</name>
         <load_address>0x2000e38c</load_address>
         <run_address>0x2000e38c</run_address>
         <size>0x14</size>
         <input_file_ref idref="fl-15"/>
      </object_component>
      <object_component id="oc-42">
         <name>.text:decompress:ZI:__TI_zero_init_nomemset:__TI_zero_init_nomemset</name>
         <load_address>0x2000e3a0</load_address>
         <run_address>0x2000e3a0</run_address>
         <size>0x12</size>
         <input_file_ref idref="fl-f7"/>
      </object_component>
      <object_component id="oc-10f">
         <name>.text:main</name>
         <load_address>0x2000e3b2</load_address>
         <run_address>0x2000e3b2</run_address>
         <size>0x12</size>
         <input_file_ref idref="fl-3"/>
      </object_component>
      <object_component id="oc-53e">
         <name>.text:postNotifyFxn</name>
         <load_address>0x2000e3c4</load_address>
         <run_address>0x2000e3c4</run_address>
         <size>0x12</size>
         <input_file_ref idref="fl-18"/>
      </object_component>
      <object_component id="oc-47a">
         <name>.text:ClockP_add</name>
         <load_address>0x2000e3d6</load_address>
         <run_address>0x2000e3d6</run_address>
         <size>0x10</size>
         <input_file_ref idref="fl-26"/>
      </object_component>
      <object_component id="oc-6e">
         <name>.text:busFaultHandler</name>
         <load_address>0x2000e3e6</load_address>
         <run_address>0x2000e3e6</run_address>
         <size>0x2</size>
         <input_file_ref idref="fl-29"/>
      </object_component>
      <object_component id="oc-3e6">
         <name>.text:ClockP_getCpuFreq</name>
         <load_address>0x2000e3e8</load_address>
         <run_address>0x2000e3e8</run_address>
         <size>0x10</size>
         <input_file_ref idref="fl-26"/>
      </object_component>
      <object_component id="oc-3fe">
         <name>.text:ClockP_getSystemTicks</name>
         <load_address>0x2000e3f8</load_address>
         <run_address>0x2000e3f8</run_address>
         <size>0x10</size>
         <input_file_ref idref="fl-26"/>
      </object_component>
      <object_component id="oc-415">
         <name>.text:ClockP_setTicks</name>
         <load_address>0x2000e408</load_address>
         <run_address>0x2000e408</run_address>
         <size>0x10</size>
         <input_file_ref idref="fl-26"/>
      </object_component>
      <object_component id="oc-30f">
         <name>.text:HwiP_restore</name>
         <load_address>0x2000e418</load_address>
         <run_address>0x2000e418</run_address>
         <size>0x10</size>
         <input_file_ref idref="fl-27"/>
      </object_component>
      <object_component id="oc-486">
         <name>.text:Power_enablePolicy</name>
         <load_address>0x2000e428</load_address>
         <run_address>0x2000e428</run_address>
         <size>0x10</size>
         <input_file_ref idref="fl-15"/>
      </object_component>
      <object_component id="oc-46f">
         <name>.text:SemaphoreP_Params_init</name>
         <load_address>0x2000e438</load_address>
         <run_address>0x2000e438</run_address>
         <size>0x10</size>
         <input_file_ref idref="fl-24"/>
      </object_component>
      <object_component id="oc-309">
         <name>.text:HwiP_disable</name>
         <load_address>0x2000e448</load_address>
         <run_address>0x2000e448</run_address>
         <size>0xe</size>
         <input_file_ref idref="fl-27"/>
      </object_component>
      <object_component id="oc-14d">
         <name>.text:HwiP_enable</name>
         <load_address>0x2000e456</load_address>
         <run_address>0x2000e456</run_address>
         <size>0xe</size>
         <input_file_ref idref="fl-27"/>
      </object_component>
      <object_component id="oc-15">
         <name>.text:decompress:none:__TI_decompress_none</name>
         <load_address>0x2000e464</load_address>
         <run_address>0x2000e464</run_address>
         <size>0xe</size>
         <input_file_ref idref="fl-f8"/>
      </object_component>
      <object_component id="oc-147">
         <name>.text:CC3220S_LAUNCHXL_initGeneral</name>
         <load_address>0x2000e472</load_address>
         <run_address>0x2000e472</run_address>
         <size>0xc</size>
         <input_file_ref idref="fl-2"/>
      </object_component>
      <object_component id="oc-498">
         <name>.text:clkFxn</name>
         <load_address>0x2000e47e</load_address>
         <run_address>0x2000e47e</run_address>
         <size>0x2</size>
         <input_file_ref idref="fl-24"/>
      </object_component>
      <object_component id="oc-3f2">
         <name>.text:Power_getConstraintMask</name>
         <load_address>0x2000e480</load_address>
         <run_address>0x2000e480</run_address>
         <size>0xc</size>
         <input_file_ref idref="fl-15"/>
      </object_component>
      <object_component id="oc-48c">
         <name>.text:ClockP_isActive</name>
         <load_address>0x2000e48c</load_address>
         <run_address>0x2000e48c</run_address>
         <size>0xa</size>
         <input_file_ref idref="fl-26"/>
      </object_component>
      <object_component id="oc-4e">
         <name>.text:IntMasterDisable</name>
         <load_address>0x2000e496</load_address>
         <run_address>0x2000e496</run_address>
         <size>0xa</size>
         <input_file_ref idref="fl-2c"/>
      </object_component>
      <object_component id="oc-28b">
         <name>.text:PWM_setDuty</name>
         <load_address>0x2000e4a0</load_address>
         <run_address>0x2000e4a0</run_address>
         <size>0xa</size>
         <input_file_ref idref="fl-17"/>
      </object_component>
      <object_component id="oc-285">
         <name>.text:PWM_start</name>
         <load_address>0x2000e4aa</load_address>
         <run_address>0x2000e4aa</run_address>
         <size>0xa</size>
         <input_file_ref idref="fl-17"/>
      </object_component>
      <object_component id="oc-436">
         <name>.text:PWMTimerCC32XX_control</name>
         <load_address>0x2000e4b4</load_address>
         <run_address>0x2000e4b4</run_address>
         <size>0x6</size>
         <input_file_ref idref="fl-18"/>
      </object_component>
      <object_component id="oc-2d0">
         <name>.text:UtilsDelay</name>
         <load_address>0x2000e4ba</load_address>
         <run_address>0x2000e4ba</run_address>
         <size>0x6</size>
         <input_file_ref idref="fl-33"/>
      </object_component>
      <object_component id="oc-4ee">
         <name>.text:HwiP_post</name>
         <load_address>0x2000e4c0</load_address>
         <run_address>0x2000e4c0</run_address>
         <size>0x4</size>
         <input_file_ref idref="fl-27"/>
      </object_component>
      <object_component id="oc-109">
         <name>.text:_system_pre_init</name>
         <load_address>0x2000e4c4</load_address>
         <run_address>0x2000e4c4</run_address>
         <size>0x4</size>
         <input_file_ref idref="fl-102"/>
      </object_component>
      <object_component id="oc-15a">
         <name>.text:abort:abort</name>
         <load_address>0x2000e4c8</load_address>
         <run_address>0x2000e4c8</run_address>
         <size>0x4</size>
         <input_file_ref idref="fl-fb"/>
      </object_component>
      <object_component id="oc-68">
         <name>.text:defaultHandler</name>
         <load_address>0x2000e4cc</load_address>
         <run_address>0x2000e4cc</run_address>
         <size>0x2</size>
         <input_file_ref idref="fl-29"/>
      </object_component>
      <object_component id="oc-62">
         <name>.text:faultISR</name>
         <load_address>0x2000e4ce</load_address>
         <run_address>0x2000e4ce</run_address>
         <size>0x2</size>
         <input_file_ref idref="fl-29"/>
      </object_component>
      <object_component id="oc-5c">
         <name>.text:nmiISR</name>
         <load_address>0x2000e4d0</load_address>
         <run_address>0x2000e4d0</run_address>
         <size>0x2</size>
         <input_file_ref idref="fl-29"/>
      </object_component>
      <object_component id="oc-4b1">
         <name>.text</name>
         <load_address>0x2000e4d2</load_address>
         <run_address>0x2000e4d2</run_address>
         <size>0x2</size>
         <input_file_ref idref="fl-100"/>
      </object_component>
      <object_component id="oc-36f">
         <name>.const:g_ulPinToPadMap</name>
         <load_address>0x2000e4d4</load_address>
         <run_address>0x2000e4d4</run_address>
         <size>0x100</size>
         <input_file_ref idref="fl-2d"/>
      </object_component>
      <object_component id="oc-368">
         <name>.const:PRCM_PeriphRegsList</name>
         <load_address>0x2000e5d4</load_address>
         <run_address>0x2000e5d4</run_address>
         <size>0xa8</size>
         <input_file_ref idref="fl-2e"/>
      </object_component>
      <object_component id="oc-305">
         <name>.const:PowerCC32XX_config</name>
         <load_address>0x2000e67c</load_address>
         <run_address>0x2000e67c</run_address>
         <size>0x40</size>
         <input_file_ref idref="fl-2"/>
      </object_component>
      <object_component id="oc-391">
         <name>.const:PWMTimerCC32XX_fxnTable</name>
         <load_address>0x2000e6bc</load_address>
         <run_address>0x2000e6bc</run_address>
         <size>0x24</size>
         <input_file_ref idref="fl-18"/>
      </object_component>
      <object_component id="oc-564">
         <name>.const:gpioPinIndexes</name>
         <load_address>0x2000e6e0</load_address>
         <run_address>0x2000e6e0</run_address>
         <size>0x20</size>
         <input_file_ref idref="fl-18"/>
      </object_component>
      <object_component id="oc-31b">
         <name>.const:PWM_config</name>
         <load_address>0x2000e700</load_address>
         <run_address>0x2000e700</run_address>
         <size>0x18</size>
         <input_file_ref idref="fl-2"/>
      </object_component>
      <object_component id="oc-31f">
         <name>.const:PWM_defaultParams</name>
         <load_address>0x2000e718</load_address>
         <run_address>0x2000e718</run_address>
         <size>0x18</size>
         <input_file_ref idref="fl-17"/>
      </object_component>
      <object_component id="oc-103">
         <name>.const:g_pulEnRegs</name>
         <load_address>0x2000e730</load_address>
         <run_address>0x2000e730</run_address>
         <size>0x18</size>
         <input_file_ref idref="fl-2c"/>
      </object_component>
      <object_component id="oc-60c">
         <name>.const:g_pulPendRegs</name>
         <load_address>0x2000e748</load_address>
         <run_address>0x2000e748</run_address>
         <size>0x18</size>
         <input_file_ref idref="fl-2c"/>
      </object_component>
      <object_component id="oc-51a">
         <name>.const:gpioBaseAddresses</name>
         <load_address>0x2000e760</load_address>
         <run_address>0x2000e760</run_address>
         <size>0x10</size>
         <input_file_ref idref="fl-18"/>
      </object_component>
      <object_component id="oc-517">
         <name>.const:timerBaseAddresses</name>
         <load_address>0x2000e770</load_address>
         <run_address>0x2000e770</run_address>
         <size>0x10</size>
         <input_file_ref idref="fl-18"/>
      </object_component>
      <object_component id="oc-318">
         <name>.const</name>
         <load_address>0x2000e780</load_address>
         <run_address>0x2000e780</run_address>
         <size>0xd</size>
         <input_file_ref idref="fl-2"/>
      </object_component>
      <object_component id="oc-395">
         <name>.const:pwmTimerCC3220SHWAttrs</name>
         <load_address>0x2000e790</load_address>
         <run_address>0x2000e790</run_address>
         <size>0x8</size>
         <input_file_ref idref="fl-2"/>
      </object_component>
      <object_component id="oc-54b">
         <name>.const:timerHalves</name>
         <load_address>0x2000e798</load_address>
         <run_address>0x2000e798</run_address>
         <size>0x8</size>
         <input_file_ref idref="fl-18"/>
      </object_component>
      <object_component id="oc-64c">
         <name>.cinit..data.load</name>
         <load_address>0x2000ebc0</load_address>
         <run_address>0x2000ebc0</run_address>
         <size>0xb0</size>
      </object_component>
      <object_component id="oc-64a">
         <name>__TI_handler_table</name>
         <load_address>0x2000ec70</load_address>
         <run_address>0x2000ec70</run_address>
         <size>0xc</size>
      </object_component>
      <object_component id="oc-64d">
         <name>.cinit..bss.load</name>
         <load_address>0x2000ec80</load_address>
         <run_address>0x2000ec80</run_address>
         <size>0x8</size>
      </object_component>
      <object_component id="oc-64b">
         <name>__TI_cinit_table</name>
         <load_address>0x2000ec88</load_address>
         <run_address>0x2000ec88</run_address>
         <size>0x10</size>
      </object_component>
      <object_component id="oc-385">
         <name>.data:parkInfo</name>
         <load_address>0x2000e90c</load_address>
         <run_address>0x2000e90c</run_address>
         <size>0xf8</size>
         <input_file_ref idref="fl-2"/>
      </object_component>
      <object_component id="oc-302">
         <name>.data:PowerCC32XX_module</name>
         <load_address>0x2000e7a0</load_address>
         <run_address>0x2000e7a0</run_address>
         <size>0x16c</size>
         <input_file_ref idref="fl-15"/>
      </object_component>
      <object_component id="oc-315">
         <name>.data</name>
         <load_address>0x2000ea1c</load_address>
         <run_address>0x2000ea1c</run_address>
         <size>0x1</size>
         <input_file_ref idref="fl-17"/>
      </object_component>
      <object_component id="oc-475">
         <name>.data</name>
         <load_address>0x2000ea19</load_address>
         <run_address>0x2000ea19</run_address>
         <size>0x3</size>
         <input_file_ref idref="fl-24"/>
      </object_component>
      <object_component id="oc-56a">
         <name>.data:SemaphoreP_defaultParams</name>
         <load_address>0x2000ea04</load_address>
         <run_address>0x2000ea04</run_address>
         <size>0x8</size>
         <input_file_ref idref="fl-24"/>
      </object_component>
      <object_component id="oc-339">
         <name>.data</name>
         <load_address>0x2000ea14</load_address>
         <run_address>0x2000ea14</run_address>
         <size>0x5</size>
         <input_file_ref idref="fl-26"/>
      </object_component>
      <object_component id="oc-4f4">
         <name>.data</name>
         <load_address>0x2000ea0c</load_address>
         <run_address>0x2000ea0c</run_address>
         <size>0x8</size>
         <input_file_ref idref="fl-27"/>
      </object_component>
      <object_component id="oc-5d0">
         <name>.bss:timerState</name>
         <uninitialized>true</uninitialized>
         <run_address>0x2000ebb8</run_address>
         <size>0x4</size>
         <input_file_ref idref="fl-1b"/>
      </object_component>
      <object_component id="oc-3a4">
         <name>.bss</name>
         <uninitialized>true</uninitialized>
         <run_address>0x2000eb94</run_address>
         <size>0x4</size>
         <input_file_ref idref="fl-26"/>
      </object_component>
      <object_component id="oc-4a3">
         <name>.bss</name>
         <uninitialized>true</uninitialized>
         <run_address>0x2000eba8</run_address>
         <size>0xd</size>
         <input_file_ref idref="fl-2a"/>
      </object_component>
      <object_component id="oc-394">
         <name>.common:pwmTimerCC3220SObjects</name>
         <uninitialized>true</uninitialized>
         <run_address>0x2000eb4c</run_address>
         <size>0x48</size>
      </object_component>
      <object_component id="oc-59a">
         <name>.common:PowerCC32XX_contextSave</name>
         <uninitialized>true</uninitialized>
         <run_address>0x2000ea20</run_address>
         <size>0x12c</size>
      </object_component>
      <object_component id="oc-d6">
         <name>.common:ClockP_ctrl</name>
         <uninitialized>true</uninitialized>
         <run_address>0x2000eb98</run_address>
         <size>0x10</size>
      </object_component>
      <object_component id="oc-28">
         <name>.sysmem</name>
         <uninitialized>true</uninitialized>
         <run_address>0x20004040</run_address>
         <size>0x8</size>
         <input_file_ref idref="fl-fc"/>
      </object_component>
      <object_component id="oc-64f">
         <name>.sysmem</name>
         <uninitialized>true</uninitialized>
         <run_address>0x20004040</run_address>
         <size>0x0</size>
      </object_component>
      <object_component id="oc-25">
         <name>.stack</name>
         <uninitialized>true</uninitialized>
         <run_address>0x20003000</run_address>
         <size>0x4</size>
         <input_file_ref idref="fl-fa"/>
      </object_component>
      <object_component id="oc-64e">
         <name>.stack</name>
         <uninitialized>true</uninitialized>
         <run_address>0x20003000</run_address>
         <size>0x0</size>
      </object_component>
      <object_component id="oc-22">
         <name>.resetVecs:retain</name>
         <load_address>0x20004000</load_address>
         <run_address>0x20004000</run_address>
         <size>0x40</size>
         <input_file_ref idref="fl-29"/>
      </object_component>
      <object_component id="oc-b6">
         <name>.ramVecs</name>
         <uninitialized>true</uninitialized>
         <run_address>0x20000000</run_address>
         <size>0x30c</size>
         <input_file_ref idref="fl-29"/>
      </object_component>
      <object_component id="oc-141">
         <name>.debug_info</name>
         <load_address>0x0</load_address>
         <run_address>0x0</run_address>
         <size>0x1726</size>
         <input_file_ref idref="fl-2"/>
      </object_component>
      <object_component id="oc-319">
         <name>.debug_info</name>
         <load_address>0x1726</load_address>
         <run_address>0x1726</run_address>
         <size>0x2dc</size>
         <input_file_ref idref="fl-2"/>
      </object_component>
      <object_component id="oc-386">
         <name>.debug_info</name>
         <load_address>0x1a02</load_address>
         <run_address>0x1a02</run_address>
         <size>0xf5</size>
         <input_file_ref idref="fl-2"/>
      </object_component>
      <object_component id="oc-306">
         <name>.debug_info</name>
         <load_address>0x1af7</load_address>
         <run_address>0x1af7</run_address>
         <size>0x109</size>
         <input_file_ref idref="fl-2"/>
      </object_component>
      <object_component id="oc-396">
         <name>.debug_info</name>
         <load_address>0x1c00</load_address>
         <run_address>0x1c00</run_address>
         <size>0x111</size>
         <input_file_ref idref="fl-2"/>
      </object_component>
      <object_component id="oc-31c">
         <name>.debug_info</name>
         <load_address>0x1d11</load_address>
         <run_address>0x1d11</run_address>
         <size>0xf9</size>
         <input_file_ref idref="fl-2"/>
      </object_component>
      <object_component id="oc-148">
         <name>.debug_info</name>
         <load_address>0x1e0a</load_address>
         <run_address>0x1e0a</run_address>
         <size>0x187</size>
         <input_file_ref idref="fl-2"/>
      </object_component>
      <object_component id="oc-1c3">
         <name>.debug_info</name>
         <load_address>0x1f91</load_address>
         <run_address>0x1f91</run_address>
         <size>0x47b</size>
         <input_file_ref idref="fl-2"/>
      </object_component>
      <object_component id="oc-19b">
         <name>.debug_info</name>
         <load_address>0x240c</load_address>
         <run_address>0x240c</run_address>
         <size>0xeb</size>
         <input_file_ref idref="fl-2"/>
      </object_component>
      <object_component id="oc-204">
         <name>.debug_info</name>
         <load_address>0x24f7</load_address>
         <run_address>0x24f7</run_address>
         <size>0x87f</size>
         <input_file_ref idref="fl-2"/>
      </object_component>
      <object_component id="oc-1aa">
         <name>.debug_info</name>
         <load_address>0x2d76</load_address>
         <run_address>0x2d76</run_address>
         <size>0x4fd</size>
         <input_file_ref idref="fl-2"/>
      </object_component>
      <object_component id="oc-1a5">
         <name>.debug_info</name>
         <load_address>0x3273</load_address>
         <run_address>0x3273</run_address>
         <size>0x86</size>
         <input_file_ref idref="fl-2"/>
      </object_component>
      <object_component id="oc-1c8">
         <name>.debug_info</name>
         <load_address>0x32f9</load_address>
         <run_address>0x32f9</run_address>
         <size>0x1d3</size>
         <input_file_ref idref="fl-2"/>
      </object_component>
      <object_component id="oc-231">
         <name>.debug_info</name>
         <load_address>0x34cc</load_address>
         <run_address>0x34cc</run_address>
         <size>0x524</size>
         <input_file_ref idref="fl-2"/>
      </object_component>
      <object_component id="oc-dc">
         <name>.debug_info</name>
         <load_address>0x39f0</load_address>
         <run_address>0x39f0</run_address>
         <size>0x26b</size>
         <input_file_ref idref="fl-2"/>
      </object_component>
      <object_component id="oc-1af">
         <name>.debug_info</name>
         <load_address>0x3c5b</load_address>
         <run_address>0x3c5b</run_address>
         <size>0xc0</size>
         <input_file_ref idref="fl-2"/>
      </object_component>
      <object_component id="oc-1b4">
         <name>.debug_info</name>
         <load_address>0x3d1b</load_address>
         <run_address>0x3d1b</run_address>
         <size>0x1b6</size>
         <input_file_ref idref="fl-2"/>
      </object_component>
      <object_component id="oc-1b9">
         <name>.debug_info</name>
         <load_address>0x3ed1</load_address>
         <run_address>0x3ed1</run_address>
         <size>0x12a</size>
         <input_file_ref idref="fl-2"/>
      </object_component>
      <object_component id="oc-1be">
         <name>.debug_info</name>
         <load_address>0x3ffb</load_address>
         <run_address>0x3ffb</run_address>
         <size>0x24d</size>
         <input_file_ref idref="fl-2"/>
      </object_component>
      <object_component id="oc-132">
         <name>.debug_info</name>
         <load_address>0x4248</load_address>
         <run_address>0x4248</run_address>
         <size>0x143</size>
         <input_file_ref idref="fl-2"/>
      </object_component>
      <object_component id="oc-1cd">
         <name>.debug_info</name>
         <load_address>0x438b</load_address>
         <run_address>0x438b</run_address>
         <size>0x102</size>
         <input_file_ref idref="fl-2"/>
      </object_component>
      <object_component id="oc-1d2">
         <name>.debug_info</name>
         <load_address>0x448d</load_address>
         <run_address>0x448d</run_address>
         <size>0x235</size>
         <input_file_ref idref="fl-2"/>
      </object_component>
      <object_component id="oc-1d7">
         <name>.debug_info</name>
         <load_address>0x46c2</load_address>
         <run_address>0x46c2</run_address>
         <size>0x9e</size>
         <input_file_ref idref="fl-2"/>
      </object_component>
      <object_component id="oc-1dc">
         <name>.debug_info</name>
         <load_address>0x4760</load_address>
         <run_address>0x4760</run_address>
         <size>0x439</size>
         <input_file_ref idref="fl-2"/>
      </object_component>
      <object_component id="oc-24a">
         <name>.debug_info</name>
         <load_address>0x4b99</load_address>
         <run_address>0x4b99</run_address>
         <size>0x100</size>
         <input_file_ref idref="fl-2"/>
      </object_component>
      <object_component id="oc-1e1">
         <name>.debug_info</name>
         <load_address>0x4c99</load_address>
         <run_address>0x4c99</run_address>
         <size>0x238</size>
         <input_file_ref idref="fl-2"/>
      </object_component>
      <object_component id="oc-1e6">
         <name>.debug_info</name>
         <load_address>0x4ed1</load_address>
         <run_address>0x4ed1</run_address>
         <size>0x327</size>
         <input_file_ref idref="fl-2"/>
      </object_component>
      <object_component id="oc-1eb">
         <name>.debug_info</name>
         <load_address>0x51f8</load_address>
         <run_address>0x51f8</run_address>
         <size>0x3da</size>
         <input_file_ref idref="fl-2"/>
      </object_component>
      <object_component id="oc-1f0">
         <name>.debug_info</name>
         <load_address>0x55d2</load_address>
         <run_address>0x55d2</run_address>
         <size>0x41c</size>
         <input_file_ref idref="fl-2"/>
      </object_component>
      <object_component id="oc-1f5">
         <name>.debug_info</name>
         <load_address>0x59ee</load_address>
         <run_address>0x59ee</run_address>
         <size>0xa5</size>
         <input_file_ref idref="fl-2"/>
      </object_component>
      <object_component id="oc-1fa">
         <name>.debug_info</name>
         <load_address>0x5a93</load_address>
         <run_address>0x5a93</run_address>
         <size>0x116</size>
         <input_file_ref idref="fl-2"/>
      </object_component>
      <object_component id="oc-1ff">
         <name>.debug_info</name>
         <load_address>0x5ba9</load_address>
         <run_address>0x5ba9</run_address>
         <size>0x323</size>
         <input_file_ref idref="fl-2"/>
      </object_component>
      <object_component id="oc-2bb">
         <name>.debug_info</name>
         <load_address>0x5ecc</load_address>
         <run_address>0x5ecc</run_address>
         <size>0xb1</size>
         <input_file_ref idref="fl-2"/>
      </object_component>
      <object_component id="oc-209">
         <name>.debug_info</name>
         <load_address>0x5f7d</load_address>
         <run_address>0x5f7d</run_address>
         <size>0xbf</size>
         <input_file_ref idref="fl-2"/>
      </object_component>
      <object_component id="oc-20e">
         <name>.debug_info</name>
         <load_address>0x603c</load_address>
         <run_address>0x603c</run_address>
         <size>0xc8</size>
         <input_file_ref idref="fl-2"/>
      </object_component>
      <object_component id="oc-213">
         <name>.debug_info</name>
         <load_address>0x6104</load_address>
         <run_address>0x6104</run_address>
         <size>0x221</size>
         <input_file_ref idref="fl-2"/>
      </object_component>
      <object_component id="oc-218">
         <name>.debug_info</name>
         <load_address>0x6325</load_address>
         <run_address>0x6325</run_address>
         <size>0x246</size>
         <input_file_ref idref="fl-2"/>
      </object_component>
      <object_component id="oc-21d">
         <name>.debug_info</name>
         <load_address>0x656b</load_address>
         <run_address>0x656b</run_address>
         <size>0x346</size>
         <input_file_ref idref="fl-2"/>
      </object_component>
      <object_component id="oc-222">
         <name>.debug_info</name>
         <load_address>0x68b1</load_address>
         <run_address>0x68b1</run_address>
         <size>0x404</size>
         <input_file_ref idref="fl-2"/>
      </object_component>
      <object_component id="oc-12d">
         <name>.debug_info</name>
         <load_address>0x6cb5</load_address>
         <run_address>0x6cb5</run_address>
         <size>0x10c</size>
         <input_file_ref idref="fl-2"/>
      </object_component>
      <object_component id="oc-227">
         <name>.debug_info</name>
         <load_address>0x6dc1</load_address>
         <run_address>0x6dc1</run_address>
         <size>0x18f</size>
         <input_file_ref idref="fl-2"/>
      </object_component>
      <object_component id="oc-22c">
         <name>.debug_info</name>
         <load_address>0x6f50</load_address>
         <run_address>0x6f50</run_address>
         <size>0x293</size>
         <input_file_ref idref="fl-2"/>
      </object_component>
      <object_component id="oc-236">
         <name>.debug_info</name>
         <load_address>0x71e3</load_address>
         <run_address>0x71e3</run_address>
         <size>0x4f3</size>
         <input_file_ref idref="fl-2"/>
      </object_component>
      <object_component id="oc-23b">
         <name>.debug_info</name>
         <load_address>0x76d6</load_address>
         <run_address>0x76d6</run_address>
         <size>0x12a</size>
         <input_file_ref idref="fl-2"/>
      </object_component>
      <object_component id="oc-240">
         <name>.debug_info</name>
         <load_address>0x7800</load_address>
         <run_address>0x7800</run_address>
         <size>0xf5</size>
         <input_file_ref idref="fl-2"/>
      </object_component>
      <object_component id="oc-245">
         <name>.debug_info</name>
         <load_address>0x78f5</load_address>
         <run_address>0x78f5</run_address>
         <size>0x277</size>
         <input_file_ref idref="fl-2"/>
      </object_component>
      <object_component id="oc-3d6">
         <name>.debug_info</name>
         <load_address>0x7b6c</load_address>
         <run_address>0x7b6c</run_address>
         <size>0x62</size>
         <input_file_ref idref="fl-2"/>
      </object_component>
      <object_component id="oc-fd">
         <name>.debug_info</name>
         <load_address>0x7bce</load_address>
         <run_address>0x7bce</run_address>
         <size>0x8b</size>
         <input_file_ref idref="fl-2"/>
      </object_component>
      <object_component id="oc-259">
         <name>.debug_info</name>
         <load_address>0x7c59</load_address>
         <run_address>0x7c59</run_address>
         <size>0x3b</size>
         <input_file_ref idref="fl-2"/>
      </object_component>
      <object_component id="oc-13c">
         <name>.debug_info</name>
         <load_address>0x7c94</load_address>
         <run_address>0x7c94</run_address>
         <size>0x297</size>
         <input_file_ref idref="fl-2"/>
      </object_component>
      <object_component id="oc-254">
         <name>.debug_info</name>
         <load_address>0x7f2b</load_address>
         <run_address>0x7f2b</run_address>
         <size>0xef</size>
         <input_file_ref idref="fl-2"/>
      </object_component>
      <object_component id="oc-128">
         <name>.debug_info</name>
         <load_address>0x801a</load_address>
         <run_address>0x801a</run_address>
         <size>0xbb</size>
         <input_file_ref idref="fl-2"/>
      </object_component>
      <object_component id="oc-1a0">
         <name>.debug_info</name>
         <load_address>0x80d5</load_address>
         <run_address>0x80d5</run_address>
         <size>0x94</size>
         <input_file_ref idref="fl-2"/>
      </object_component>
      <object_component id="oc-a5">
         <name>.debug_info</name>
         <load_address>0x8169</load_address>
         <run_address>0x8169</run_address>
         <size>0x2c</size>
         <input_file_ref idref="fl-2"/>
      </object_component>
      <object_component id="oc-25e">
         <name>.debug_info</name>
         <load_address>0x8195</load_address>
         <run_address>0x8195</run_address>
         <size>0x53</size>
         <input_file_ref idref="fl-2"/>
      </object_component>
      <object_component id="oc-24f">
         <name>.debug_info</name>
         <load_address>0x81e8</load_address>
         <run_address>0x81e8</run_address>
         <size>0x2c</size>
         <input_file_ref idref="fl-2"/>
      </object_component>
      <object_component id="oc-110">
         <name>.debug_info</name>
         <load_address>0x8214</load_address>
         <run_address>0x8214</run_address>
         <size>0x164</size>
         <input_file_ref idref="fl-3"/>
      </object_component>
      <object_component id="oc-31">
         <name>.debug_info</name>
         <load_address>0x8378</load_address>
         <run_address>0x8378</run_address>
         <size>0x84</size>
         <input_file_ref idref="fl-3"/>
      </object_component>
      <object_component id="oc-298">
         <name>.debug_info</name>
         <load_address>0x83fc</load_address>
         <run_address>0x83fc</run_address>
         <size>0x2e1</size>
         <input_file_ref idref="fl-4"/>
      </object_component>
      <object_component id="oc-154">
         <name>.debug_info</name>
         <load_address>0x86dd</load_address>
         <run_address>0x86dd</run_address>
         <size>0x266</size>
         <input_file_ref idref="fl-4"/>
      </object_component>
      <object_component id="oc-33f">
         <name>.debug_info</name>
         <load_address>0x8943</load_address>
         <run_address>0x8943</run_address>
         <size>0x53</size>
         <input_file_ref idref="fl-4"/>
      </object_component>
      <object_component id="oc-198">
         <name>.debug_info</name>
         <load_address>0x8996</load_address>
         <run_address>0x8996</run_address>
         <size>0x7e1</size>
         <input_file_ref idref="fl-13"/>
      </object_component>
      <object_component id="oc-123">
         <name>.debug_info</name>
         <load_address>0x9177</load_address>
         <run_address>0x9177</run_address>
         <size>0x110</size>
         <input_file_ref idref="fl-13"/>
      </object_component>
      <object_component id="oc-2c0">
         <name>.debug_info</name>
         <load_address>0x9287</load_address>
         <run_address>0x9287</run_address>
         <size>0x238</size>
         <input_file_ref idref="fl-13"/>
      </object_component>
      <object_component id="oc-2c5">
         <name>.debug_info</name>
         <load_address>0x94bf</load_address>
         <run_address>0x94bf</run_address>
         <size>0x327</size>
         <input_file_ref idref="fl-13"/>
      </object_component>
      <object_component id="oc-f4">
         <name>.debug_info</name>
         <load_address>0x97e6</load_address>
         <run_address>0x97e6</run_address>
         <size>0x2c</size>
         <input_file_ref idref="fl-14"/>
      </object_component>
      <object_component id="oc-375">
         <name>.debug_info</name>
         <load_address>0x9812</load_address>
         <run_address>0x9812</run_address>
         <size>0x621</size>
         <input_file_ref idref="fl-15"/>
      </object_component>
      <object_component id="oc-303">
         <name>.debug_info</name>
         <load_address>0x9e33</load_address>
         <run_address>0x9e33</run_address>
         <size>0xf0</size>
         <input_file_ref idref="fl-15"/>
      </object_component>
      <object_component id="oc-50d">
         <name>.debug_info</name>
         <load_address>0x9f23</load_address>
         <run_address>0x9f23</run_address>
         <size>0x1ba</size>
         <input_file_ref idref="fl-15"/>
      </object_component>
      <object_component id="oc-4b9">
         <name>.debug_info</name>
         <load_address>0xa0dd</load_address>
         <run_address>0xa0dd</run_address>
         <size>0x16a</size>
         <input_file_ref idref="fl-15"/>
      </object_component>
      <object_component id="oc-595">
         <name>.debug_info</name>
         <load_address>0xa247</load_address>
         <run_address>0xa247</run_address>
         <size>0x258</size>
         <input_file_ref idref="fl-15"/>
      </object_component>
      <object_component id="oc-4bf">
         <name>.debug_info</name>
         <load_address>0xa49f</load_address>
         <run_address>0xa49f</run_address>
         <size>0x194</size>
         <input_file_ref idref="fl-15"/>
      </object_component>
      <object_component id="oc-4c5">
         <name>.debug_info</name>
         <load_address>0xa633</load_address>
         <run_address>0xa633</run_address>
         <size>0x124</size>
         <input_file_ref idref="fl-15"/>
      </object_component>
      <object_component id="oc-4d0">
         <name>.debug_info</name>
         <load_address>0xa757</load_address>
         <run_address>0xa757</run_address>
         <size>0x12a</size>
         <input_file_ref idref="fl-15"/>
      </object_component>
      <object_component id="oc-5ab">
         <name>.debug_info</name>
         <load_address>0xa881</load_address>
         <run_address>0xa881</run_address>
         <size>0x18d</size>
         <input_file_ref idref="fl-15"/>
      </object_component>
      <object_component id="oc-4d6">
         <name>.debug_info</name>
         <load_address>0xaa0e</load_address>
         <run_address>0xaa0e</run_address>
         <size>0x16a</size>
         <input_file_ref idref="fl-15"/>
      </object_component>
      <object_component id="oc-5b2">
         <name>.debug_info</name>
         <load_address>0xab78</load_address>
         <run_address>0xab78</run_address>
         <size>0x1fb</size>
         <input_file_ref idref="fl-15"/>
      </object_component>
      <object_component id="oc-4dc">
         <name>.debug_info</name>
         <load_address>0xad73</load_address>
         <run_address>0xad73</run_address>
         <size>0x174</size>
         <input_file_ref idref="fl-15"/>
      </object_component>
      <object_component id="oc-411">
         <name>.debug_info</name>
         <load_address>0xaee7</load_address>
[...]
      </symbol>
      <symbol id="sm-2f8">
         <name>PowerCC32XX_contextSave</name>
         <value>0x2000ea20</value>
      </symbol>
      <symbol id="sm-2f9">
         <name>PowerCC32XX_configureWakeup</name>
         <value>0x2000ce25</value>
         <object_component_ref idref="oc-2fc"/>
      </symbol>
      <symbol id="sm-2fa">
         <name>Power_registerNotify</name>
         <value>0x2000e1c1</value>
         <object_component_ref idref="oc-52c"/>
      </symbol>
      <symbol id="sm-2fb">
         <name>PowerCC32XX_restoreParkedPin</name>
         <value>0x2000e169</value>
         <object_component_ref idref="oc-5b0"/>
      </symbol>
      <symbol id="sm-2fc">
         <name>Power_releaseDependency</name>
         <value>0x2000d895</value>
         <object_component_ref idref="oc-505"/>
      </symbol>
      <symbol id="sm-2fd">
         <name>Power_unregisterNotify</name>
         <value>0x2000e281</value>
         <object_component_ref idref="oc-50b"/>
      </symbol>
      <symbol id="sm-2fe">
         <name>Power_sleep</name>
         <value>0x2000c891</value>
         <object_component_ref idref="oc-40f"/>
      </symbol>
      <symbol id="sm-2ff">
         <name>Power_releaseConstraint</name>
         <value>0x2000dc31</value>
         <object_component_ref idref="oc-55e"/>
      </symbol>
      <symbol id="sm-300">
         <name>Power_idleFunc</name>
         <value>0x2000e2f5</value>
         <object_component_ref idref="oc-5f7"/>
      </symbol>
      <symbol id="sm-301">
         <name>Power_getConstraintMask</name>
         <value>0x2000e481</value>
         <object_component_ref idref="oc-3f2"/>
      </symbol>
      <symbol id="sm-302">
         <name>Power_init</name>
         <value>0x2000d405</value>
         <object_component_ref idref="oc-26b"/>
      </symbol>
      <symbol id="sm-303">
         <name>PowerCC32XX_setParkState</name>
         <value>0x2000d65d</value>
         <object_component_ref idref="oc-538"/>
      </symbol>
      <symbol id="sm-304">
         <name>Power_getDependencyCount</name>
         <value>0x2000e38d</value>
         <object_component_ref idref="oc-5a9"/>
      </symbol>
      <symbol id="sm-305">
         <name>Power_enablePolicy</name>
         <value>0x2000e429</value>
         <object_component_ref idref="oc-486"/>
      </symbol>
      <symbol id="sm-306">
         <name>Power_setConstraint</name>
         <value>0x2000df0d</value>
         <object_component_ref idref="oc-557"/>
      </symbol>
      <symbol id="sm-307">
         <name>PowerCC32XX_parkPin</name>
         <value>0x2000d9e1</value>
         <object_component_ref idref="oc-593"/>
      </symbol>
      <symbol id="sm-308">
         <name>PowerCC32XX_module</name>
         <value>0x2000e7a0</value>
         <object_component_ref idref="oc-302"/>
      </symbol>
      <symbol id="sm-309">
         <name>Power_setDependency</name>
         <value>0x2000d50d</value>
         <object_component_ref idref="oc-526"/>
      </symbol>
      <symbol id="sm-31a">
         <name>PowerCC32XX_enterLPDS</name>
         <value>0x2000dd89</value>
         <object_component_ref idref="oc-4c9"/>
      </symbol>
      <symbol id="sm-31b">
         <name>PowerCC32XX_resumeLPDS</name>
         <value>0x2000d8ed</value>
         <object_component_ref idref="oc-59c"/>
      </symbol>
      <symbol id="sm-363">
         <name>PWM_Params_init</name>
         <value>0x2000e379</value>
         <object_component_ref idref="oc-279"/>
      </symbol>
      <symbol id="sm-364">
         <name>PWM_setDuty</name>
         <value>0x2000e4a1</value>
         <object_component_ref idref="oc-28b"/>
      </symbol>
      <symbol id="sm-365">
         <name>PWM_start</name>
         <value>0x2000e4ab</value>
         <object_component_ref idref="oc-285"/>
      </symbol>
      <symbol id="sm-366">
         <name>PWM_open</name>
         <value>0x2000ded1</value>
         <object_component_ref idref="oc-27f"/>
      </symbol>
      <symbol id="sm-367">
         <name>PWM_defaultParams</name>
         <value>0x2000e718</value>
         <object_component_ref idref="oc-31f"/>
      </symbol>
      <symbol id="sm-368">
         <name>PWM_init</name>
         <value>0x2000dd45</value>
         <object_component_ref idref="oc-273"/>
      </symbol>
      <symbol id="sm-455">
         <name>PWMTimerCC32XX_fxnTable</name>
         <value>0x2000e6bc</value>
         <object_component_ref idref="oc-391"/>
      </symbol>
      <symbol id="sm-456">
         <name>PWMTimerCC32XX_setPeriod</name>
         <value>0x2000d0ad</value>
         <object_component_ref idref="oc-44e"/>
      </symbol>
      <symbol id="sm-457">
         <name>PWMTimerCC32XX_setDutyAndPeriod</name>
         <value>0x2000c751</value>
         <object_component_ref idref="oc-454"/>
      </symbol>
      <symbol id="sm-458">
         <name>PWMTimerCC32XX_stop</name>
         <value>0x2000ca99</value>
         <object_component_ref idref="oc-460"/>
      </symbol>
      <symbol id="sm-459">
         <name>PWMTimerCC32XX_start</name>
         <value>0x2000d58d</value>
         <object_component_ref idref="oc-45a"/>
      </symbol>
      <symbol id="sm-45a">
         <name>PWMTimerCC32XX_close</name>
         <value>0x2000d2f5</value>
         <object_component_ref idref="oc-430"/>
      </symbol>
      <symbol id="sm-45b">
         <name>PWMTimerCC32XX_setDuty</name>
         <value>0x2000cc19</value>
         <object_component_ref idref="oc-448"/>
      </symbol>
      <symbol id="sm-45c">
         <name>PWMTimerCC32XX_init</name>
         <value>0x2000d1db</value>
         <object_component_ref idref="oc-43c"/>
      </symbol>
      <symbol id="sm-45d">
         <name>PWMTimerCC32XX_control</name>
         <value>0x2000e4b5</value>
         <object_component_ref idref="oc-436"/>
      </symbol>
      <symbol id="sm-45e">
         <name>PWMTimerCC32XX_open</name>
         <value>0x2000c9a9</value>
         <object_component_ref idref="oc-442"/>
      </symbol>
      <symbol id="sm-496">
         <name>TimerCC32XX_freeTimerResource</name>
         <value>0x2000e101</value>
         <object_component_ref idref="oc-4f9"/>
      </symbol>
      <symbol id="sm-497">
         <name>TimerCC32XX_allocateTimerResource</name>
         <value>0x2000d991</value>
         <object_component_ref idref="oc-520"/>
      </symbol>
      <symbol id="sm-4b2">
         <name>List_remove</name>
         <value>0x2000e237</value>
         <object_component_ref idref="oc-5d7"/>
      </symbol>
      <symbol id="sm-4b3">
         <name>List_put</name>
         <value>0x2000e211</value>
         <object_component_ref idref="oc-5e5"/>
      </symbol>
      <symbol id="sm-514">
         <name>SemaphoreP_defaultParams</name>
         <value>0x2000ea04</value>
         <object_component_ref idref="oc-56a"/>
      </symbol>
      <symbol id="sm-515">
         <name>SemaphoreP_construct</name>
         <value>0x2000d941</value>
         <object_component_ref idref="oc-3ae"/>
      </symbol>
      <symbol id="sm-516">
         <name>SemaphoreP_destruct</name>
         <value>0x2000e2f3</value>
         <object_component_ref idref="oc-3ba"/>
      </symbol>
      <symbol id="sm-517">
         <name>SemaphoreP_pend</name>
         <value>0x2000cf71</value>
         <object_component_ref idref="oc-3b4"/>
      </symbol>
      <symbol id="sm-518">
         <name>SemaphoreP_Params_init</name>
         <value>0x2000e439</value>
         <object_component_ref idref="oc-46f"/>
      </symbol>
      <symbol id="sm-519">
         <name>clkFxn</name>
         <value>0x2000e47f</value>
         <object_component_ref idref="oc-498"/>
      </symbol>
      <symbol id="sm-5ee">
         <name>ClockP_ctrl</name>
         <value>0x2000eb98</value>
      </symbol>
      <symbol id="sm-5ef">
         <name>ClockP_doTick</name>
         <value>0x2000dcbd</value>
         <object_component_ref idref="oc-74"/>
      </symbol>
      <symbol id="sm-5f0">
         <name>ClockP_startup</name>
         <value>0x2000e099</value>
         <object_component_ref idref="oc-327"/>
      </symbol>
      <symbol id="sm-5f1">
         <name>ClockP_stop</name>
         <value>0x2000dc79</value>
         <object_component_ref idref="oc-578"/>
      </symbol>
      <symbol id="sm-5f2">
         <name>ClockP_getTicksUntilInterrupt</name>
         <value>0x2000e065</value>
         <object_component_ref idref="oc-3f8"/>
      </symbol>
      <symbol id="sm-5f3">
         <name>ClockP_setTicks</name>
         <value>0x2000e409</value>
         <object_component_ref idref="oc-415"/>
      </symbol>
      <symbol id="sm-5f4">
         <name>ClockP_tickPeriod</name>
         <value>0x2000ea14</value>
         <object_component_ref idref="oc-339"/>
      </symbol>
      <symbol id="sm-5f5">
         <name>ClockP_usleep</name>
         <value>0x2000db11</value>
         <object_component_ref idref="oc-291"/>
      </symbol>
      <symbol id="sm-5f6">
         <name>ClockP_getSystemTicks</name>
         <value>0x2000e3f9</value>
         <object_component_ref idref="oc-3fe"/>
      </symbol>
      <symbol id="sm-5f7">
         <name>ClockP_destruct</name>
         <value>0x2000de95</value>
         <object_component_ref idref="oc-492"/>
      </symbol>
      <symbol id="sm-5f8">
         <name>ClockP_start</name>
         <value>0x2000d6c1</value>
         <object_component_ref idref="oc-480"/>
      </symbol>
      <symbol id="sm-5f9">
         <name>ClockP_sysTickHandler</name>
         <value>0x2000dcbd</value>
         <object_component_ref idref="oc-74"/>
      </symbol>
      <symbol id="sm-5fa">
         <name>ClockP_isActive</name>
         <value>0x2000e48d</value>
         <object_component_ref idref="oc-48c"/>
      </symbol>
      <symbol id="sm-5fb">
         <name>ClockP_getCpuFreq</name>
         <value>0x2000e3e9</value>
         <object_component_ref idref="oc-3e6"/>
      </symbol>
      <symbol id="sm-5fc">
         <name>ClockP_add</name>
         <value>0x2000e3d7</value>
         <object_component_ref idref="oc-47a"/>
      </symbol>
      <symbol id="sm-62e">
         <name>HwiP_swiPIntNum</name>
         <value>0x2000ea10</value>
         <object_component_ref idref="oc-4f4"/>
      </symbol>
      <symbol id="sm-62f">
         <name>HwiP_disable</name>
         <value>0x2000e449</value>
         <object_component_ref idref="oc-309"/>
      </symbol>
      <symbol id="sm-630">
         <name>HwiP_key</name>
         <value>0x2000ea0c</value>
         <object_component_ref idref="oc-4f4"/>
      </symbol>
      <symbol id="sm-631">
         <name>HwiP_post</name>
         <value>0x2000e4c1</value>
         <object_component_ref idref="oc-4ee"/>
      </symbol>
      <symbol id="sm-632">
         <name>HwiP_enable</name>
         <value>0x2000e457</value>
         <object_component_ref idref="oc-14d"/>
      </symbol>
      <symbol id="sm-633">
         <name>HwiP_restore</name>
         <value>0x2000e419</value>
         <object_component_ref idref="oc-30f"/>
      </symbol>
      <symbol id="sm-662">
         <name>PowerCC32XX_initPolicy</name>
         <value>0x2000d93f</value>
         <object_component_ref idref="oc-379"/>
      </symbol>
      <symbol id="sm-663">
         <name>PowerCC32XX_sleepPolicy</name>
         <value>0x2000c46d</value>
         <object_component_ref idref="oc-37f"/>
      </symbol>
      <symbol id="sm-6b3">
         <name>resetISR</name>
         <value>0x2000e2d9</value>
         <object_component_ref idref="oc-1c"/>
      </symbol>
      <symbol id="sm-6b4">
         <name>resetVectorAddr</name>
         <value>0x2000e2ec</value>
         <object_component_ref idref="oc-1c"/>
      </symbol>
      <symbol id="sm-6b5">
         <name>initVectors</name>
         <value>0x2000dff5</value>
         <object_component_ref idref="oc-54"/>
      </symbol>
      <symbol id="sm-6b6">
         <name>resetVectors</name>
         <value>0x20004000</value>
         <object_component_ref idref="oc-22"/>
      </symbol>
      <symbol id="sm-6e6">
         <name>SwiP_disable</name>
         <value>0x2000e2bd</value>
         <object_component_ref idref="oc-3ec"/>
      </symbol>
      <symbol id="sm-6e7">
         <name>SwiP_restore</name>
         <value>0x2000ddcd</value>
         <object_component_ref idref="oc-41b"/>
      </symbol>
      <symbol id="sm-72d">
         <name>IntVTableBaseSet</name>
         <value>0x2000e365</value>
         <object_component_ref idref="oc-aa"/>
      </symbol>
      <symbol id="sm-72e">
         <name>IntEnable</name>
         <value>0x2000cd7d</value>
         <object_component_ref idref="oc-b0"/>
      </symbol>
      <symbol id="sm-72f">
         <name>IntMasterDisable</name>
         <value>0x2000e497</value>
         <object_component_ref idref="oc-4e"/>
      </symbol>
      <symbol id="sm-730">
         <name>IntPendSet</name>
         <value>0x2000d26d</value>
         <object_component_ref idref="oc-5bf"/>
      </symbol>
      <symbol id="sm-76a">
         <name>PinModeGet</name>
         <value>0x2000e0cd</value>
         <object_component_ref idref="oc-2ef"/>
      </symbol>
      <symbol id="sm-76b">
         <name>PinConfigSet</name>
         <value>0x2000d37d</value>
         <object_component_ref idref="oc-600"/>
      </symbol>
      <symbol id="sm-76c">
         <name>PinModeSet</name>
         <value>0x2000de55</value>
         <object_component_ref idref="oc-2f5"/>
      </symbol>
      <symbol id="sm-76d">
         <name>PinToPadGet</name>
         <value>0x2000e2a1</value>
         <object_component_ref idref="oc-511"/>
      </symbol>
      <symbol id="sm-836">
         <name>PRCMLPDSRestoreInfoSet</name>
         <value>0x2000dd01</value>
         <object_component_ref idref="oc-5a1"/>
      </symbol>
      <symbol id="sm-837">
         <name>PRCMPeripheralReset</name>
         <value>0x2000d83d</value>
         <object_component_ref idref="oc-2e3"/>
      </symbol>
      <symbol id="sm-838">
         <name>PRCMLPDSEnter</name>
         <value>0x2000dba1</value>
         <object_component_ref idref="oc-4e0"/>
      </symbol>
      <symbol id="sm-839">
         <name>PRCMPeripheralClkEnable</name>
         <value>0x2000dbe9</value>
         <object_component_ref idref="oc-2dd"/>
      </symbol>
      <symbol id="sm-83a">
         <name>PRCMLPDSEnterKeepDebugIf</name>
         <value>0x2000dfbd</value>
         <object_component_ref idref="oc-4e6"/>
      </symbol>
      <symbol id="sm-83b">
         <name>PRCMCC3200MCUInit</name>
         <value>0x2000c041</value>
         <object_component_ref idref="oc-265"/>
      </symbol>
      <symbol id="sm-83c">
         <name>PRCMHIBRegWrite</name>
         <value>0x2000e33b</value>
         <object_component_ref idref="oc-2d1"/>
      </symbol>
      <symbol id="sm-83d">
         <name>PRCMSysResetCauseGet</name>
         <value>0x2000d721</value>
         <object_component_ref idref="oc-2ca"/>
      </symbol>
      <symbol id="sm-83e">
         <name>PRCMPeripheralClkDisable</name>
         <value>0x2000e199</value>
         <object_component_ref idref="oc-2e9"/>
      </symbol>
      <symbol id="sm-83f">
         <name>PRCMHIBRegRead</name>
         <value>0x2000e325</value>
         <object_component_ref idref="oc-2d7"/>
      </symbol>
      <symbol id="sm-847">
         <name>UtilsDelay</name>
         <value>0x2000e4bb</value>
         <object_component_ref idref="oc-2d0"/>
      </symbol>
      <symbol id="sm-851">
         <name>CPUcpsid</name>
         <value>0x2000e351</value>
         <object_component_ref idref="oc-9e"/>
      </symbol>
      <symbol id="sm-861">
         <name>FlashDisable</name>
         <value>0x2000db59</value>
         <object_component_ref idref="oc-5b7"/>
      </symbol>
      <symbol id="sm-871">
         <name>__aeabi_lmul</name>
         <value>0x2000e30d</value>
         <object_component_ref idref="oc-3a8"/>
      </symbol>
      <symbol id="sm-88c">
         <name>memcpy</name>
         <value>0x2000d011</value>
         <object_component_ref idref="oc-36"/>
      </symbol>
      <symbol id="sm-88d">
         <name>__aeabi_memcpy</name>
         <value>0x2000d011</value>
         <object_component_ref idref="oc-36"/>
      </symbol>
      <symbol id="sm-88e">
         <name>__aeabi_memcpy8</name>
         <value>0x2000d011</value>
         <object_component_ref idref="oc-36"/>
      </symbol>
      <symbol id="sm-88f">
         <name>__aeabi_memcpy4</name>
         <value>0x2000d011</value>
         <object_component_ref idref="oc-36"/>
      </symbol>
      <symbol id="sm-89d">
         <name>__aeabi_uldivmod</name>
         <value>0x2000d145</value>
         <object_component_ref idref="oc-40a"/>
      </symbol>
      <symbol id="sm-8b2">
         <name>__TI_zero_init_nomemset</name>
         <value>0x2000e3a1</value>
         <object_component_ref idref="oc-42"/>
      </symbol>
      <symbol id="sm-8c9">
         <name>__TI_decompress_none</name>
         <value>0x2000e465</value>
         <object_component_ref idref="oc-15"/>
      </symbol>
      <symbol id="sm-8ec">
         <name>__TI_decompress_lzss</name>
         <value>0x2000d5f5</value>
         <object_component_ref idref="oc-f"/>
      </symbol>
      <symbol id="sm-8fe">
         <name>__stack</name>
         <value>0x20003000</value>
         <object_component_ref idref="oc-25"/>
      </symbol>
      <symbol id="sm-8ff">
         <name>_c_int00_noargs</name>
         <value>0x2000e1e9</value>
         <object_component_ref idref="oc-c0"/>
      </symbol>
      <symbol id="sm-90a">
         <name>C$$EXIT</name>
         <value>0x2000e4c9</value>
         <object_component_ref idref="oc-15a"/>
      </symbol>
      <symbol id="sm-90b">
         <name>abort</name>
         <value>0x2000e4c9</value>
         <object_component_ref idref="oc-15a"/>
      </symbol>
      <symbol id="sm-920">
         <name>_sys_memory</name>
         <value>0x20004040</value>
         <object_component_ref idref="oc-28"/>
      </symbol>
      <symbol id="sm-92d">
         <name>__aeabi_idiv0</name>
         <value>0x2000e4d3</value>
         <object_component_ref idref="oc-4b1"/>
      </symbol>
      <symbol id="sm-92e">
         <name>__aeabi_ldiv0</name>
         <value>0x2000e4d3</value>
         <object_component_ref idref="oc-4b1"/>
      </symbol>
      <symbol id="sm-956">
         <name>__TI_auto_init_nobinit_nopinit</name>
         <value>0x2000de11</value>
         <object_component_ref idref="oc-166"/>
      </symbol>
      <symbol id="sm-960">
         <name>_system_pre_init</name>
         <value>0x2000e4c5</value>
         <object_component_ref idref="oc-109"/>
      </symbol>
      <symbol id="sm-962">
         <name>__TI_static_base__</name>
         <value>0x2000ebc0</value>
      </symbol>
      <symbol id="sm-965">
         <name>__mpu_init</name>
         <value>0x0</value>
      </symbol>
      <symbol id="sm-966">
         <name>_system_post_cinit</name>
         <value>0x0</value>
      </symbol>
      <symbol id="sm-967">
         <name>usleep</name>
         <value>0x2000db11</value>
      </symbol>
      <symbol id="sm-968">
         <name>NoRTOS_start</name>
         <value>0x2000e457</value>
      </symbol>
   </symbol_table>
   <title>Link successful</title>
</link_info>
