******************************************************************************
                  TI ARM Linker PC v18.1.4                     
******************************************************************************
>> Linked Fri May  3 22:15:23 2019

OUTPUT FILE NAME:   <pwmled2_CC3220S_LAUNCHXL_nortos_ccs2_I2CSlave.out>
ENTRY POINT SYMBOL: "resetISR"  address: 2000f1c1


MEMORY CONFIGURATION

         name            origin    length      used     unused   attr    fill
----------------------  --------  ---------  --------  --------  ----  --------
  SRAM2                 20000000   00004000  0000130c  00002cf4  RW X
  SRAM                  20004000   0003c000  0000c31f  0002fce1  RW X


SEGMENT ALLOCATION MAP

run origin  load origin   length   init length attrs members
----------  ----------- ---------- ----------- ----- -------
20003000    20003000    00001000   00000000    rw-
  20003000    20003000    00001000   00000000    rw- .stack
20004000    20004000    00000040   00000040    r--
  20004000    20004000    00000040   00000040    r-- .resetVecs
20004040    20004040    00008000   00000000    rw-
  20004040    20004040    00008000   00000000    rw- .sysmem
2000c040    2000c040    000034b0   000034b0    r-x
  2000c040    2000c040    000034b0   000034b0    r-x .text
2000f4f0    2000f4f0    000005f5   00000000    rw-
  2000f4f0    2000f4f0    000005f5   00000000    rw- .data
2000fae8    2000fae8    0000041a   0000041a    r--
  2000fae8    2000fae8    0000041a   0000041a    r-- .const
2000ff08    2000ff08    00000308   00000000    rw-
  2000ff08    2000ff08    00000308   00000000    rw- .bss
20010210    20010210    00000118   00000118    r--
  20010210    20010210    00000118   00000118    r-- .cinit


SECTION ALLOCATION MAP

 output                                  attributes/
section   page    origin      length       input sections
--------  ----  ----------  ----------   ----------------
.text      0    2000c040    000034b0     
                  2000c040    0000042c     driverlib.a : prcm.obj (.text:PRCMCC3200MCUInit)
                  2000c46c    000001d8     drivers_cc32xx.aem4 : GPIOCC32XX.oem4 (.text:GPIO_setConfig)
                  2000c644    0000019c     nortos_cc32xx.aem4 : PowerCC32XX_nortos.oem4 (.text:PowerCC32XX_sleepPolicy)
                  2000c7e0    00000148     drivers_cc32xx.aem4 : PowerCC32XX.oem4 (.text:parkPins)
                  2000c928    00000140                         : PWMTimerCC32XX.oem4 (.text:PWMTimerCC32XX_setDutyAndPeriod)
                  2000ca68    00000128                         : TimerCC32XX.oem4 (.text:TimerCC32XX_open)
                  2000cb90    00000118                         : PowerCC32XX.oem4 (.text:Power_sleep)
                  2000cca8    00000100     pwmled2.obj (.text:mainThread)
                  2000cda8    000000f0     drivers_cc32xx.aem4 : PWMTimerCC32XX.oem4 (.text:PWMTimerCC32XX_open)
                  2000ce98    000000d8     rtsv7M4_T_le_eabi.lib : memory.c.obj (.text:free)
                  2000cf70    000000c4     drivers_cc32xx.aem4 : GPIOCC32XX.oem4 (.text:GPIO_init)
                  2000d034    000000c4                         : PWMTimerCC32XX.oem4 (.text:PWMTimerCC32XX_stop)
                  2000d0f8    000000b8                         : PWMTimerCC32XX.oem4 (.text:PWMTimerCC32XX_setDuty)
                  2000d1b0    000000ac                         : PowerCC32XX.oem4 (.text:restoreParkedPins)
                  2000d25c    000000a8     driverlib.a : interrupt.obj (.text:IntEnable)
                  2000d304    000000a8     drivers_cc32xx.aem4 : PowerCC32XX.oem4 (.text:PowerCC32XX_configureWakeup)
                  2000d3ac    000000a4                         : PWMTimerCC32XX.oem4 (.text:initHw)
                  2000d450    000000a0     nortos_cc32xx.aem4 : SemaphoreP_nortos.oem4 (.text:SemaphoreP_pend)
                  2000d4f0    0000009c     rtsv7M4_T_le_eabi.lib : memcpy_t2.asm.obj (.text)
                  2000d58c    00000098     drivers_cc32xx.aem4 : PWMTimerCC32XX.oem4 (.text:PWMTimerCC32XX_setPeriod)
                  2000d624    00000098                         : GPIOCC32XX.oem4 (.text:powerNotifyFxn)
                  2000d6bc    00000096     rtsv7M4_T_le_eabi.lib : ull_div_t2.asm.obj (.text)
                  2000d752    00000002     drivers_cc32xx.aem4 : PWMTimerCC32XX.oem4 (.text:PWMTimerCC32XX_init)
                  2000d754    00000090                         : PowerCC32XX.oem4 (.text:restoreNVICRegs)
                  2000d7e4    0000008c     nortos_cc32xx.aem4 : HwiPCC32XX_nortos.oem4 (.text:HwiP_construct)
                  2000d870    00000088     driverlib.a : interrupt.obj (.text:IntPendSet)
                  2000d8f8    00000088     drivers_cc32xx.aem4 : PWMTimerCC32XX.oem4 (.text:PWMTimerCC32XX_close)
                  2000d980    00000088     driverlib.a : pin.obj (.text:PinConfigSet)
                  2000da08    00000084     drivers_cc32xx.aem4 : PowerCC32XX.oem4 (.text:Power_init)
                  2000da8c    00000084                         : PowerCC32XX.oem4 (.text:saveNVICRegs)
                  2000db10    00000080                         : PowerCC32XX.oem4 (.text:Power_setDependency)
                  2000db90    0000007a     rtsv7M4_T_le_eabi.lib : fs_mul_t2.asm.obj (.text)
                  2000dc0a    00000002     nortos_cc32xx.aem4 : PowerCC32XX_nortos.oem4 (.text:PowerCC32XX_initPolicy)
                  2000dc0c    00000078     drivers_cc32xx.aem4 : GPIOCC32XX.oem4 (.text:GPIO_hwiIntFxn)
                  2000dc84    00000078                         : TimerCC32XX.oem4 (.text:TimerCC32XX_start)
                  2000dcfc    00000078     rtsv7M4_T_le_eabi.lib : memory.c.obj (.text:malloc)
                  2000dd74    00000068     drivers_cc32xx.aem4 : PWMTimerCC32XX.oem4 (.text:PWMTimerCC32XX_start)
                  2000dddc    00000068     rtsv7M4_T_le_eabi.lib : copy_decompress_lzss.c.obj (.text:decompress:lzss:__TI_decompress_lzss)
                  2000de44    00000064     drivers_cc32xx.aem4 : PowerCC32XX.oem4 (.text:PowerCC32XX_setParkState)
                  2000dea8    00000060     nortos_cc32xx.aem4 : ClockPSysTick_nortos.oem4 (.text:ClockP_start)
                  2000df08    00000060     I2C_Slave.obj (.text:I2C_Slave_init)
                  2000df68    00000060     driverlib.a : prcm.obj (.text:PRCMSysResetCauseGet)
                  2000dfc8    00000060     nortos_cc32xx.aem4 : ClockPSysTick_nortos.oem4 (.text:getTimeUsec)
                  2000e028    0000005c                        : ClockPSysTick_nortos.oem4 (.text:sysTickInit)
                  2000e084    00000058     drivers_cc32xx.aem4 : GPIOCC32XX.oem4 (.text:GPIO_setCallback)
                  2000e0dc    00000058     driverlib.a : interrupt.obj (.text:IntPendClear)
                  2000e134    00000058                 : prcm.obj (.text:PRCMPeripheralReset)
                  2000e18c    00000058     drivers_cc32xx.aem4 : PowerCC32XX.oem4 (.text:Power_releaseDependency)
                  2000e1e4    00000056                         : TimerCC32XX.oem4 (.text:TimerCC32XX_stop)
                  2000e23a    00000052                         : PowerCC32XX_asm.oem4 (.text:PowerCC32XX_resumeLPDS)
                  2000e28c    00000052                         : TimerCC32XX.oem4 (.text:initHw)
                  2000e2de    00000002     nortos_cc32xx.aem4 : SemaphoreP_nortos.oem4 (.text:SemaphoreP_destruct)
                  2000e2e0    00000050                        : SemaphoreP_nortos.oem4 (.text:SemaphoreP_construct)
                  2000e330    00000050     drivers_cc32xx.aem4 : TimerCC32XX.oem4 (.text:TimerCC32XX_allocateTimerResource)
                  2000e380    0000004c                         : GPIOCC32XX.oem4 (.text:GPIO_enableInt)
                  2000e3cc    0000004c                         : PowerCC32XX.oem4 (.text:PowerCC32XX_parkPin)
                  2000e418    0000004c     driverlib.a : i2c.obj (.text:_I2CIntNumberGet)
                  2000e464    0000004c     drivers_cc32xx.aem4 : PWMTimerCC32XX.oem4 (.text:getDutyCounts)
                  2000e4b0    0000004c                         : PWMTimerCC32XX.oem4 (.text:getPeriodCounts)
                  2000e4fc    0000004c     pwmled2.obj (.text:gpioButtonFxn0)
                  2000e548    0000004c     drivers_cc32xx.aem4 : PowerCC32XX.oem4 (.text:restorePeriphClocks)
                  2000e594    00000048     nortos_cc32xx.aem4 : ClockPSysTick_nortos.oem4 (.text:ClockP_usleep)
                  2000e5dc    00000048     driverlib.a : flash.obj (.text:FlashDisable)
                  2000e624    00000048                 : prcm.obj (.text:PRCMLPDSEnter)
                  2000e66c    00000048                 : prcm.obj (.text:PRCMPeripheralClkEnable)
                  2000e6b4    00000048     drivers_cc32xx.aem4 : PowerCC32XX.oem4 (.text:Power_releaseConstraint)
                  2000e6fc    00000046                         : TimerCC32XX.oem4 (.text:getPrescaler)
                  2000e742    00000002                         : TimerCC32XX.oem4 (.text:TimerCC32XX_init)
                  2000e744    00000044     nortos_cc32xx.aem4 : ClockPSysTick_nortos.oem4 (.text:ClockP_stop)
                  2000e788    00000044                        : ClockPSysTick_nortos.oem4 (.text:ClockP_sysTickHandler)
                  2000e7cc    00000044     driverlib.a : prcm.obj (.text:PRCMLPDSRestoreInfoSet)
                  2000e810    00000044     drivers_cc32xx.aem4 : PWM.oem4 (.text:PWM_init)
                  2000e854    00000044                         : PowerCC32XX_asm.oem4 (.text:PowerCC32XX_enterLPDS)
                  2000e898    00000044     nortos_cc32xx.aem4 : SemaphoreP_nortos.oem4 (.text:SemaphoreP_post)
                  2000e8dc    00000044                        : SwiP_nortos.oem4 (.text:SwiP_restore)
                  2000e920    00000044     drivers_cc32xx.aem4 : Timer.oem4 (.text:Timer_init)
                  2000e964    00000044     rtsv7M4_T_le_eabi.lib : autoinit.c.obj (.text:__TI_auto_init_nobinit_nopinit:__TI_auto_init_nobinit_nopinit)
                  2000e9a8    00000040     driverlib.a : pin.obj (.text:PinModeSet)
                  2000e9e8    0000003c     nortos_cc32xx.aem4 : ClockPSysTick_nortos.oem4 (.text:ClockP_destruct)
                  2000ea24    0000003c     drivers_cc32xx.aem4 : PWM.oem4 (.text:PWM_open)
                  2000ea60    0000003c                         : PowerCC32XX.oem4 (.text:Power_setConstraint)
                  2000ea9c    0000003c     rtsv7M4_T_le_eabi.lib : memory.c.obj (.text:minsert)
                  2000ead8    0000003a     drivers_cc32xx.aem4 : TimerCC32XX.oem4 (.text:TimerCC32XX_close)
                  2000eb12    0000003a     nortos_cc32xx.aem4 : PowerCC32XX_nortos.oem4 (.text:getCountsRTC)
                  2000eb4c    0000003a     drivers_cc32xx.aem4 : PWMTimerCC32XX.oem4 (.text:getPowerMgrId)
                  2000eb86    00000002     rtsv7M4_T_le_eabi.lib : _lock.c.obj (.text:_nop)
                  2000eb88    00000038     driverlib.a : prcm.obj (.text:PRCMLPDSEnterKeepDebugIf)
                  2000ebc0    00000038     nortos_cc32xx.aem4 : startup_cc32xx_ccs.oem4 (.text:initVectors)
                  2000ebf8    00000038     rtsv7M4_T_le_eabi.lib : memory.c.obj (.text:minit)
                  2000ec30    00000038     drivers_cc32xx.aem4 : PowerCC32XX.oem4 (.text:notify)
                  2000ec68    00000038     rtsv7M4_T_le_eabi.lib : fs_toi_t2.asm.obj (.text)
                  2000eca0    00000036     drivers_cc32xx.aem4 : TimerCC32XX.oem4 (.text:TimerCC32XX_hwiIntFunction)
                  2000ecd6    00000036     driverlib.a : timer.obj (.text:TimerControlStall)
                  2000ed0c    00000034     nortos_cc32xx.aem4 : ClockPSysTick_nortos.oem4 (.text:ClockP_getTicksUntilInterrupt)
                  2000ed40    00000034                        : ClockPSysTick_nortos.oem4 (.text:ClockP_startup)
                  2000ed74    00000034     driverlib.a : pin.obj (.text:PinModeGet)
                  2000eda8    00000034     drivers_cc32xx.aem4 : TimerCC32XX.oem4 (.text:TimerCC32XX_freeTimerResource)
                  2000eddc    00000034                         : TimerCC32XX.oem4 (.text:getPowerMgrId)
                  2000ee10    00000030                         : PowerCC32XX.oem4 (.text:PowerCC32XX_restoreParkedPin)
                  2000ee40    0000002a     nortos_cc32xx.aem4 : HwiPCC32XX_nortos.oem4 (.text:HwiP_create)
                  2000ee6a    0000002a     driverlib.a : timer.obj (.text:TimerLoadSet)
                  2000ee94    0000002a                 : timer.obj (.text:TimerPrescaleSet)
                  2000eebe    00000002     nortos_cc32xx.aem4 : startup_cc32xx_ccs.oem4 (.text:busFaultHandler)
                  2000eec0    00000028     I2C_Slave.obj (.text:I2C_Slave_Store_Data)
                  2000eee8    00000028     driverlib.a : prcm.obj (.text:PRCMPeripheralClkDisable)
                  2000ef10    00000028     drivers_cc32xx.aem4 : PowerCC32XX.oem4 (.text:Power_registerNotify)
                  2000ef38    00000028     rtsv7M4_T_le_eabi.lib : boot_cortex_m.c.obj (.text:_c_int00_noargs:_c_int00_noargs)
                  2000ef60    00000028                           : memory.c.obj (.text:mremove)
                  2000ef88    00000026     drivers_cc32xx.aem4 : List.oem4 (.text:List_put)
                  2000efae    00000026                         : List.oem4 (.text:List_remove)
                  2000efd4    00000024     nortos_cc32xx.aem4 : HwiPCC32XX_nortos.oem4 (.text:HwiP_dispatch)
                  2000eff8    00000024     rtsv7M4_T_le_eabi.lib : u_tofs_t2.asm.obj (.text)
                  2000f01c    00000024     nortos_cc32xx.aem4 : ClockPSysTick_nortos.oem4 (.text:sleepTicks)
                  2000f040    00000020                        : HwiPCC32XX_nortos.oem4 (.text:HwiP_destruct)
                  2000f060    00000020     driverlib.a : interrupt.obj (.text:IntRegister)
                  2000f080    00000020     drivers_cc32xx.aem4 : PowerCC32XX.oem4 (.text:Power_unregisterNotify)
                  2000f0a0    0000001e     driverlib.a : i2c.obj (.text:I2CIntRegister)
                  2000f0be    0000001e                 : i2c.obj (.text:I2CSlaveDisable)
                  2000f0dc    0000001e                 : i2c.obj (.text:I2CSlaveEnable)
                  2000f0fa    0000001e                 : timer.obj (.text:TimerDisable)
                  2000f118    0000001e                 : timer.obj (.text:TimerEnable)
                  2000f136    00000002     nortos_cc32xx.aem4 : SemaphoreP_nortos.oem4 (.text:clkFxn)
                  2000f138    0000001c     driverlib.a : pin.obj (.text:PinToPadGet)
                  2000f154    0000001c                 : pin.obj (.text:PinTypeI2C)
                  2000f170    0000001c     nortos_cc32xx.aem4 : SwiP_nortos.oem4 (.text:SwiP_disable)
                  2000f18c    0000001a     driverlib.a : i2c.obj (.text:I2CSlaveInit)
                  2000f1a6    0000001a     nortos_cc32xx.aem4 : SemaphoreP_nortos.oem4 (.text:SemaphoreP_createBinary)
                  2000f1c0    0000001a                        : startup_cc32xx_ccs.oem4 (.text:resetISR)
                  2000f1da    00000018     driverlib.a : i2c.obj (.text:I2CSlaveIntEnable)
                  2000f1f2    00000002     nortos_cc32xx.aem4 : startup_cc32xx_ccs.oem4 (.text:defaultHandler)
                  2000f1f4    00000018     drivers_cc32xx.aem4 : PowerCC32XX.oem4 (.text:Power_idleFunc)
                  2000f20c    00000018                         : TimerCC32XX.oem4 (.text:TimerCC32XX_getCount)
                  2000f224    00000018     driverlib.a : timer.obj (.text:TimerIntDisable)
                  2000f23c    00000018                 : timer.obj (.text:TimerIntEnable)
                  2000f254    00000018     rtsv7M4_T_le_eabi.lib : ll_mul_t2.asm.obj (.text)
                  2000f26c    00000016     driverlib.a : i2c.obj (.text:I2CMasterDisable)
                  2000f282    00000016                 : prcm.obj (.text:PRCMHIBRegRead)
                  2000f298    00000016                 : prcm.obj (.text:PRCMHIBRegWrite)
                  2000f2ae    00000016     nortos_cc32xx.aem4 : SemaphoreP_nortos.oem4 (.text:SemaphoreP_create)
                  2000f2c4    00000014     driverlib.a : cpu.obj (.text:CPUcpsid)
                  2000f2d8    00000014     nortos_cc32xx.aem4 : HwiPCC32XX_nortos.oem4 (.text:HwiP_inISR)
                  2000f2ec    00000014     driverlib.a : interrupt.obj (.text:IntVTableBaseSet)
                  2000f300    00000014     drivers_cc32xx.aem4 : PWM.oem4 (.text:PWM_Params_init)
                  2000f314    00000014                         : PowerCC32XX.oem4 (.text:Power_disablePolicy)
                  2000f328    00000014                         : PowerCC32XX.oem4 (.text:Power_getDependencyCount)
                  2000f33c    00000012     nortos_cc32xx.aem4 : HwiPCC32XX_nortos.oem4 (.text:HwiP_Params_init)
                  2000f34e    00000012     driverlib.a : i2c.obj (.text:I2CSlaveIntClear)
                  2000f360    00000012                 : timer.obj (.text:TimerIntClear)
                  2000f372    00000012     rtsv7M4_T_le_eabi.lib : copy_zero_init.c.obj (.text:decompress:ZI:__TI_zero_init_nomemset:__TI_zero_init_nomemset)
                  2000f384    00000012     main_nortos.obj (.text:main)
                  2000f396    00000012     drivers_cc32xx.aem4 : PWMTimerCC32XX.oem4 (.text:postNotifyFxn)
                  2000f3a8    00000010     nortos_cc32xx.aem4 : ClockPSysTick_nortos.oem4 (.text:ClockP_add)
                  2000f3b8    00000010                        : ClockPSysTick_nortos.oem4 (.text:ClockP_getCpuFreq)
                  2000f3c8    00000010                        : ClockPSysTick_nortos.oem4 (.text:ClockP_getSystemTicks)
                  2000f3d8    00000010                        : ClockPSysTick_nortos.oem4 (.text:ClockP_setTicks)
                  2000f3e8    00000010                        : HwiPCC32XX_nortos.oem4 (.text:HwiP_delete)
                  2000f3f8    00000010                        : HwiPCC32XX_nortos.oem4 (.text:HwiP_restore)
                  2000f408    00000010     driverlib.a : i2c.obj (.text:I2CSlaveDataGet)
                  2000f418    00000010     drivers_cc32xx.aem4 : PowerCC32XX.oem4 (.text:Power_enablePolicy)
                  2000f428    00000010     nortos_cc32xx.aem4 : SemaphoreP_nortos.oem4 (.text:SemaphoreP_Params_init)
                  2000f438    0000000e                        : HwiPCC32XX_nortos.oem4 (.text:HwiP_clearInterrupt)
                  2000f446    0000000e                        : HwiPCC32XX_nortos.oem4 (.text:HwiP_disable)
                  2000f454    0000000e                        : HwiPCC32XX_nortos.oem4 (.text:HwiP_enable)
                  2000f462    0000000e     rtsv7M4_T_le_eabi.lib : copy_decompress_none.c.obj (.text:decompress:none:__TI_decompress_none)
                  2000f470    0000000c     CC3220S_LAUNCHXL.obj (.text:CC3220S_LAUNCHXL_initGeneral)
                  2000f47c    0000000c     I2C_Slave.obj (.text:I2C_Slave_Get_Data)
                  2000f488    0000000c     drivers_cc32xx.aem4 : PowerCC32XX.oem4 (.text:Power_getConstraintMask)
                  2000f494    0000000c                         : TimerCC32XX.oem4 (.text:postNotifyFxn)
                  2000f4a0    0000000a     nortos_cc32xx.aem4 : ClockPSysTick_nortos.oem4 (.text:ClockP_isActive)
                  2000f4aa    0000000a     driverlib.a : interrupt.obj (.text:IntMasterDisable)
                  2000f4b4    0000000a     drivers_cc32xx.aem4 : PWM.oem4 (.text:PWM_setDuty)
                  2000f4be    0000000a                         : PWM.oem4 (.text:PWM_start)
                  2000f4c8    00000006                         : PWMTimerCC32XX.oem4 (.text:PWMTimerCC32XX_control)
                  2000f4ce    00000006                         : TimerCC32XX.oem4 (.text:TimerCC32XX_control)
                  2000f4d4    00000006     driverlib.a : utils.obj (.text:UtilsDelay)
                  2000f4da    00000004     nortos_cc32xx.aem4 : HwiPCC32XX_nortos.oem4 (.text:HwiP_post)
                  2000f4de    00000004                        : SemaphoreP_nortos.oem4 (.text:SemaphoreP_delete)
                  2000f4e2    00000004     rtsv7M4_T_le_eabi.lib : pre_init.c.obj (.text:_system_pre_init)
                  2000f4e6    00000004                           : exit.c.obj (.text:abort:abort)
                  2000f4ea    00000002     nortos_cc32xx.aem4 : startup_cc32xx_ccs.oem4 (.text:faultISR)
                  2000f4ec    00000002                        : startup_cc32xx_ccs.oem4 (.text:nmiISR)
                  2000f4ee    00000002     rtsv7M4_T_le_eabi.lib : div0.asm.obj (.text)

.ramVecs   0    20000000    0000030c     NOLOAD SECTION
                  20000000    0000030c     nortos_cc32xx.aem4 : startup_cc32xx_ccs.oem4 (.ramVecs)

.stack     0    20003000    00001000     UNINITIALIZED
                  20003000    00000004     rtsv7M4_T_le_eabi.lib : boot_cortex_m.c.obj (.stack)
                  20003004    00000ffc     --HOLE--

.resetVecs 
*          0    20004000    00000040     
                  20004000    00000040     nortos_cc32xx.aem4 : startup_cc32xx_ccs.oem4 (.resetVecs:retain)

.sysmem    0    20004040    00008000     UNINITIALIZED
                  20004040    00000008     rtsv7M4_T_le_eabi.lib : memory.c.obj (.sysmem)
                  20004048    00007ff8     --HOLE--

.const     0    2000fae8    0000041a     
                  2000fae8    00000100     driverlib.a : pin.obj (.const:g_ulPinToPadMap)
                  2000fbe8    000000a8                 : prcm.obj (.const:PRCM_PeriphRegsList)
                  2000fc90    00000048     CC3220S_LAUNCHXL.obj (.const:PWM_config)
                  2000fcd8    00000040     CC3220S_LAUNCHXL.obj (.const:PowerCC32XX_config)
                  2000fd18    00000030     CC3220S_LAUNCHXL.obj (.const:timerCC3220SHWAttrs)
                  2000fd48    00000024     drivers_cc32xx.aem4 : PWMTimerCC32XX.oem4 (.const:PWMTimerCC32XX_fxnTable)
                  2000fd6c    00000024     CC3220S_LAUNCHXL.obj (.const:Timer_config)
                  2000fd90    00000021     drivers_cc32xx.aem4 : GPIOCC32XX.oem4 (.const:.string:pinTable)
                  2000fdb1    00000003     --HOLE-- [fill = 0]
                  2000fdb4    00000020                         : PWMTimerCC32XX.oem4 (.const:gpioPinIndexes)
                  2000fdd4    0000001c                         : TimerCC32XX.oem4 (.const:TimerCC32XX_fxnTable)
                  2000fdf0    00000018                         : PWM.oem4 (.const:PWM_defaultParams)
                  2000fe08    00000018     driverlib.a : interrupt.obj (.const:g_pulEnRegs)
                  2000fe20    00000018                 : interrupt.obj (.const:g_pulPendRegs)
                  2000fe38    00000018                 : interrupt.obj (.const:g_pulUnpendRegs)
                  2000fe50    00000018     CC3220S_LAUNCHXL.obj (.const:pwmTimerCC3220SHWAttrs)
                  2000fe68    00000014     CC3220S_LAUNCHXL.obj (.const:GPIOCC32XX_config)
                  2000fe7c    00000014     drivers_cc32xx.aem4 : GPIOCC32XX.oem4 (.const:gpioBaseAddresses)
                  2000fe90    00000014                         : GPIOCC32XX.oem4 (.const:powerResources)
                  2000fea4    00000010                         : PWMTimerCC32XX.oem4 (.const:gpioBaseAddresses)
                  2000feb4    00000010                         : PWMTimerCC32XX.oem4 (.const:timerBaseAddresses)
                  2000fec4    0000000d     CC3220S_LAUNCHXL.obj (.const)
                  2000fed1    00000003     --HOLE-- [fill = 0]
                  2000fed4    00000008     driverlib.a : i2c.obj (.const:g_ppui32I2CIntMap)
                  2000fedc    00000008     drivers_cc32xx.aem4 : GPIOCC32XX.oem4 (.const:outPinTypes)
                  2000fee4    00000008                         : PWMTimerCC32XX.oem4 (.const:timerHalves)
                  2000feec    00000006                         : GPIOCC32XX.oem4 (.const:.string:interruptType)
                  2000fef2    00000006                         : GPIOCC32XX.oem4 (.const:inPinTypes)
                  2000fef8    00000006                         : GPIOCC32XX.oem4 (.const:outPinStrengths)
                  2000fefe    00000004                         : GPIOCC32XX.oem4 (.const:.string:portInterruptIds)

.cinit     0    20010210    00000118     
                  20010210    000000ef     (.cinit..data.load) [load image, compression = lzss]
                  200102ff    00000001     --HOLE-- [fill = 0]
                  20010300    0000000c     (__TI_handler_table)
                  2001030c    00000004     --HOLE-- [fill = 0]
                  20010310    00000008     (.cinit..bss.load) [load image, compression = zero_init]
                  20010318    00000010     (__TI_cinit_table)

.init_array 
*          0    20004000    00000000     UNINITIALIZED

.data      0    2000f4f0    000005f5     UNINITIALIZED
                  2000f4f0    0000030c     nortos_cc32xx.aem4 : HwiPCC32XX_nortos.oem4 (.data:HwiP_dispatchTable)
                  2000f7fc    0000016c     drivers_cc32xx.aem4 : PowerCC32XX.oem4 (.data:PowerCC32XX_module)
                  2000f968    000000f8     CC3220S_LAUNCHXL.obj (.data:parkInfo)
                  2000fa60    00000024     CC3220S_LAUNCHXL.obj (.data:gpioPinConfigs)
                  2000fa84    0000001a     pwmled2.obj (.data)
                  2000fa9e    00000001     drivers_cc32xx.aem4 : PWM.oem4 (.data)
                  2000fa9f    00000001                         : Timer.oem4 (.data)
                  2000faa0    00000010     CC3220S_LAUNCHXL.obj (.data:gpioCallbackFunctions)
                  2000fab0    0000000c     rtsv7M4_T_le_eabi.lib : memory.c.obj (.data:$O1$$)
                  2000fabc    00000009     drivers_cc32xx.aem4 : GPIOCC32XX.oem4 (.data)
                  2000fac5    00000003     nortos_cc32xx.aem4 : SemaphoreP_nortos.oem4 (.data)
                  2000fac8    00000008     rtsv7M4_T_le_eabi.lib : _lock.c.obj (.data:$O1$$)
                  2000fad0    00000008     nortos_cc32xx.aem4 : SemaphoreP_nortos.oem4 (.data:SemaphoreP_defaultParams)
                  2000fad8    00000008                        : HwiPCC32XX_nortos.oem4 (.data)
                  2000fae0    00000005                        : ClockPSysTick_nortos.oem4 (.data)

.bss       0    2000ff08    00000308     UNINITIALIZED
                  2000ff08    0000012c     (.common:PowerCC32XX_contextSave)
                  20010034    000000d8     (.common:pwmTimerCC3220SObjects)
                  2001010c    0000009c     (.common:timerCC3220SObjects)
                  200101a8    00000020     drivers_cc32xx.aem4 : GPIOCC32XX.oem4 (.bss:gpioCallbackInfo)
                  200101c8    00000014                         : GPIOCC32XX.oem4 (.bss:powerNotifyObj)
                  200101dc    00000004     I2C_Slave.obj (.bss)
                  200101e0    00000010     (.common:ClockP_ctrl)
                  200101f0    0000000d     nortos_cc32xx.aem4 : SwiP_nortos.oem4 (.bss)
                  200101fd    00000003     --HOLE--
                  20010200    00000004     drivers_cc32xx.aem4 : GPIOCC32XX.oem4 (.bss)
                  20010204    00000004     nortos_cc32xx.aem4 : ClockPSysTick_nortos.oem4 (.bss)
                  20010208    00000004     drivers_cc32xx.aem4 : TimerCC32XX.oem4 (.bss:timerState)
                  2001020c    00000004     (.common:data_ready)

MODULE SUMMARY

       Module                       code    ro data   rw data
       ------                       ----    -------   -------
    .\
       CC3220S_LAUNCHXL.obj         12      277       672    
       pwmled2.obj                  332     0         26     
       I2C_Slave.obj                148     0         8      
       main_nortos.obj              18      0         0      
    +--+----------------------------+-------+---------+---------+
       Total:                       510     277       706    
                                                             
    C:/ti/simplelink_cc32xx_sdk_2_40_02_00/kernel/nortos/lib/nortos_cc32xx.aem4
       HwiPCC32XX_nortos.oem4       366     0         788    
       startup_cc32xx_ccs.oem4      90      64        780    
       ClockPSysTick_nortos.oem4    766     0         25     
       PowerCC32XX_nortos.oem4      472     0         0      
       SemaphoreP_nortos.oem4       380     0         11     
       SwiP_nortos.oem4             96      0         13     
    +--+----------------------------+-------+---------+---------+
       Total:                       2170    64        1617   
                                                             
    C:/ti/simplelink_cc32xx_sdk_2_40_02_00/source/ti/devices/cc32xx/driverlib/ccs/Release/driverlib.a
       prcm.obj                     1604    168       0      
       pin.obj                      308     256       0      
       interrupt.obj                454     72        0      
       i2c.obj                      272     8         0      
       timer.obj                    264     0         0      
       flash.obj                    72      0         0      
       cpu.obj                      20      0         0      
       utils.obj                    6       0         0      
    +--+----------------------------+-------+---------+---------+
       Total:                       3000    504       0      
                                                             
    C:/ti/simplelink_cc32xx_sdk_2_40_02_00/source/ti/drivers/lib/drivers_cc32xx.aem4
       PowerCC32XX.oem4             2224    0         664    
       PWMTimerCC32XX.oem4          1732    108       0      
       GPIOCC32XX.oem4              1104    103       65     
       TimerCC32XX.oem4             994     28        4      
       PWM.oem4                     168     24        1      
       PowerCC32XX_asm.oem4         150     0         0      
       List.oem4                    76      0         0      
       Timer.oem4                   68      0         1      
    +--+----------------------------+-------+---------+---------+
       Total:                       6516    263       735    
                                                             
    C:\ti\ccsv8\tools\compiler\ti-cgt-arm_18.1.4.LTS\lib\rtsv7M4_T_le_eabi.lib
       memory.c.obj                 492     0         12     
       memcpy_t2.asm.obj            156     0         0      
       ull_div_t2.asm.obj           150     0         0      
       fs_mul_t2.asm.obj            122     0         0      
       copy_decompress_lzss.c.obj   104     0         0      
       autoinit.c.obj               68      0         0      
       fs_toi_t2.asm.obj            56      0         0      
       boot_cortex_m.c.obj          40      0         0      
       u_tofs_t2.asm.obj            36      0         0      
       ll_mul_t2.asm.obj            24      0         0      
       copy_zero_init.c.obj         18      0         0      
       copy_decompress_none.c.obj   14      0         0      
       _lock.c.obj                  2       0         8      
       exit.c.obj                   4       0         0      
       pre_init.c.obj               4       0         0      
       div0.asm.obj                 2       0         0      
    +--+----------------------------+-------+---------+---------+
       Total:                       1292    0         20     
                                                             
       Heap:                        0       0         32768  
       Stack:                       0       0         4096   
       Linker Generated:            0       275       0      
    +--+----------------------------+-------+---------+---------+
       Grand Total:                 13488   1383      39942  


LINKER GENERATED COPY TABLES

__TI_cinit_table @ 20010318 records: 2, size/record: 8, table size: 16
	.data: load addr=20010210, load size=000000ef bytes, run addr=2000f4f0, run size=000005f5 bytes, compression=lzss
	.bss: load addr=20010310, load size=00000008 bytes, run addr=2000ff08, run size=00000308 bytes, compression=zero_init


LINKER GENERATED HANDLER TABLE

__TI_handler_table @ 20010300 records: 3, size/record: 4, table size: 12
	index: 0, handler: __TI_decompress_lzss
	index: 1, handler: __TI_decompress_none
	index: 2, handler: __TI_zero_init


GLOBAL SYMBOLS: SORTED ALPHABETICALLY BY Name 

address   name                             
-------   ----                             
2000fec4  ADC_count                        
2000f4e7  C$$EXIT                          
2000f471  CC3220S_LAUNCHXL_initGeneral     
2000f2c5  CPUcpsid                         
2000fec5  Capture_count                    
2000f3a9  ClockP_add                       
200101e0  ClockP_ctrl                      
2000e9e9  ClockP_destruct                  
2000e789  ClockP_doTick                    
2000f3b9  ClockP_getCpuFreq                
2000f3c9  ClockP_getSystemTicks            
2000ed0d  ClockP_getTicksUntilInterrupt    
2000f4a1  ClockP_isActive                  
2000f3d9  ClockP_setTicks                  
2000dea9  ClockP_start                     
2000ed41  ClockP_startup                   
2000e745  ClockP_stop                      
2000e789  ClockP_sysTickHandler            
2000fae0  ClockP_tickPeriod                
2000e595  ClockP_usleep                    
2000fec6  CryptoCC32XX_count               
2000fec7  Display_count                    
2000e5dd  FlashDisable                     
2000fe68  GPIOCC32XX_config                
2000e381  GPIO_enableInt                   
2000dc0d  GPIO_hwiIntFxn                   
2000cf71  GPIO_init                        
2000e085  GPIO_setCallback                 
2000c46d  GPIO_setConfig                   
2000f33d  HwiP_Params_init                 
2000f439  HwiP_clearInterrupt              
2000d7e5  HwiP_construct                   
2000ee41  HwiP_create                      
2000f3e9  HwiP_delete                      
2000f041  HwiP_destruct                    
2000f447  HwiP_disable                     
2000efd5  HwiP_dispatch                    
2000f455  HwiP_enable                      
2000f2d9  HwiP_inISR                       
2000fad8  HwiP_key                         
2000f4db  HwiP_post                        
2000f3f9  HwiP_restore                     
2000fadc  HwiP_swiPIntNum                  
2000f0a1  I2CIntRegister                   
2000f26d  I2CMasterDisable                 
2000f409  I2CSlaveDataGet                  
2000f0bf  I2CSlaveDisable                  
2000f0dd  I2CSlaveEnable                   
2000f18d  I2CSlaveInit                     
2000f34f  I2CSlaveIntClear                 
2000f1db  I2CSlaveIntEnable                
2000f47d  I2C_Slave_Get_Data               
2000eec1  I2C_Slave_Store_Data             
2000df09  I2C_Slave_init                   
2000fec8  I2C_count                        
2000fec9  I2S_count                        
2000d25d  IntEnable                        
2000f4ab  IntMasterDisable                 
2000e0dd  IntPendClear                     
2000d871  IntPendSet                       
2000f061  IntRegister                      
2000f2ed  IntVTableBaseSet                 
2000ef89  List_put                         
2000efaf  List_remove                      
2000f455  NoRTOS_start                     
2000c041  PRCMCC3200MCUInit                
2000f283  PRCMHIBRegRead                   
2000f299  PRCMHIBRegWrite                  
2000e625  PRCMLPDSEnter                    
2000eb89  PRCMLPDSEnterKeepDebugIf         
2000e7cd  PRCMLPDSRestoreInfoSet           
2000eee9  PRCMPeripheralClkDisable         
2000e66d  PRCMPeripheralClkEnable          
2000e135  PRCMPeripheralReset              
2000df69  PRCMSysResetCauseGet             
2000d8f9  PWMTimerCC32XX_close             
2000f4c9  PWMTimerCC32XX_control           
2000fd48  PWMTimerCC32XX_fxnTable          
2000d753  PWMTimerCC32XX_init              
2000cda9  PWMTimerCC32XX_open              
2000d0f9  PWMTimerCC32XX_setDuty           
2000c929  PWMTimerCC32XX_setDutyAndPeriod  
2000d58d  PWMTimerCC32XX_setPeriod         
2000dd75  PWMTimerCC32XX_start             
2000d035  PWMTimerCC32XX_stop              
2000f301  PWM_Params_init                  
2000fc90  PWM_config                       
2000feca  PWM_count                        
2000fdf0  PWM_defaultParams                
2000e811  PWM_init                         
2000ea25  PWM_open                         
2000f4b5  PWM_setDuty                      
2000f4bf  PWM_start                        
2000d981  PinConfigSet                     
2000ed75  PinModeGet                       
2000e9a9  PinModeSet                       
2000f139  PinToPadGet                      
2000f155  PinTypeI2C                       
2000fcd8  PowerCC32XX_config               
2000d305  PowerCC32XX_configureWakeup      
2000ff08  PowerCC32XX_contextSave          
2000e855  PowerCC32XX_enterLPDS            
2000dc0b  PowerCC32XX_initPolicy           
2000f7fc  PowerCC32XX_module               
2000e3cd  PowerCC32XX_parkPin              
2000ee11  PowerCC32XX_restoreParkedPin     
2000e23b  PowerCC32XX_resumeLPDS           
2000de45  PowerCC32XX_setParkState         
2000c645  PowerCC32XX_sleepPolicy          
2000f315  Power_disablePolicy              
2000f419  Power_enablePolicy               
2000f489  Power_getConstraintMask          
2000f329  Power_getDependencyCount         
2000f1f5  Power_idleFunc                   
2000da09  Power_init                       
2000ef11  Power_registerNotify             
2000e6b5  Power_releaseConstraint          
2000e18d  Power_releaseDependency          
2000ea61  Power_setConstraint              
2000db11  Power_setDependency              
2000cb91  Power_sleep                      
2000f081  Power_unregisterNotify           
2000fecb  SDFatFS_count                    
2000fecc  SD_count                         
2000fecd  SPI_count                        
2000f429  SemaphoreP_Params_init           
2000e2e1  SemaphoreP_construct             
2000f2af  SemaphoreP_create                
2000f1a7  SemaphoreP_createBinary          
2000fad0  SemaphoreP_defaultParams         
2000f4df  SemaphoreP_delete                
2000e2df  SemaphoreP_destruct              
2000d451  SemaphoreP_pend                  
2000e899  SemaphoreP_post                  
2000f171  SwiP_disable                     
2000e8dd  SwiP_restore                     
2000e331  TimerCC32XX_allocateTimerResource
2000ead9  TimerCC32XX_close                
2000f4cf  TimerCC32XX_control              
2000eda9  TimerCC32XX_freeTimerResource    
2000fdd4  TimerCC32XX_fxnTable             
2000f20d  TimerCC32XX_getCount             
2000e743  TimerCC32XX_init                 
2000ca69  TimerCC32XX_open                 
2000dc85  TimerCC32XX_start                
2000e1e5  TimerCC32XX_stop                 
2000ecd7  TimerControlStall                
2000f0fb  TimerDisable                     
2000f119  TimerEnable                      
2000f361  TimerIntClear                    
2000f225  TimerIntDisable                  
2000f23d  TimerIntEnable                   
2000ee6b  TimerLoadSet                     
2000ee95  TimerPrescaleSet                 
2000fd6c  Timer_config                     
2000fece  Timer_count                      
2000e921  Timer_init                       
2000fecf  UART_count                       
2000f4d5  UtilsDelay                       
2000fed0  Watchdog_count                   
20004000  __STACK_END                      
00001000  __STACK_SIZE                     
00008000  __SYSMEM_SIZE                    
20010318  __TI_CINIT_Base                  
20010328  __TI_CINIT_Limit                 
20010300  __TI_Handler_Table_Base          
2001030c  __TI_Handler_Table_Limit         
2000e965  __TI_auto_init_nobinit_nopinit   
2000dddd  __TI_decompress_lzss             
2000f463  __TI_decompress_none             
ffffffff  __TI_pprof_out_hndl              
ffffffff  __TI_prof_data_size              
ffffffff  __TI_prof_data_start             
20010210  __TI_static_base__               
2000f373  __TI_zero_init_nomemset          
2000ec69  __aeabi_f2iz                     
2000db91  __aeabi_fmul                     
2000f4ef  __aeabi_idiv0                    
2000f4ef  __aeabi_ldiv0                    
2000f255  __aeabi_lmul                     
2000d4f1  __aeabi_memcpy                   
2000d4f1  __aeabi_memcpy4                  
2000d4f1  __aeabi_memcpy8                  
2000eff9  __aeabi_ui2f                     
2000d6bd  __aeabi_uldivmod                 
ffffffff  __binit__                        
ffffffff  __c_args__                       
UNDEFED   __mpu_init                       
20003000  __stack                          
2000ef39  _c_int00_noargs                  
2000fac8  _lock                            
2000eb87  _nop                             
20004040  _sys_memory                      
UNDEFED   _system_post_cinit               
2000f4e3  _system_pre_init                 
2000facc  _unlock                          
2000f4e7  abort                            
ffffffff  binit                            
2000f137  clkFxn                           
2000fa84  data                             
2001020c  data_ready                       
2000fa8a  duty                             
2000fa9c  duty3                            
2000fa8c  dutyInc                          
2000ce99  free                             
2000e4fd  gpioButtonFxn0                   
2000faa0  gpioCallbackFunctions            
2000fa60  gpioPinConfigs                   
2000fef2  inPinTypes                       
2000ebc1  initVectors                      
2000f385  main                             
2000cca9  mainThread                       
2000dcfd  malloc                           
2000d4f1  memcpy                           
2000ebf9  minit                            
2000fef8  outPinStrengths                  
2000fedc  outPinTypes                      
2000f968  parkInfo                         
2000fa90  pwm1                             
2000fa94  pwm2                             
2000fa98  pwm3                             
2000fa88  pwmPeriod                        
2000fe50  pwmTimerCC3220SHWAttrs           
20010034  pwmTimerCC3220SObjects           
2000f1c1  resetISR                         
2000f1d4  resetVectorAddr                  
20004000  resetVectors                     
2000fd18  timerCC3220SHWAttrs              
2001010c  timerCC3220SObjects              
2000e595  usleep                           


GLOBAL SYMBOLS: SORTED BY Symbol Address 

address   name                             
-------   ----                             
00001000  __STACK_SIZE                     
00008000  __SYSMEM_SIZE                    
20003000  __stack                          
20004000  __STACK_END                      
20004000  resetVectors                     
20004040  _sys_memory                      
2000c041  PRCMCC3200MCUInit                
2000c46d  GPIO_setConfig                   
2000c645  PowerCC32XX_sleepPolicy          
2000c929  PWMTimerCC32XX_setDutyAndPeriod  
2000ca69  TimerCC32XX_open                 
2000cb91  Power_sleep                      
2000cca9  mainThread                       
2000cda9  PWMTimerCC32XX_open              
2000ce99  free                             
2000cf71  GPIO_init                        
2000d035  PWMTimerCC32XX_stop              
2000d0f9  PWMTimerCC32XX_setDuty           
2000d25d  IntEnable                        
2000d305  PowerCC32XX_configureWakeup      
2000d451  SemaphoreP_pend                  
2000d4f1  __aeabi_memcpy                   
2000d4f1  __aeabi_memcpy4                  
2000d4f1  __aeabi_memcpy8                  
2000d4f1  memcpy                           
2000d58d  PWMTimerCC32XX_setPeriod         
2000d6bd  __aeabi_uldivmod                 
2000d753  PWMTimerCC32XX_init              
2000d7e5  HwiP_construct                   
2000d871  IntPendSet                       
2000d8f9  PWMTimerCC32XX_close             
2000d981  PinConfigSet                     
2000da09  Power_init                       
2000db11  Power_setDependency              
2000db91  __aeabi_fmul                     
2000dc0b  PowerCC32XX_initPolicy           
2000dc0d  GPIO_hwiIntFxn                   
2000dc85  TimerCC32XX_start                
2000dcfd  malloc                           
2000dd75  PWMTimerCC32XX_start             
2000dddd  __TI_decompress_lzss             
2000de45  PowerCC32XX_setParkState         
2000dea9  ClockP_start                     
2000df09  I2C_Slave_init                   
2000df69  PRCMSysResetCauseGet             
2000e085  GPIO_setCallback                 
2000e0dd  IntPendClear                     
2000e135  PRCMPeripheralReset              
2000e18d  Power_releaseDependency          
2000e1e5  TimerCC32XX_stop                 
2000e23b  PowerCC32XX_resumeLPDS           
2000e2df  SemaphoreP_destruct              
2000e2e1  SemaphoreP_construct             
2000e331  TimerCC32XX_allocateTimerResource
2000e381  GPIO_enableInt                   
2000e3cd  PowerCC32XX_parkPin              
2000e4fd  gpioButtonFxn0                   
2000e595  ClockP_usleep                    
2000e595  usleep                           
2000e5dd  FlashDisable                     
2000e625  PRCMLPDSEnter                    
2000e66d  PRCMPeripheralClkEnable          
2000e6b5  Power_releaseConstraint          
2000e743  TimerCC32XX_init                 
2000e745  ClockP_stop                      
2000e789  ClockP_doTick                    
2000e789  ClockP_sysTickHandler            
2000e7cd  PRCMLPDSRestoreInfoSet           
2000e811  PWM_init                         
2000e855  PowerCC32XX_enterLPDS            
2000e899  SemaphoreP_post                  
2000e8dd  SwiP_restore                     
2000e921  Timer_init                       
2000e965  __TI_auto_init_nobinit_nopinit   
2000e9a9  PinModeSet                       
2000e9e9  ClockP_destruct                  
2000ea25  PWM_open                         
2000ea61  Power_setConstraint              
2000ead9  TimerCC32XX_close                
2000eb87  _nop                             
2000eb89  PRCMLPDSEnterKeepDebugIf         
2000ebc1  initVectors                      
2000ebf9  minit                            
2000ec69  __aeabi_f2iz                     
2000ecd7  TimerControlStall                
2000ed0d  ClockP_getTicksUntilInterrupt    
2000ed41  ClockP_startup                   
2000ed75  PinModeGet                       
2000eda9  TimerCC32XX_freeTimerResource    
2000ee11  PowerCC32XX_restoreParkedPin     
2000ee41  HwiP_create                      
2000ee6b  TimerLoadSet                     
2000ee95  TimerPrescaleSet                 
2000eec1  I2C_Slave_Store_Data             
2000eee9  PRCMPeripheralClkDisable         
2000ef11  Power_registerNotify             
2000ef39  _c_int00_noargs                  
2000ef89  List_put                         
2000efaf  List_remove                      
2000efd5  HwiP_dispatch                    
2000eff9  __aeabi_ui2f                     
2000f041  HwiP_destruct                    
2000f061  IntRegister                      
2000f081  Power_unregisterNotify           
2000f0a1  I2CIntRegister                   
2000f0bf  I2CSlaveDisable                  
2000f0dd  I2CSlaveEnable                   
2000f0fb  TimerDisable                     
2000f119  TimerEnable                      
2000f137  clkFxn                           
2000f139  PinToPadGet                      
2000f155  PinTypeI2C                       
2000f171  SwiP_disable                     
2000f18d  I2CSlaveInit                     
2000f1a7  SemaphoreP_createBinary          
2000f1c1  resetISR                         
2000f1d4  resetVectorAddr                  
2000f1db  I2CSlaveIntEnable                
2000f1f5  Power_idleFunc                   
2000f20d  TimerCC32XX_getCount             
2000f225  TimerIntDisable                  
2000f23d  TimerIntEnable                   
2000f255  __aeabi_lmul                     
2000f26d  I2CMasterDisable                 
2000f283  PRCMHIBRegRead                   
2000f299  PRCMHIBRegWrite                  
2000f2af  SemaphoreP_create                
2000f2c5  CPUcpsid                         
2000f2d9  HwiP_inISR                       
2000f2ed  IntVTableBaseSet                 
2000f301  PWM_Params_init                  
2000f315  Power_disablePolicy              
2000f329  Power_getDependencyCount         
2000f33d  HwiP_Params_init                 
2000f34f  I2CSlaveIntClear                 
2000f361  TimerIntClear                    
2000f373  __TI_zero_init_nomemset          
2000f385  main                             
2000f3a9  ClockP_add                       
2000f3b9  ClockP_getCpuFreq                
2000f3c9  ClockP_getSystemTicks            
2000f3d9  ClockP_setTicks                  
2000f3e9  HwiP_delete                      
2000f3f9  HwiP_restore                     
2000f409  I2CSlaveDataGet                  
2000f419  Power_enablePolicy               
2000f429  SemaphoreP_Params_init           
2000f439  HwiP_clearInterrupt              
2000f447  HwiP_disable                     
2000f455  HwiP_enable                      
2000f455  NoRTOS_start                     
2000f463  __TI_decompress_none             
2000f471  CC3220S_LAUNCHXL_initGeneral     
2000f47d  I2C_Slave_Get_Data               
2000f489  Power_getConstraintMask          
2000f4a1  ClockP_isActive                  
2000f4ab  IntMasterDisable                 
2000f4b5  PWM_setDuty                      
2000f4bf  PWM_start                        
2000f4c9  PWMTimerCC32XX_control           
2000f4cf  TimerCC32XX_control              
2000f4d5  UtilsDelay                       
2000f4db  HwiP_post                        
2000f4df  SemaphoreP_delete                
2000f4e3  _system_pre_init                 
2000f4e7  C$$EXIT                          
2000f4e7  abort                            
2000f4ef  __aeabi_idiv0                    
2000f4ef  __aeabi_ldiv0                    
2000f7fc  PowerCC32XX_module               
2000f968  parkInfo                         
2000fa60  gpioPinConfigs                   
2000fa84  data                             
2000fa88  pwmPeriod                        
2000fa8a  duty                             
2000fa8c  dutyInc                          
2000fa90  pwm1                             
2000fa94  pwm2                             
2000fa98  pwm3                             
2000fa9c  duty3                            
2000faa0  gpioCallbackFunctions            
2000fac8  _lock                            
2000facc  _unlock                          
2000fad0  SemaphoreP_defaultParams         
2000fad8  HwiP_key                         
2000fadc  HwiP_swiPIntNum                  
2000fae0  ClockP_tickPeriod                
2000fc90  PWM_config                       
2000fcd8  PowerCC32XX_config               
2000fd18  timerCC3220SHWAttrs              
2000fd48  PWMTimerCC32XX_fxnTable          
2000fd6c  Timer_config                     
2000fdd4  TimerCC32XX_fxnTable             
2000fdf0  PWM_defaultParams                
2000fe50  pwmTimerCC3220SHWAttrs           
2000fe68  GPIOCC32XX_config                
2000fec4  ADC_count                        
2000fec5  Capture_count                    
2000fec6  CryptoCC32XX_count               
2000fec7  Display_count                    
2000fec8  I2C_count                        
2000fec9  I2S_count                        
2000feca  PWM_count                        
2000fecb  SDFatFS_count                    
2000fecc  SD_count                         
2000fecd  SPI_count                        
2000fece  Timer_count                      
2000fecf  UART_count                       
2000fed0  Watchdog_count                   
2000fedc  outPinTypes                      
2000fef2  inPinTypes                       
2000fef8  outPinStrengths                  
2000ff08  PowerCC32XX_contextSave          
20010034  pwmTimerCC3220SObjects           
2001010c  timerCC3220SObjects              
200101e0  ClockP_ctrl                      
2001020c  data_ready                       
20010210  __TI_static_base__               
20010300  __TI_Handler_Table_Base          
2001030c  __TI_Handler_Table_Limit         
20010318  __TI_CINIT_Base                  
20010328  __TI_CINIT_Limit                 
ffffffff  __TI_pprof_out_hndl              
ffffffff  __TI_prof_data_size              
ffffffff  __TI_prof_data_start             
ffffffff  __binit__                        
ffffffff  __c_args__                       
ffffffff  binit                            
UNDEFED   __mpu_init                       
UNDEFED   _system_post_cinit               

[230 symbols]
