******************************************************************************
                  TI ARM Linker PC v18.1.4                     
******************************************************************************
>> Linked Fri Mar 15 00:32:03 2019

OUTPUT FILE NAME:   <pwmled2_CC3220S_LAUNCHXL_nortos_ccs.out>
ENTRY POINT SYMBOL: "resetISR"  address: 2000e2d9


MEMORY CONFIGURATION

         name            origin    length      used     unused   attr    fill
----------------------  --------  ---------  --------  --------  ----  --------
  SRAM2                 20000000   00004000  0000130c  00002cf4  RW X
  SRAM                  20004000   0003c000  0000ac91  0003136f  RW X


SEGMENT ALLOCATION MAP

run origin  load origin   length   init length attrs members
----------  ----------- ---------- ----------- ----- -------
20003000    20003000    00001000   00000000    rw-
  20003000    20003000    00001000   00000000    rw- .stack
20004000    20004000    00000040   00000040    r--
  20004000    20004000    00000040   00000040    r-- .resetVecs
20004040    20004040    00008000   00000000    rw-
  20004040    20004040    00008000   00000000    rw- .sysmem
2000c040    2000c040    00002760   00002760    r-x
  2000c040    2000c040    00002494   00002494    r-x .text
  2000e4d4    2000e4d4    000002cc   000002cc    r-- .const
2000e7a0    2000e7a0    0000041c   00000000    rw-
  2000e7a0    2000e7a0    0000027d   00000000    rw- .data
  2000ea20    2000ea20    0000019c   00000000    rw- .bss
2000ebc0    2000ebc0    000000d8   000000d8    r--
  2000ebc0    2000ebc0    000000d8   000000d8    r-- .cinit


SECTION ALLOCATION MAP

 output                                  attributes/
section   page    origin      length       input sections
--------  ----  ----------  ----------   ----------------
.text      0    2000c040    00002494     
                  2000c040    0000042c     driverlib.a : prcm.obj (.text:PRCMCC3200MCUInit)
                  2000c46c    0000019c     nortos_cc32xx.aem4 : PowerCC32XX_nortos.oem4 (.text:PowerCC32XX_sleepPolicy)
                  2000c608    00000148     drivers_cc32xx.aem4 : PowerCC32XX.oem4 (.text:parkPins)
                  2000c750    00000140                         : PWMTimerCC32XX.oem4 (.text:PWMTimerCC32XX_setDutyAndPeriod)
                  2000c890    00000118                         : PowerCC32XX.oem4 (.text:Power_sleep)
                  2000c9a8    000000f0                         : PWMTimerCC32XX.oem4 (.text:PWMTimerCC32XX_open)
                  2000ca98    000000c4                         : PWMTimerCC32XX.oem4 (.text:PWMTimerCC32XX_stop)
                  2000cb5c    000000bc     pwmled2.obj (.text:mainThread)
                  2000cc18    000000b8     drivers_cc32xx.aem4 : PWMTimerCC32XX.oem4 (.text:PWMTimerCC32XX_setDuty)
                  2000ccd0    000000ac                         : PowerCC32XX.oem4 (.text:restoreParkedPins)
                  2000cd7c    000000a8     driverlib.a : interrupt.obj (.text:IntEnable)
                  2000ce24    000000a8     drivers_cc32xx.aem4 : PowerCC32XX.oem4 (.text:PowerCC32XX_configureWakeup)
                  2000cecc    000000a4                         : PWMTimerCC32XX.oem4 (.text:initHw)
                  2000cf70    000000a0     nortos_cc32xx.aem4 : SemaphoreP_nortos.oem4 (.text:SemaphoreP_pend)
                  2000d010    0000009c     rtsv7M4_T_le_eabi.lib : memcpy_t2.asm.obj (.text)
                  2000d0ac    00000098     drivers_cc32xx.aem4 : PWMTimerCC32XX.oem4 (.text:PWMTimerCC32XX_setPeriod)
                  2000d144    00000096     rtsv7M4_T_le_eabi.lib : ull_div_t2.asm.obj (.text)
                  2000d1da    00000002     drivers_cc32xx.aem4 : PWMTimerCC32XX.oem4 (.text:PWMTimerCC32XX_init)
                  2000d1dc    00000090                         : PowerCC32XX.oem4 (.text:restoreNVICRegs)
                  2000d26c    00000088     driverlib.a : interrupt.obj (.text:IntPendSet)
                  2000d2f4    00000088     drivers_cc32xx.aem4 : PWMTimerCC32XX.oem4 (.text:PWMTimerCC32XX_close)
                  2000d37c    00000088     driverlib.a : pin.obj (.text:PinConfigSet)
                  2000d404    00000084     drivers_cc32xx.aem4 : PowerCC32XX.oem4 (.text:Power_init)
                  2000d488    00000084                         : PowerCC32XX.oem4 (.text:saveNVICRegs)
                  2000d50c    00000080                         : PowerCC32XX.oem4 (.text:Power_setDependency)
                  2000d58c    00000068                         : PWMTimerCC32XX.oem4 (.text:PWMTimerCC32XX_start)
                  2000d5f4    00000068     rtsv7M4_T_le_eabi.lib : copy_decompress_lzss.c.obj (.text:decompress:lzss:__TI_decompress_lzss)
                  2000d65c    00000064     drivers_cc32xx.aem4 : PowerCC32XX.oem4 (.text:PowerCC32XX_setParkState)
                  2000d6c0    00000060     nortos_cc32xx.aem4 : ClockPSysTick_nortos.oem4 (.text:ClockP_start)
                  2000d720    00000060     driverlib.a : prcm.obj (.text:PRCMSysResetCauseGet)
                  2000d780    00000060     nortos_cc32xx.aem4 : ClockPSysTick_nortos.oem4 (.text:getTimeUsec)
                  2000d7e0    0000005c                        : ClockPSysTick_nortos.oem4 (.text:sysTickInit)
                  2000d83c    00000058     driverlib.a : prcm.obj (.text:PRCMPeripheralReset)
                  2000d894    00000058     drivers_cc32xx.aem4 : PowerCC32XX.oem4 (.text:Power_releaseDependency)
                  2000d8ec    00000052                         : PowerCC32XX_asm.oem4 (.text:PowerCC32XX_resumeLPDS)
                  2000d93e    00000002     nortos_cc32xx.aem4 : PowerCC32XX_nortos.oem4 (.text:PowerCC32XX_initPolicy)
                  2000d940    00000050                        : SemaphoreP_nortos.oem4 (.text:SemaphoreP_construct)
                  2000d990    00000050     drivers_cc32xx.aem4 : TimerCC32XX.oem4 (.text:TimerCC32XX_allocateTimerResource)
                  2000d9e0    0000004c                         : PowerCC32XX.oem4 (.text:PowerCC32XX_parkPin)
                  2000da2c    0000004c                         : PWMTimerCC32XX.oem4 (.text:getDutyCounts)
                  2000da78    0000004c                         : PWMTimerCC32XX.oem4 (.text:getPeriodCounts)
                  2000dac4    0000004c                         : PowerCC32XX.oem4 (.text:restorePeriphClocks)
                  2000db10    00000048     nortos_cc32xx.aem4 : ClockPSysTick_nortos.oem4 (.text:ClockP_usleep)
                  2000db58    00000048     driverlib.a : flash.obj (.text:FlashDisable)
                  2000dba0    00000048                 : prcm.obj (.text:PRCMLPDSEnter)
                  2000dbe8    00000048                 : prcm.obj (.text:PRCMPeripheralClkEnable)
                  2000dc30    00000048     drivers_cc32xx.aem4 : PowerCC32XX.oem4 (.text:Power_releaseConstraint)
                  2000dc78    00000044     nortos_cc32xx.aem4 : ClockPSysTick_nortos.oem4 (.text:ClockP_stop)
                  2000dcbc    00000044                        : ClockPSysTick_nortos.oem4 (.text:ClockP_sysTickHandler)
                  2000dd00    00000044     driverlib.a : prcm.obj (.text:PRCMLPDSRestoreInfoSet)
                  2000dd44    00000044     drivers_cc32xx.aem4 : PWM.oem4 (.text:PWM_init)
                  2000dd88    00000044                         : PowerCC32XX_asm.oem4 (.text:PowerCC32XX_enterLPDS)
                  2000ddcc    00000044     nortos_cc32xx.aem4 : SwiP_nortos.oem4 (.text:SwiP_restore)
                  2000de10    00000044     rtsv7M4_T_le_eabi.lib : autoinit.c.obj (.text:__TI_auto_init_nobinit_nopinit:__TI_auto_init_nobinit_nopinit)
                  2000de54    00000040     driverlib.a : pin.obj (.text:PinModeSet)
                  2000de94    0000003c     nortos_cc32xx.aem4 : ClockPSysTick_nortos.oem4 (.text:ClockP_destruct)
                  2000ded0    0000003c     drivers_cc32xx.aem4 : PWM.oem4 (.text:PWM_open)
                  2000df0c    0000003c                         : PowerCC32XX.oem4 (.text:Power_setConstraint)
                  2000df48    0000003a     nortos_cc32xx.aem4 : PowerCC32XX_nortos.oem4 (.text:getCountsRTC)
                  2000df82    0000003a     drivers_cc32xx.aem4 : PWMTimerCC32XX.oem4 (.text:getPowerMgrId)
                  2000dfbc    00000038     driverlib.a : prcm.obj (.text:PRCMLPDSEnterKeepDebugIf)
                  2000dff4    00000038     nortos_cc32xx.aem4 : startup_cc32xx_ccs.oem4 (.text:initVectors)
                  2000e02c    00000038     drivers_cc32xx.aem4 : PowerCC32XX.oem4 (.text:notify)
                  2000e064    00000034     nortos_cc32xx.aem4 : ClockPSysTick_nortos.oem4 (.text:ClockP_getTicksUntilInterrupt)
                  2000e098    00000034                        : ClockPSysTick_nortos.oem4 (.text:ClockP_startup)
                  2000e0cc    00000034     driverlib.a : pin.obj (.text:PinModeGet)
                  2000e100    00000034     drivers_cc32xx.aem4 : TimerCC32XX.oem4 (.text:TimerCC32XX_freeTimerResource)
                  2000e134    00000034                         : TimerCC32XX.oem4 (.text:getPowerMgrId)
                  2000e168    00000030                         : PowerCC32XX.oem4 (.text:PowerCC32XX_restoreParkedPin)
                  2000e198    00000028     driverlib.a : prcm.obj (.text:PRCMPeripheralClkDisable)
                  2000e1c0    00000028     drivers_cc32xx.aem4 : PowerCC32XX.oem4 (.text:Power_registerNotify)
                  2000e1e8    00000028     rtsv7M4_T_le_eabi.lib : boot_cortex_m.c.obj (.text:_c_int00_noargs:_c_int00_noargs)
                  2000e210    00000026     drivers_cc32xx.aem4 : List.oem4 (.text:List_put)
                  2000e236    00000026                         : List.oem4 (.text:List_remove)
                  2000e25c    00000024     nortos_cc32xx.aem4 : ClockPSysTick_nortos.oem4 (.text:sleepTicks)
                  2000e280    00000020     drivers_cc32xx.aem4 : PowerCC32XX.oem4 (.text:Power_unregisterNotify)
                  2000e2a0    0000001c     driverlib.a : pin.obj (.text:PinToPadGet)
                  2000e2bc    0000001c     nortos_cc32xx.aem4 : SwiP_nortos.oem4 (.text:SwiP_disable)
                  2000e2d8    0000001a                        : startup_cc32xx_ccs.oem4 (.text:resetISR)
                  2000e2f2    00000002                        : SemaphoreP_nortos.oem4 (.text:SemaphoreP_destruct)
                  2000e2f4    00000018     drivers_cc32xx.aem4 : PowerCC32XX.oem4 (.text:Power_idleFunc)
                  2000e30c    00000018     rtsv7M4_T_le_eabi.lib : ll_mul_t2.asm.obj (.text)
                  2000e324    00000016     driverlib.a : prcm.obj (.text:PRCMHIBRegRead)
                  2000e33a    00000016                 : prcm.obj (.text:PRCMHIBRegWrite)
                  2000e350    00000014                 : cpu.obj (.text:CPUcpsid)
                  2000e364    00000014                 : interrupt.obj (.text:IntVTableBaseSet)
                  2000e378    00000014     drivers_cc32xx.aem4 : PWM.oem4 (.text:PWM_Params_init)
                  2000e38c    00000014                         : PowerCC32XX.oem4 (.text:Power_getDependencyCount)
                  2000e3a0    00000012     rtsv7M4_T_le_eabi.lib : copy_zero_init.c.obj (.text:decompress:ZI:__TI_zero_init_nomemset:__TI_zero_init_nomemset)
                  2000e3b2    00000012     main_nortos.obj (.text:main)
                  2000e3c4    00000012     drivers_cc32xx.aem4 : PWMTimerCC32XX.oem4 (.text:postNotifyFxn)
                  2000e3d6    00000010     nortos_cc32xx.aem4 : ClockPSysTick_nortos.oem4 (.text:ClockP_add)
                  2000e3e6    00000002                        : startup_cc32xx_ccs.oem4 (.text:busFaultHandler)
                  2000e3e8    00000010                        : ClockPSysTick_nortos.oem4 (.text:ClockP_getCpuFreq)
                  2000e3f8    00000010                        : ClockPSysTick_nortos.oem4 (.text:ClockP_getSystemTicks)
                  2000e408    00000010                        : ClockPSysTick_nortos.oem4 (.text:ClockP_setTicks)
                  2000e418    00000010                        : HwiPCC32XX_nortos.oem4 (.text:HwiP_restore)
                  2000e428    00000010     drivers_cc32xx.aem4 : PowerCC32XX.oem4 (.text:Power_enablePolicy)
                  2000e438    00000010     nortos_cc32xx.aem4 : SemaphoreP_nortos.oem4 (.text:SemaphoreP_Params_init)
                  2000e448    0000000e                        : HwiPCC32XX_nortos.oem4 (.text:HwiP_disable)
                  2000e456    0000000e                        : HwiPCC32XX_nortos.oem4 (.text:HwiP_enable)
                  2000e464    0000000e     rtsv7M4_T_le_eabi.lib : copy_decompress_none.c.obj (.text:decompress:none:__TI_decompress_none)
                  2000e472    0000000c     CC3220S_LAUNCHXL.obj (.text:CC3220S_LAUNCHXL_initGeneral)
                  2000e47e    00000002     nortos_cc32xx.aem4 : SemaphoreP_nortos.oem4 (.text:clkFxn)
                  2000e480    0000000c     drivers_cc32xx.aem4 : PowerCC32XX.oem4 (.text:Power_getConstraintMask)
                  2000e48c    0000000a     nortos_cc32xx.aem4 : ClockPSysTick_nortos.oem4 (.text:ClockP_isActive)
                  2000e496    0000000a     driverlib.a : interrupt.obj (.text:IntMasterDisable)
                  2000e4a0    0000000a     drivers_cc32xx.aem4 : PWM.oem4 (.text:PWM_setDuty)
                  2000e4aa    0000000a                         : PWM.oem4 (.text:PWM_start)
                  2000e4b4    00000006                         : PWMTimerCC32XX.oem4 (.text:PWMTimerCC32XX_control)
                  2000e4ba    00000006     driverlib.a : utils.obj (.text:UtilsDelay)
                  2000e4c0    00000004     nortos_cc32xx.aem4 : HwiPCC32XX_nortos.oem4 (.text:HwiP_post)
                  2000e4c4    00000004     rtsv7M4_T_le_eabi.lib : pre_init.c.obj (.text:_system_pre_init)
                  2000e4c8    00000004                           : exit.c.obj (.text:abort:abort)
                  2000e4cc    00000002     nortos_cc32xx.aem4 : startup_cc32xx_ccs.oem4 (.text:defaultHandler)
                  2000e4ce    00000002                        : startup_cc32xx_ccs.oem4 (.text:faultISR)
                  2000e4d0    00000002                        : startup_cc32xx_ccs.oem4 (.text:nmiISR)
                  2000e4d2    00000002     rtsv7M4_T_le_eabi.lib : div0.asm.obj (.text)

.ramVecs   0    20000000    0000030c     NOLOAD SECTION
                  20000000    0000030c     nortos_cc32xx.aem4 : startup_cc32xx_ccs.oem4 (.ramVecs)

.stack     0    20003000    00001000     UNINITIALIZED
                  20003000    00000004     rtsv7M4_T_le_eabi.lib : boot_cortex_m.c.obj (.stack)
                  20003004    00000ffc     --HOLE--

.resetVecs 
*          0    20004000    00000040     
                  20004000    00000040     nortos_cc32xx.aem4 : startup_cc32xx_ccs.oem4 (.resetVecs:retain)

.sysmem    0    20004040    00008000     UNINITIALIZED
                  20004040    00000008     rtsv7M4_T_le_eabi.lib : memory.c.obj (.sysmem)
                  20004048    00007ff8     --HOLE--

.const     0    2000e4d4    000002cc     
                  2000e4d4    00000100     driverlib.a : pin.obj (.const:g_ulPinToPadMap)
                  2000e5d4    000000a8                 : prcm.obj (.const:PRCM_PeriphRegsList)
                  2000e67c    00000040     CC3220S_LAUNCHXL.obj (.const:PowerCC32XX_config)
                  2000e6bc    00000024     drivers_cc32xx.aem4 : PWMTimerCC32XX.oem4 (.const:PWMTimerCC32XX_fxnTable)
                  2000e6e0    00000020                         : PWMTimerCC32XX.oem4 (.const:gpioPinIndexes)
                  2000e700    00000018     CC3220S_LAUNCHXL.obj (.const:PWM_config)
                  2000e718    00000018     drivers_cc32xx.aem4 : PWM.oem4 (.const:PWM_defaultParams)
                  2000e730    00000018     driverlib.a : interrupt.obj (.const:g_pulEnRegs)
                  2000e748    00000018                 : interrupt.obj (.const:g_pulPendRegs)
                  2000e760    00000010     drivers_cc32xx.aem4 : PWMTimerCC32XX.oem4 (.const:gpioBaseAddresses)
                  2000e770    00000010                         : PWMTimerCC32XX.oem4 (.const:timerBaseAddresses)
                  2000e780    0000000d     CC3220S_LAUNCHXL.obj (.const)
                  2000e78d    00000003     --HOLE-- [fill = 0]
                  2000e790    00000008     CC3220S_LAUNCHXL.obj (.const:pwmTimerCC3220SHWAttrs)
                  2000e798    00000008     drivers_cc32xx.aem4 : PWMTimerCC32XX.oem4 (.const:timerHalves)

.cinit     0    2000ebc0    000000d8     
                  2000ebc0    000000b0     (.cinit..data.load) [load image, compression = lzss]
                  2000ec70    0000000c     (__TI_handler_table)
                  2000ec7c    00000004     --HOLE-- [fill = 0]
                  2000ec80    00000008     (.cinit..bss.load) [load image, compression = zero_init]
                  2000ec88    00000010     (__TI_cinit_table)

.init_array 
*          0    20004000    00000000     UNINITIALIZED

.data      0    2000e7a0    0000027d     UNINITIALIZED
                  2000e7a0    0000016c     drivers_cc32xx.aem4 : PowerCC32XX.oem4 (.data:PowerCC32XX_module)
                  2000e90c    000000f8     CC3220S_LAUNCHXL.obj (.data:parkInfo)
                  2000ea04    00000008     nortos_cc32xx.aem4 : SemaphoreP_nortos.oem4 (.data:SemaphoreP_defaultParams)
                  2000ea0c    00000008                        : HwiPCC32XX_nortos.oem4 (.data)
                  2000ea14    00000005                        : ClockPSysTick_nortos.oem4 (.data)
                  2000ea19    00000003                        : SemaphoreP_nortos.oem4 (.data)
                  2000ea1c    00000001     drivers_cc32xx.aem4 : PWM.oem4 (.data)

.bss       0    2000ea20    0000019c     UNINITIALIZED
                  2000ea20    0000012c     (.common:PowerCC32XX_contextSave)
                  2000eb4c    00000048     (.common:pwmTimerCC3220SObjects)
                  2000eb94    00000004     nortos_cc32xx.aem4 : ClockPSysTick_nortos.oem4 (.bss)
                  2000eb98    00000010     (.common:ClockP_ctrl)
                  2000eba8    0000000d                        : SwiP_nortos.oem4 (.bss)
                  2000ebb5    00000003     --HOLE--
                  2000ebb8    00000004     drivers_cc32xx.aem4 : TimerCC32XX.oem4 (.bss:timerState)

MODULE SUMMARY

       Module                       code   ro data   rw data
       ------                       ----   -------   -------
    .\
       CC3220S_LAUNCHXL.obj         12     109       320    
       pwmled2.obj                  188    0         0      
       main_nortos.obj              18     0         0      
    +--+----------------------------+------+---------+---------+
       Total:                       218    109       320    
                                                            
    C:/ti/simplelink_cc32xx_sdk_2_40_02_00/kernel/nortos/lib/nortos_cc32xx.aem4
       startup_cc32xx_ccs.oem4      90     64        780    
       ClockPSysTick_nortos.oem4    766    0         25     
       PowerCC32XX_nortos.oem4      472    0         0      
       SemaphoreP_nortos.oem4       260    0         11     
       SwiP_nortos.oem4             96     0         13     
       HwiPCC32XX_nortos.oem4       48     0         8      
    +--+----------------------------+------+---------+---------+
       Total:                       1732   64        837    
                                                            
    C:/ti/simplelink_cc32xx_sdk_2_40_02_00/source/ti/devices/cc32xx/driverlib/ccs/Release/driverlib.a
       prcm.obj                     1604   168       0      
       pin.obj                      280    256       0      
       interrupt.obj                334    48        0      
       flash.obj                    72     0         0      
       cpu.obj                      20     0         0      
       utils.obj                    6      0         0      
    +--+----------------------------+------+---------+---------+
       Total:                       2316   472       0      
                                                            
    C:/ti/simplelink_cc32xx_sdk_2_40_02_00/source/ti/drivers/lib/drivers_cc32xx.aem4
       PowerCC32XX.oem4             2204   0         664    
       PWMTimerCC32XX.oem4          1732   108       0      
       PWM.oem4                     168    24        1      
       TimerCC32XX.oem4             184    0         4      
       PowerCC32XX_asm.oem4         150    0         0      
       List.oem4                    76     0         0      
    +--+----------------------------+------+---------+---------+
       Total:                       4514   132       669    
                                                            
    C:\ti\ccsv8\tools\compiler\ti-cgt-arm_18.1.4.LTS\lib\rtsv7M4_T_le_eabi.lib
       memcpy_t2.asm.obj            156    0         0      
       ull_div_t2.asm.obj           150    0         0      
       copy_decompress_lzss.c.obj   104    0         0      
       autoinit.c.obj               68     0         0      
       boot_cortex_m.c.obj          40     0         0      
       ll_mul_t2.asm.obj            24     0         0      
       copy_zero_init.c.obj         18     0         0      
       copy_decompress_none.c.obj   14     0         0      
       exit.c.obj                   4      0         0      
       pre_init.c.obj               4      0         0      
       div0.asm.obj                 2      0         0      
    +--+----------------------------+------+---------+---------+
       Total:                       584    0         0      
                                                            
       Heap:                        0      0         32768  
       Stack:                       0      0         4096   
       Linker Generated:            0      212       0      
    +--+----------------------------+------+---------+---------+
       Grand Total:                 9364   989       38690  


LINKER GENERATED COPY TABLES

__TI_cinit_table @ 2000ec88 records: 2, size/record: 8, table size: 16
	.data: load addr=2000ebc0, load size=000000b0 bytes, run addr=2000e7a0, run size=0000027d bytes, compression=lzss
	.bss: load addr=2000ec80, load size=00000008 bytes, run addr=2000ea20, run size=0000019c bytes, compression=zero_init


LINKER GENERATED HANDLER TABLE

__TI_handler_table @ 2000ec70 records: 3, size/record: 4, table size: 12
	index: 0, handler: __TI_decompress_lzss
	index: 1, handler: __TI_decompress_none
	index: 2, handler: __TI_zero_init


GLOBAL SYMBOLS: SORTED ALPHABETICALLY BY Name 

address   name                             
-------   ----                             
2000e780  ADC_count                        
2000e4c9  C$$EXIT                          
2000e473  CC3220S_LAUNCHXL_initGeneral     
2000e351  CPUcpsid                         
2000e781  Capture_count                    
2000e3d7  ClockP_add                       
2000eb98  ClockP_ctrl                      
2000de95  ClockP_destruct                  
2000dcbd  ClockP_doTick                    
2000e3e9  ClockP_getCpuFreq                
2000e3f9  ClockP_getSystemTicks            
2000e065  ClockP_getTicksUntilInterrupt    
2000e48d  ClockP_isActive                  
2000e409  ClockP_setTicks                  
2000d6c1  ClockP_start                     
2000e099  ClockP_startup                   
2000dc79  ClockP_stop                      
2000dcbd  ClockP_sysTickHandler            
2000ea14  ClockP_tickPeriod                
2000db11  ClockP_usleep                    
2000e782  CryptoCC32XX_count               
2000e783  Display_count                    
2000db59  FlashDisable                     
2000e449  HwiP_disable                     
2000e457  HwiP_enable                      
2000ea0c  HwiP_key                         
2000e4c1  HwiP_post                        
2000e419  HwiP_restore                     
2000ea10  HwiP_swiPIntNum                  
2000e784  I2C_count                        
2000e785  I2S_count                        
2000cd7d  IntEnable                        
2000e497  IntMasterDisable                 
2000d26d  IntPendSet                       
2000e365  IntVTableBaseSet                 
2000e211  List_put                         
2000e237  List_remove                      
2000e457  NoRTOS_start                     
2000c041  PRCMCC3200MCUInit                
2000e325  PRCMHIBRegRead                   
2000e33b  PRCMHIBRegWrite                  
2000dba1  PRCMLPDSEnter                    
2000dfbd  PRCMLPDSEnterKeepDebugIf         
2000dd01  PRCMLPDSRestoreInfoSet           
2000e199  PRCMPeripheralClkDisable         
2000dbe9  PRCMPeripheralClkEnable          
2000d83d  PRCMPeripheralReset              
2000d721  PRCMSysResetCauseGet             
2000d2f5  PWMTimerCC32XX_close             
2000e4b5  PWMTimerCC32XX_control           
2000e6bc  PWMTimerCC32XX_fxnTable          
2000d1db  PWMTimerCC32XX_init              
2000c9a9  PWMTimerCC32XX_open              
2000cc19  PWMTimerCC32XX_setDuty           
2000c751  PWMTimerCC32XX_setDutyAndPeriod  
2000d0ad  PWMTimerCC32XX_setPeriod         
2000d58d  PWMTimerCC32XX_start             
2000ca99  PWMTimerCC32XX_stop              
2000e379  PWM_Params_init                  
2000e700  PWM_config                       
2000e786  PWM_count                        
2000e718  PWM_defaultParams                
2000dd45  PWM_init                         
2000ded1  PWM_open                         
2000e4a1  PWM_setDuty                      
2000e4ab  PWM_start                        
2000d37d  PinConfigSet                     
2000e0cd  PinModeGet                       
2000de55  PinModeSet                       
2000e2a1  PinToPadGet                      
2000e67c  PowerCC32XX_config               
2000ce25  PowerCC32XX_configureWakeup      
2000ea20  PowerCC32XX_contextSave          
2000dd89  PowerCC32XX_enterLPDS            
2000d93f  PowerCC32XX_initPolicy           
2000e7a0  PowerCC32XX_module               
2000d9e1  PowerCC32XX_parkPin              
2000e169  PowerCC32XX_restoreParkedPin     
2000d8ed  PowerCC32XX_resumeLPDS           
2000d65d  PowerCC32XX_setParkState         
2000c46d  PowerCC32XX_sleepPolicy          
2000e429  Power_enablePolicy               
2000e481  Power_getConstraintMask          
2000e38d  Power_getDependencyCount         
2000e2f5  Power_idleFunc                   
2000d405  Power_init                       
2000e1c1  Power_registerNotify             
2000dc31  Power_releaseConstraint          
2000d895  Power_releaseDependency          
2000df0d  Power_setConstraint              
2000d50d  Power_setDependency              
2000c891  Power_sleep                      
2000e281  Power_unregisterNotify           
2000e787  SDFatFS_count                    
2000e788  SD_count                         
2000e789  SPI_count                        
2000e439  SemaphoreP_Params_init           
2000d941  SemaphoreP_construct             
2000ea04  SemaphoreP_defaultParams         
2000e2f3  SemaphoreP_destruct              
2000cf71  SemaphoreP_pend                  
2000e2bd  SwiP_disable                     
2000ddcd  SwiP_restore                     
2000d991  TimerCC32XX_allocateTimerResource
2000e101  TimerCC32XX_freeTimerResource    
2000e78a  Timer_count                      
2000e78b  UART_count                       
2000e4bb  UtilsDelay                       
2000e78c  Watchdog_count                   
20004000  __STACK_END                      
00001000  __STACK_SIZE                     
00008000  __SYSMEM_SIZE                    
2000ec88  __TI_CINIT_Base                  
2000ec98  __TI_CINIT_Limit                 
2000ec70  __TI_Handler_Table_Base          
2000ec7c  __TI_Handler_Table_Limit         
2000de11  __TI_auto_init_nobinit_nopinit   
2000d5f5  __TI_decompress_lzss             
2000e465  __TI_decompress_none             
ffffffff  __TI_pprof_out_hndl              
ffffffff  __TI_prof_data_size              
ffffffff  __TI_prof_data_start             
2000ebc0  __TI_static_base__               
2000e3a1  __TI_zero_init_nomemset          
2000e4d3  __aeabi_idiv0                    
2000e4d3  __aeabi_ldiv0                    
2000e30d  __aeabi_lmul                     
2000d011  __aeabi_memcpy                   
2000d011  __aeabi_memcpy4                  
2000d011  __aeabi_memcpy8                  
2000d145  __aeabi_uldivmod                 
ffffffff  __binit__                        
ffffffff  __c_args__                       
UNDEFED   __mpu_init                       
20003000  __stack                          
2000e1e9  _c_int00_noargs                  
20004040  _sys_memory                      
UNDEFED   _system_post_cinit               
2000e4c5  _system_pre_init                 
2000e4c9  abort                            
ffffffff  binit                            
2000e47f  clkFxn                           
2000dff5  initVectors                      
2000e3b3  main                             
2000cb5d  mainThread                       
2000d011  memcpy                           
2000e90c  parkInfo                         
2000e790  pwmTimerCC3220SHWAttrs           
2000eb4c  pwmTimerCC3220SObjects           
2000e2d9  resetISR                         
2000e2ec  resetVectorAddr                  
20004000  resetVectors                     
2000db11  usleep                           


GLOBAL SYMBOLS: SORTED BY Symbol Address 

address   name                             
-------   ----                             
00001000  __STACK_SIZE                     
00008000  __SYSMEM_SIZE                    
20003000  __stack                          
20004000  __STACK_END                      
20004000  resetVectors                     
20004040  _sys_memory                      
2000c041  PRCMCC3200MCUInit                
2000c46d  PowerCC32XX_sleepPolicy          
2000c751  PWMTimerCC32XX_setDutyAndPeriod  
2000c891  Power_sleep                      
2000c9a9  PWMTimerCC32XX_open              
2000ca99  PWMTimerCC32XX_stop              
2000cb5d  mainThread                       
2000cc19  PWMTimerCC32XX_setDuty           
2000cd7d  IntEnable                        
2000ce25  PowerCC32XX_configureWakeup      
2000cf71  SemaphoreP_pend                  
2000d011  __aeabi_memcpy                   
2000d011  __aeabi_memcpy4                  
2000d011  __aeabi_memcpy8                  
2000d011  memcpy                           
2000d0ad  PWMTimerCC32XX_setPeriod         
2000d145  __aeabi_uldivmod                 
2000d1db  PWMTimerCC32XX_init              
2000d26d  IntPendSet                       
2000d2f5  PWMTimerCC32XX_close             
2000d37d  PinConfigSet                     
2000d405  Power_init                       
2000d50d  Power_setDependency              
2000d58d  PWMTimerCC32XX_start             
2000d5f5  __TI_decompress_lzss             
2000d65d  PowerCC32XX_setParkState         
2000d6c1  ClockP_start                     
2000d721  PRCMSysResetCauseGet             
2000d83d  PRCMPeripheralReset              
2000d895  Power_releaseDependency          
2000d8ed  PowerCC32XX_resumeLPDS           
2000d93f  PowerCC32XX_initPolicy           
2000d941  SemaphoreP_construct             
2000d991  TimerCC32XX_allocateTimerResource
2000d9e1  PowerCC32XX_parkPin              
2000db11  ClockP_usleep                    
2000db11  usleep                           
2000db59  FlashDisable                     
2000dba1  PRCMLPDSEnter                    
2000dbe9  PRCMPeripheralClkEnable          
2000dc31  Power_releaseConstraint          
2000dc79  ClockP_stop                      
2000dcbd  ClockP_doTick                    
2000dcbd  ClockP_sysTickHandler            
2000dd01  PRCMLPDSRestoreInfoSet           
2000dd45  PWM_init                         
2000dd89  PowerCC32XX_enterLPDS            
2000ddcd  SwiP_restore                     
2000de11  __TI_auto_init_nobinit_nopinit   
2000de55  PinModeSet                       
2000de95  ClockP_destruct                  
2000ded1  PWM_open                         
2000df0d  Power_setConstraint              
2000dfbd  PRCMLPDSEnterKeepDebugIf         
2000dff5  initVectors                      
2000e065  ClockP_getTicksUntilInterrupt    
2000e099  ClockP_startup                   
2000e0cd  PinModeGet                       
2000e101  TimerCC32XX_freeTimerResource    
2000e169  PowerCC32XX_restoreParkedPin     
2000e199  PRCMPeripheralClkDisable         
2000e1c1  Power_registerNotify             
2000e1e9  _c_int00_noargs                  
2000e211  List_put                         
2000e237  List_remove                      
2000e281  Power_unregisterNotify           
2000e2a1  PinToPadGet                      
2000e2bd  SwiP_disable                     
2000e2d9  resetISR                         
2000e2ec  resetVectorAddr                  
2000e2f3  SemaphoreP_destruct              
2000e2f5  Power_idleFunc                   
2000e30d  __aeabi_lmul                     
2000e325  PRCMHIBRegRead                   
2000e33b  PRCMHIBRegWrite                  
2000e351  CPUcpsid                         
2000e365  IntVTableBaseSet                 
2000e379  PWM_Params_init                  
2000e38d  Power_getDependencyCount         
2000e3a1  __TI_zero_init_nomemset          
2000e3b3  main                             
2000e3d7  ClockP_add                       
2000e3e9  ClockP_getCpuFreq                
2000e3f9  ClockP_getSystemTicks            
2000e409  ClockP_setTicks                  
2000e419  HwiP_restore                     
2000e429  Power_enablePolicy               
2000e439  SemaphoreP_Params_init           
2000e449  HwiP_disable                     
2000e457  HwiP_enable                      
2000e457  NoRTOS_start                     
2000e465  __TI_decompress_none             
2000e473  CC3220S_LAUNCHXL_initGeneral     
2000e47f  clkFxn                           
2000e481  Power_getConstraintMask          
2000e48d  ClockP_isActive                  
2000e497  IntMasterDisable                 
2000e4a1  PWM_setDuty                      
2000e4ab  PWM_start                        
2000e4b5  PWMTimerCC32XX_control           
2000e4bb  UtilsDelay                       
2000e4c1  HwiP_post                        
2000e4c5  _system_pre_init                 
2000e4c9  C$$EXIT                          
2000e4c9  abort                            
2000e4d3  __aeabi_idiv0                    
2000e4d3  __aeabi_ldiv0                    
2000e67c  PowerCC32XX_config               
2000e6bc  PWMTimerCC32XX_fxnTable          
2000e700  PWM_config                       
2000e718  PWM_defaultParams                
2000e780  ADC_count                        
2000e781  Capture_count                    
2000e782  CryptoCC32XX_count               
2000e783  Display_count                    
2000e784  I2C_count                        
2000e785  I2S_count                        
2000e786  PWM_count                        
2000e787  SDFatFS_count                    
2000e788  SD_count                         
2000e789  SPI_count                        
2000e78a  Timer_count                      
2000e78b  UART_count                       
2000e78c  Watchdog_count                   
2000e790  pwmTimerCC3220SHWAttrs           
2000e7a0  PowerCC32XX_module               
2000e90c  parkInfo                         
2000ea04  SemaphoreP_defaultParams         
2000ea0c  HwiP_key                         
2000ea10  HwiP_swiPIntNum                  
2000ea14  ClockP_tickPeriod                
2000ea20  PowerCC32XX_contextSave          
2000eb4c  pwmTimerCC3220SObjects           
2000eb98  ClockP_ctrl                      
2000ebc0  __TI_static_base__               
2000ec70  __TI_Handler_Table_Base          
2000ec7c  __TI_Handler_Table_Limit         
2000ec88  __TI_CINIT_Base                  
2000ec98  __TI_CINIT_Limit                 
ffffffff  __TI_pprof_out_hndl              
ffffffff  __TI_prof_data_size              
ffffffff  __TI_prof_data_start             
ffffffff  __binit__                        
ffffffff  __c_args__                       
ffffffff  binit                            
UNDEFED   __mpu_init                       
UNDEFED   _system_post_cinit               

[153 symbols]
