<?xml version="1.0" encoding="ISO-8859-1" ?>
<link_info>
   <banner>TI ARM Linker PC v18.1.4.LTS</banner>
   <copyright>Copyright (c) 1996-2018 Texas Instruments Incorporated</copyright>
   <link_time>0x5ccd03cb</link_time>
   <link_errors>0x0</link_errors>
   <output_file>pwmled2_CC3220S_LAUNCHXL_nortos_ccs2_I2CSlave.out</output_file>
   <entry_point>
      <name>resetISR</name>
      <address>0x2000f1c1</address>
   </entry_point>
   <input_file_list>
      <input_file id="fl-2">
         <path>.\</path>
         <kind>object</kind>
         <file>CC3220S_LAUNCHXL.obj</file>
         <name>CC3220S_LAUNCHXL.obj</name>
      </input_file>
      <input_file id="fl-3">
         <path>.\</path>
         <kind>object</kind>
         <file>I2C_Slave.obj</file>
         <name>I2C_Slave.obj</name>
      </input_file>
      <input_file id="fl-4">
         <path>.\</path>
         <kind>object</kind>
         <file>main_nortos.obj</file>
         <name>main_nortos.obj</name>
      </input_file>
      <input_file id="fl-5">
         <path>.\</path>
         <kind>object</kind>
         <file>pwmled2.obj</file>
         <name>pwmled2.obj</name>
      </input_file>
      <input_file id="fl-10">
         <kind>object</kind>
         <file>&lt;internal&gt;</file>
         <name>&lt;internal&gt;</name>
      </input_file>
      <input_file id="fl-11">
         <path>C:\ti\simplelink_cc32xx_sdk_2_40_02_00\source\ti\display\lib\</path>
         <kind>archive</kind>
         <file>display.aem4</file>
         <name>DisplayUart.oem4</name>
      </input_file>
      <input_file id="fl-12">
         <path>C:\ti\simplelink_cc32xx_sdk_2_40_02_00\source\ti\drivers\lib\</path>
         <kind>archive</kind>
         <file>drivers_cc32xx.aem4</file>
         <name>ADCCC32XX.oem4</name>
      </input_file>
      <input_file id="fl-13">
         <path>C:\ti\simplelink_cc32xx_sdk_2_40_02_00\source\ti\drivers\lib\</path>
         <kind>archive</kind>
         <file>drivers_cc32xx.aem4</file>
         <name>CaptureCC32XX.oem4</name>
      </input_file>
      <input_file id="fl-14">
         <path>C:\ti\simplelink_cc32xx_sdk_2_40_02_00\source\ti\drivers\lib\</path>
         <kind>archive</kind>
         <file>drivers_cc32xx.aem4</file>
         <name>GPIOCC32XX.oem4</name>
      </input_file>
      <input_file id="fl-15">
         <path>C:\ti\simplelink_cc32xx_sdk_2_40_02_00\source\ti\drivers\lib\</path>
         <kind>archive</kind>
         <file>drivers_cc32xx.aem4</file>
         <name>I2CCC32XX.oem4</name>
      </input_file>
      <input_file id="fl-16">
         <path>C:\ti\simplelink_cc32xx_sdk_2_40_02_00\source\ti\drivers\lib\</path>
         <kind>archive</kind>
         <file>drivers_cc32xx.aem4</file>
         <name>I2SCC32XXDMA.oem4</name>
      </input_file>
      <input_file id="fl-17">
         <path>C:\ti\simplelink_cc32xx_sdk_2_40_02_00\source\ti\drivers\lib\</path>
         <kind>archive</kind>
         <file>drivers_cc32xx.aem4</file>
         <name>PowerCC32XX.oem4</name>
      </input_file>
      <input_file id="fl-18">
         <path>C:\ti\simplelink_cc32xx_sdk_2_40_02_00\source\ti\drivers\lib\</path>
         <kind>archive</kind>
         <file>drivers_cc32xx.aem4</file>
         <name>PowerCC32XX_asm.oem4</name>
      </input_file>
      <input_file id="fl-19">
         <path>C:\ti\simplelink_cc32xx_sdk_2_40_02_00\source\ti\drivers\lib\</path>
         <kind>archive</kind>
         <file>drivers_cc32xx.aem4</file>
         <name>PWM.oem4</name>
      </input_file>
      <input_file id="fl-1a">
         <path>C:\ti\simplelink_cc32xx_sdk_2_40_02_00\source\ti\drivers\lib\</path>
         <kind>archive</kind>
         <file>drivers_cc32xx.aem4</file>
         <name>PWMTimerCC32XX.oem4</name>
      </input_file>
      <input_file id="fl-1b">
         <path>C:\ti\simplelink_cc32xx_sdk_2_40_02_00\source\ti\drivers\lib\</path>
         <kind>archive</kind>
         <file>drivers_cc32xx.aem4</file>
         <name>SDHostCC32XX.oem4</name>
      </input_file>
      <input_file id="fl-1c">
         <path>C:\ti\simplelink_cc32xx_sdk_2_40_02_00\source\ti\drivers\lib\</path>
         <kind>archive</kind>
         <file>drivers_cc32xx.aem4</file>
         <name>SPICC32XXDMA.oem4</name>
      </input_file>
      <input_file id="fl-1d">
         <path>C:\ti\simplelink_cc32xx_sdk_2_40_02_00\source\ti\drivers\lib\</path>
         <kind>archive</kind>
         <file>drivers_cc32xx.aem4</file>
         <name>Timer.oem4</name>
      </input_file>
      <input_file id="fl-1e">
         <path>C:\ti\simplelink_cc32xx_sdk_2_40_02_00\source\ti\drivers\lib\</path>
         <kind>archive</kind>
         <file>drivers_cc32xx.aem4</file>
         <name>TimerCC32XX.oem4</name>
      </input_file>
      <input_file id="fl-1f">
         <path>C:\ti\simplelink_cc32xx_sdk_2_40_02_00\source\ti\drivers\lib\</path>
         <kind>archive</kind>
         <file>drivers_cc32xx.aem4</file>
         <name>UART.oem4</name>
      </input_file>
      <input_file id="fl-20">
         <path>C:\ti\simplelink_cc32xx_sdk_2_40_02_00\source\ti\drivers\lib\</path>
         <kind>archive</kind>
         <file>drivers_cc32xx.aem4</file>
         <name>UARTCC32XX.oem4</name>
      </input_file>
      <input_file id="fl-21">
         <path>C:\ti\simplelink_cc32xx_sdk_2_40_02_00\source\ti\drivers\lib\</path>
         <kind>archive</kind>
         <file>drivers_cc32xx.aem4</file>
         <name>WatchdogCC32XX.oem4</name>
      </input_file>
      <input_file id="fl-22">
         <path>C:\ti\simplelink_cc32xx_sdk_2_40_02_00\source\ti\drivers\lib\</path>
         <kind>archive</kind>
         <file>drivers_cc32xx.aem4</file>
         <name>List.oem4</name>
      </input_file>
      <input_file id="fl-23">
         <path>C:\ti\simplelink_cc32xx_sdk_2_40_02_00\source\ti\drivers\lib\</path>
         <kind>archive</kind>
         <file>drivers_cc32xx.aem4</file>
         <name>RingBuf.oem4</name>
      </input_file>
      <input_file id="fl-24">
         <path>C:\ti\simplelink_cc32xx_sdk_2_40_02_00\source\ti\drivers\lib\</path>
         <kind>archive</kind>
         <file>drivers_cc32xx.aem4</file>
         <name>UDMACC32XX.oem4</name>
      </input_file>
      <input_file id="fl-25">
         <path>C:\ti\simplelink_cc32xx_sdk_2_40_02_00\kernel\nortos\lib\</path>
         <kind>archive</kind>
         <file>nortos_cc32xx.aem4</file>
         <name>posix_sleep.oem4</name>
      </input_file>
      <input_file id="fl-26">
         <path>C:\ti\simplelink_cc32xx_sdk_2_40_02_00\kernel\nortos\lib\</path>
         <kind>archive</kind>
         <file>nortos_cc32xx.aem4</file>
         <name>NoRTOS.oem4</name>
      </input_file>
      <input_file id="fl-27">
         <path>C:\ti\simplelink_cc32xx_sdk_2_40_02_00\kernel\nortos\lib\</path>
         <kind>archive</kind>
         <file>nortos_cc32xx.aem4</file>
         <name>SemaphoreP_nortos.oem4</name>
      </input_file>
      <input_file id="fl-28">
         <path>C:\ti\simplelink_cc32xx_sdk_2_40_02_00\kernel\nortos\lib\</path>
         <kind>archive</kind>
         <file>nortos_cc32xx.aem4</file>
         <name>SystemP_nortos.oem4</name>
      </input_file>
      <input_file id="fl-29">
         <path>C:\ti\simplelink_cc32xx_sdk_2_40_02_00\kernel\nortos\lib\</path>
         <kind>archive</kind>
         <file>nortos_cc32xx.aem4</file>
         <name>ClockPSysTick_nortos.oem4</name>
      </input_file>
      <input_file id="fl-2a">
         <path>C:\ti\simplelink_cc32xx_sdk_2_40_02_00\kernel\nortos\lib\</path>
         <kind>archive</kind>
         <file>nortos_cc32xx.aem4</file>
         <name>HwiPCC32XX_nortos.oem4</name>
      </input_file>
      <input_file id="fl-2b">
         <path>C:\ti\simplelink_cc32xx_sdk_2_40_02_00\kernel\nortos\lib\</path>
         <kind>archive</kind>
         <file>nortos_cc32xx.aem4</file>
         <name>PowerCC32XX_nortos.oem4</name>
      </input_file>
      <input_file id="fl-2c">
         <path>C:\ti\simplelink_cc32xx_sdk_2_40_02_00\kernel\nortos\lib\</path>
         <kind>archive</kind>
         <file>nortos_cc32xx.aem4</file>
         <name>startup_cc32xx_ccs.oem4</name>
      </input_file>
      <input_file id="fl-2d">
         <path>C:\ti\simplelink_cc32xx_sdk_2_40_02_00\kernel\nortos\lib\</path>
         <kind>archive</kind>
         <file>nortos_cc32xx.aem4</file>
         <name>SwiP_nortos.oem4</name>
      </input_file>
      <input_file id="fl-2e">
         <path>C:\ti\simplelink_cc32xx_sdk_2_40_02_00\kernel\nortos\lib\</path>
         <kind>archive</kind>
         <file>nortos_cc32xx.aem4</file>
         <name>QueueP_nortos.oem4</name>
      </input_file>
      <input_file id="fl-2f">
         <path>C:\ti\simplelink_cc32xx_sdk_2_40_02_00\source\ti\devices\cc32xx\driverlib\ccs\Release\</path>
         <kind>archive</kind>
         <file>driverlib.a</file>
         <name>i2c.obj</name>
      </input_file>
      <input_file id="fl-30">
         <path>C:\ti\simplelink_cc32xx_sdk_2_40_02_00\source\ti\devices\cc32xx\driverlib\ccs\Release\</path>
         <kind>archive</kind>
         <file>driverlib.a</file>
         <name>interrupt.obj</name>
      </input_file>
      <input_file id="fl-31">
         <path>C:\ti\simplelink_cc32xx_sdk_2_40_02_00\source\ti\devices\cc32xx\driverlib\ccs\Release\</path>
         <kind>archive</kind>
         <file>driverlib.a</file>
         <name>pin.obj</name>
      </input_file>
      <input_file id="fl-32">
         <path>C:\ti\simplelink_cc32xx_sdk_2_40_02_00\source\ti\devices\cc32xx\driverlib\ccs\Release\</path>
         <kind>archive</kind>
         <file>driverlib.a</file>
         <name>prcm.obj</name>
      </input_file>
      <input_file id="fl-33">
         <path>C:\ti\simplelink_cc32xx_sdk_2_40_02_00\source\ti\devices\cc32xx\driverlib\ccs\Release\</path>
         <kind>archive</kind>
         <file>driverlib.a</file>
         <name>sdhost.obj</name>
      </input_file>
      <input_file id="fl-34">
         <path>C:\ti\simplelink_cc32xx_sdk_2_40_02_00\source\ti\devices\cc32xx\driverlib\ccs\Release\</path>
         <kind>archive</kind>
         <file>driverlib.a</file>
         <name>timer.obj</name>
      </input_file>
      <input_file id="fl-35">
         <path>C:\ti\simplelink_cc32xx_sdk_2_40_02_00\source\ti\devices\cc32xx\driverlib\ccs\Release\</path>
         <kind>archive</kind>
         <file>driverlib.a</file>
         <name>uart.obj</name>
      </input_file>
      <input_file id="fl-36">
         <path>C:\ti\simplelink_cc32xx_sdk_2_40_02_00\source\ti\devices\cc32xx\driverlib\ccs\Release\</path>
         <kind>archive</kind>
         <file>driverlib.a</file>
         <name>udma.obj</name>
      </input_file>
      <input_file id="fl-37">
         <path>C:\ti\simplelink_cc32xx_sdk_2_40_02_00\source\ti\devices\cc32xx\driverlib\ccs\Release\</path>
         <kind>archive</kind>
         <file>driverlib.a</file>
         <name>utils.obj</name>
      </input_file>
      <input_file id="fl-38">
         <path>C:\ti\simplelink_cc32xx_sdk_2_40_02_00\source\ti\devices\cc32xx\driverlib\ccs\Release\</path>
         <kind>archive</kind>
         <file>driverlib.a</file>
         <name>cpu.obj</name>
      </input_file>
      <input_file id="fl-39">
         <path>C:\ti\simplelink_cc32xx_sdk_2_40_02_00\source\ti\devices\cc32xx\driverlib\ccs\Release\</path>
         <kind>archive</kind>
         <file>driverlib.a</file>
         <name>flash.obj</name>
      </input_file>
      <input_file id="fl-ef">
         <path>C:\ti\ccsv8\tools\compiler\ti-cgt-arm_18.1.4.LTS\lib\</path>
         <kind>archive</kind>
         <file>rtsv7M4_T_le_eabi.lib</file>
         <name>u_divt2.asm.obj</name>
      </input_file>
      <input_file id="fl-f0">
         <path>C:\ti\ccsv8\tools\compiler\ti-cgt-arm_18.1.4.LTS\lib\</path>
         <kind>archive</kind>
         <file>rtsv7M4_T_le_eabi.lib</file>
         <name>fd_add_t2.asm.obj</name>
      </input_file>
      <input_file id="fl-f1">
         <path>C:\ti\ccsv8\tools\compiler\ti-cgt-arm_18.1.4.LTS\lib\</path>
         <kind>archive</kind>
         <file>rtsv7M4_T_le_eabi.lib</file>
         <name>fd_cmp_t2.asm.obj</name>
      </input_file>
      <input_file id="fl-f2">
         <path>C:\ti\ccsv8\tools\compiler\ti-cgt-arm_18.1.4.LTS\lib\</path>
         <kind>archive</kind>
         <file>rtsv7M4_T_le_eabi.lib</file>
         <name>fd_mul_t2.asm.obj</name>
      </input_file>
      <input_file id="fl-f3">
         <path>C:\ti\ccsv8\tools\compiler\ti-cgt-arm_18.1.4.LTS\lib\</path>
         <kind>archive</kind>
         <file>rtsv7M4_T_le_eabi.lib</file>
         <name>fd_toi_t2.asm.obj</name>
      </input_file>
      <input_file id="fl-f4">
         <path>C:\ti\ccsv8\tools\compiler\ti-cgt-arm_18.1.4.LTS\lib\</path>
         <kind>archive</kind>
         <file>rtsv7M4_T_le_eabi.lib</file>
         <name>fd_tou_t2.asm.obj</name>
      </input_file>
      <input_file id="fl-f5">
         <path>C:\ti\ccsv8\tools\compiler\ti-cgt-arm_18.1.4.LTS\lib\</path>
         <kind>archive</kind>
         <file>rtsv7M4_T_le_eabi.lib</file>
         <name>fs_mul_t2.asm.obj</name>
      </input_file>
      <input_file id="fl-f6">
         <path>C:\ti\ccsv8\tools\compiler\ti-cgt-arm_18.1.4.LTS\lib\</path>
         <kind>archive</kind>
         <file>rtsv7M4_T_le_eabi.lib</file>
         <name>fs_toi_t2.asm.obj</name>
      </input_file>
      <input_file id="fl-f7">
         <path>C:\ti\ccsv8\tools\compiler\ti-cgt-arm_18.1.4.LTS\lib\</path>
         <kind>archive</kind>
         <file>rtsv7M4_T_le_eabi.lib</file>
         <name>i_tofd_t2.asm.obj</name>
      </input_file>
      <input_file id="fl-f8">
         <path>C:\ti\ccsv8\tools\compiler\ti-cgt-arm_18.1.4.LTS\lib\</path>
         <kind>archive</kind>
         <file>rtsv7M4_T_le_eabi.lib</file>
         <name>ll_mul_t2.asm.obj</name>
      </input_file>
      <input_file id="fl-f9">
         <path>C:\ti\ccsv8\tools\compiler\ti-cgt-arm_18.1.4.LTS\lib\</path>
         <kind>archive</kind>
         <file>rtsv7M4_T_le_eabi.lib</file>
         <name>memcpy_t2.asm.obj</name>
      </input_file>
      <input_file id="fl-fa">
         <path>C:\ti\ccsv8\tools\compiler\ti-cgt-arm_18.1.4.LTS\lib\</path>
         <kind>archive</kind>
         <file>rtsv7M4_T_le_eabi.lib</file>
         <name>u_tofd_t2.asm.obj</name>
      </input_file>
      <input_file id="fl-fb">
         <path>C:\ti\ccsv8\tools\compiler\ti-cgt-arm_18.1.4.LTS\lib\</path>
         <kind>archive</kind>
         <file>rtsv7M4_T_le_eabi.lib</file>
         <name>u_tofs_t2.asm.obj</name>
      </input_file>
      <input_file id="fl-fc">
         <path>C:\ti\ccsv8\tools\compiler\ti-cgt-arm_18.1.4.LTS\lib\</path>
         <kind>archive</kind>
         <file>rtsv7M4_T_le_eabi.lib</file>
         <name>ull_div_t2.asm.obj</name>
      </input_file>
      <input_file id="fl-fd">
         <path>C:\ti\ccsv8\tools\compiler\ti-cgt-arm_18.1.4.LTS\lib\</path>
         <kind>archive</kind>
         <file>rtsv7M4_T_le_eabi.lib</file>
         <name>memset_t2.asm.obj</name>
      </input_file>
      <input_file id="fl-fe">
         <path>C:\ti\ccsv8\tools\compiler\ti-cgt-arm_18.1.4.LTS\lib\</path>
         <kind>archive</kind>
         <file>rtsv7M4_T_le_eabi.lib</file>
         <name>copy_zero_init.c.obj</name>
      </input_file>
      <input_file id="fl-ff">
         <path>C:\ti\ccsv8\tools\compiler\ti-cgt-arm_18.1.4.LTS\lib\</path>
         <kind>archive</kind>
         <file>rtsv7M4_T_le_eabi.lib</file>
         <name>copy_decompress_none.c.obj</name>
      </input_file>
      <input_file id="fl-100">
         <path>C:\ti\ccsv8\tools\compiler\ti-cgt-arm_18.1.4.LTS\lib\</path>
         <kind>archive</kind>
         <file>rtsv7M4_T_le_eabi.lib</file>
         <name>copy_decompress_lzss.c.obj</name>
      </input_file>
      <input_file id="fl-101">
         <path>C:\ti\ccsv8\tools\compiler\ti-cgt-arm_18.1.4.LTS\lib\</path>
         <kind>archive</kind>
         <file>rtsv7M4_T_le_eabi.lib</file>
         <name>boot_cortex_m.c.obj</name>
      </input_file>
      <input_file id="fl-102">
         <path>C:\ti\ccsv8\tools\compiler\ti-cgt-arm_18.1.4.LTS\lib\</path>
         <kind>archive</kind>
         <file>rtsv7M4_T_le_eabi.lib</file>
         <name>exit.c.obj</name>
      </input_file>
      <input_file id="fl-103">
         <path>C:\ti\ccsv8\tools\compiler\ti-cgt-arm_18.1.4.LTS\lib\</path>
         <kind>archive</kind>
         <file>rtsv7M4_T_le_eabi.lib</file>
         <name>memory.c.obj</name>
      </input_file>
      <input_file id="fl-104">
         <path>C:\ti\ccsv8\tools\compiler\ti-cgt-arm_18.1.4.LTS\lib\</path>
         <kind>archive</kind>
         <file>rtsv7M4_T_le_eabi.lib</file>
         <name>_lock.c.obj</name>
      </input_file>
      <input_file id="fl-105">
         <path>C:\ti\ccsv8\tools\compiler\ti-cgt-arm_18.1.4.LTS\lib\</path>
         <kind>archive</kind>
         <file>rtsv7M4_T_le_eabi.lib</file>
         <name>args_main.c.obj</name>
      </input_file>
      <input_file id="fl-106">
         <path>C:\ti\ccsv8\tools\compiler\ti-cgt-arm_18.1.4.LTS\lib\</path>
         <kind>archive</kind>
         <file>rtsv7M4_T_le_eabi.lib</file>
         <name>strlen.c.obj</name>
      </input_file>
      <input_file id="fl-107">
         <path>C:\ti\ccsv8\tools\compiler\ti-cgt-arm_18.1.4.LTS\lib\</path>
         <kind>archive</kind>
         <file>rtsv7M4_T_le_eabi.lib</file>
         <name>div0.asm.obj</name>
      </input_file>
      <input_file id="fl-108">
         <path>C:\ti\ccsv8\tools\compiler\ti-cgt-arm_18.1.4.LTS\lib\</path>
         <kind>archive</kind>
         <file>rtsv7M4_T_le_eabi.lib</file>
         <name>autoinit.c.obj</name>
      </input_file>
      <input_file id="fl-109">
         <path>C:\ti\ccsv8\tools\compiler\ti-cgt-arm_18.1.4.LTS\lib\</path>
         <kind>archive</kind>
         <file>rtsv7M4_T_le_eabi.lib</file>
         <name>pre_init.c.obj</name>
      </input_file>
      <input_file id="fl-10a">
         <path>C:\ti\ccsv8\tools\compiler\ti-cgt-arm_18.1.4.LTS\lib\</path>
         <kind>archive</kind>
         <file>rtsv7M4_T_le_eabi.lib</file>
         <name>cpy_tbl.c.obj</name>
      </input_file>
   </input_file_list>
   <object_component_list>
      <object_component id="oc-265">
         <name>.text:PRCMCC3200MCUInit</name>
         <load_address>0x2000c040</load_address>
         <run_address>0x2000c040</run_address>
         <size>0x42c</size>
         <input_file_ref idref="fl-32"/>
      </object_component>
      <object_component id="oc-29d">
         <name>.text:GPIO_setConfig</name>
         <load_address>0x2000c46c</load_address>
         <run_address>0x2000c46c</run_address>
         <size>0x1d8</size>
         <input_file_ref idref="fl-14"/>
      </object_component>
      <object_component id="oc-47a">
         <name>.text:PowerCC32XX_sleepPolicy</name>
         <load_address>0x2000c644</load_address>
         <run_address>0x2000c644</run_address>
         <size>0x19c</size>
         <input_file_ref idref="fl-2b"/>
      </object_component>
      <object_component id="oc-6c9">
         <name>.text:parkPins</name>
         <load_address>0x2000c7e0</load_address>
         <run_address>0x2000c7e0</run_address>
         <size>0x148</size>
         <input_file_ref idref="fl-17"/>
      </object_component>
      <object_component id="oc-648">
         <name>.text:PWMTimerCC32XX_setDutyAndPeriod</name>
         <load_address>0x2000c928</load_address>
         <run_address>0x2000c928</run_address>
         <size>0x140</size>
         <input_file_ref idref="fl-1a"/>
      </object_component>
      <object_component id="oc-600">
         <name>.text:TimerCC32XX_open</name>
         <load_address>0x2000ca68</load_address>
         <run_address>0x2000ca68</run_address>
         <size>0x128</size>
         <input_file_ref idref="fl-1e"/>
      </object_component>
      <object_component id="oc-5c7">
         <name>.text:Power_sleep</name>
         <load_address>0x2000cb90</load_address>
         <run_address>0x2000cb90</run_address>
         <size>0x118</size>
         <input_file_ref idref="fl-17"/>
      </object_component>
      <object_component id="oc-153">
         <name>.text:mainThread</name>
         <load_address>0x2000cca8</load_address>
         <run_address>0x2000cca8</run_address>
         <size>0x100</size>
         <input_file_ref idref="fl-5"/>
      </object_component>
      <object_component id="oc-636">
         <name>.text:PWMTimerCC32XX_open</name>
         <load_address>0x2000cda8</load_address>
         <run_address>0x2000cda8</run_address>
         <size>0xf0</size>
         <input_file_ref idref="fl-1a"/>
      </object_component>
      <object_component id="oc-4dd">
         <name>.text:free</name>
         <load_address>0x2000ce98</load_address>
         <run_address>0x2000ce98</run_address>
         <size>0xd8</size>
         <input_file_ref idref="fl-103"/>
      </object_component>
      <object_component id="oc-297">
         <name>.text:GPIO_init</name>
         <load_address>0x2000cf70</load_address>
         <run_address>0x2000cf70</run_address>
         <size>0xc4</size>
         <input_file_ref idref="fl-14"/>
      </object_component>
      <object_component id="oc-654">
         <name>.text:PWMTimerCC32XX_stop</name>
         <load_address>0x2000d034</load_address>
         <run_address>0x2000d034</run_address>
         <size>0xc4</size>
         <input_file_ref idref="fl-1a"/>
      </object_component>
      <object_component id="oc-63c">
         <name>.text:PWMTimerCC32XX_setDuty</name>
         <load_address>0x2000d0f8</load_address>
         <run_address>0x2000d0f8</run_address>
         <size>0xb8</size>
         <input_file_ref idref="fl-1a"/>
      </object_component>
      <object_component id="oc-6e6">
         <name>.text:restoreParkedPins</name>
         <load_address>0x2000d1b0</load_address>
         <run_address>0x2000d1b0</run_address>
         <size>0xac</size>
         <input_file_ref idref="fl-17"/>
      </object_component>
      <object_component id="oc-b0">
         <name>.text:IntEnable</name>
         <load_address>0x2000d25c</load_address>
         <run_address>0x2000d25c</run_address>
         <size>0xa8</size>
         <input_file_ref idref="fl-30"/>
      </object_component>
      <object_component id="oc-33e">
         <name>.text:PowerCC32XX_configureWakeup</name>
         <load_address>0x2000d304</load_address>
         <run_address>0x2000d304</run_address>
         <size>0xa8</size>
         <input_file_ref idref="fl-17"/>
      </object_component>
      <object_component id="oc-782">
         <name>.text:initHw</name>
         <load_address>0x2000d3ac</load_address>
         <run_address>0x2000d3ac</run_address>
         <size>0xa4</size>
         <input_file_ref idref="fl-1a"/>
      </object_component>
      <object_component id="oc-3c0">
         <name>.text:SemaphoreP_pend</name>
         <load_address>0x2000d450</load_address>
         <run_address>0x2000d450</run_address>
         <size>0xa0</size>
         <input_file_ref idref="fl-27"/>
      </object_component>
      <object_component id="oc-36">
         <name>.text</name>
         <load_address>0x2000d4f0</load_address>
         <run_address>0x2000d4f0</run_address>
         <size>0x9c</size>
         <input_file_ref idref="fl-f9"/>
      </object_component>
      <object_component id="oc-642">
         <name>.text:PWMTimerCC32XX_setPeriod</name>
         <load_address>0x2000d58c</load_address>
         <run_address>0x2000d58c</run_address>
         <size>0x98</size>
         <input_file_ref idref="fl-1a"/>
      </object_component>
      <object_component id="oc-3dc">
         <name>.text:powerNotifyFxn</name>
         <load_address>0x2000d624</load_address>
         <run_address>0x2000d624</run_address>
         <size>0x98</size>
         <input_file_ref idref="fl-14"/>
      </object_component>
      <object_component id="oc-5c2">
         <name>.text</name>
         <load_address>0x2000d6bc</load_address>
         <run_address>0x2000d6bc</run_address>
         <size>0x96</size>
         <input_file_ref idref="fl-fc"/>
      </object_component>
      <object_component id="oc-630">
         <name>.text:PWMTimerCC32XX_init</name>
         <load_address>0x2000d752</load_address>
         <run_address>0x2000d752</run_address>
         <size>0x2</size>
         <input_file_ref idref="fl-1a"/>
      </object_component>
      <object_component id="oc-6da">
         <name>.text:restoreNVICRegs</name>
         <load_address>0x2000d754</load_address>
         <run_address>0x2000d754</run_address>
         <size>0x90</size>
         <input_file_ref idref="fl-17"/>
      </object_component>
      <object_component id="oc-53d">
         <name>.text:HwiP_construct</name>
         <load_address>0x2000d7e4</load_address>
         <run_address>0x2000d7e4</run_address>
         <size>0x8c</size>
         <input_file_ref idref="fl-2a"/>
      </object_component>
      <object_component id="oc-7f9">
         <name>.text:IntPendSet</name>
         <load_address>0x2000d870</load_address>
         <run_address>0x2000d870</run_address>
         <size>0x88</size>
         <input_file_ref idref="fl-30"/>
      </object_component>
      <object_component id="oc-624">
         <name>.text:PWMTimerCC32XX_close</name>
         <load_address>0x2000d8f8</load_address>
         <run_address>0x2000d8f8</run_address>
         <size>0x88</size>
         <input_file_ref idref="fl-1a"/>
      </object_component>
      <object_component id="oc-3e6">
         <name>.text:PinConfigSet</name>
         <load_address>0x2000d980</load_address>
         <run_address>0x2000d980</run_address>
         <size>0x88</size>
         <input_file_ref idref="fl-31"/>
      </object_component>
      <object_component id="oc-26b">
         <name>.text:Power_init</name>
         <load_address>0x2000da08</load_address>
         <run_address>0x2000da08</run_address>
         <size>0x84</size>
         <input_file_ref idref="fl-17"/>
      </object_component>
      <object_component id="oc-6cf">
         <name>.text:saveNVICRegs</name>
         <load_address>0x2000da8c</load_address>
         <run_address>0x2000da8c</run_address>
         <size>0x84</size>
         <input_file_ref idref="fl-17"/>
      </object_component>
      <object_component id="oc-361">
         <name>.text:Power_setDependency</name>
         <load_address>0x2000db10</load_address>
         <run_address>0x2000db10</run_address>
         <size>0x80</size>
         <input_file_ref idref="fl-17"/>
      </object_component>
      <object_component id="oc-2c0">
         <name>.text</name>
         <load_address>0x2000db90</load_address>
         <run_address>0x2000db90</run_address>
         <size>0x7a</size>
         <input_file_ref idref="fl-f5"/>
      </object_component>
      <object_component id="oc-474">
         <name>.text:PowerCC32XX_initPolicy</name>
         <load_address>0x2000dc0a</load_address>
         <run_address>0x2000dc0a</run_address>
         <size>0x2</size>
         <input_file_ref idref="fl-2b"/>
      </object_component>
      <object_component id="oc-40a">
         <name>.text:GPIO_hwiIntFxn</name>
         <load_address>0x2000dc0c</load_address>
         <run_address>0x2000dc0c</run_address>
         <size>0x78</size>
         <input_file_ref idref="fl-14"/>
      </object_component>
      <object_component id="oc-606">
         <name>.text:TimerCC32XX_start</name>
         <load_address>0x2000dc84</load_address>
         <run_address>0x2000dc84</run_address>
         <size>0x78</size>
         <input_file_ref idref="fl-1e"/>
      </object_component>
      <object_component id="oc-537">
         <name>.text:malloc</name>
         <load_address>0x2000dcfc</load_address>
         <run_address>0x2000dcfc</run_address>
         <size>0x78</size>
         <input_file_ref idref="fl-103"/>
      </object_component>
      <object_component id="oc-64e">
         <name>.text:PWMTimerCC32XX_start</name>
         <load_address>0x2000dd74</load_address>
         <run_address>0x2000dd74</run_address>
         <size>0x68</size>
         <input_file_ref idref="fl-1a"/>
      </object_component>
      <object_component id="oc-f">
         <name>.text:decompress:lzss:__TI_decompress_lzss</name>
         <load_address>0x2000dddc</load_address>
         <run_address>0x2000dddc</run_address>
         <size>0x68</size>
         <input_file_ref idref="fl-100"/>
      </object_component>
      <object_component id="oc-52c">
         <name>.text:PowerCC32XX_setParkState</name>
         <load_address>0x2000de44</load_address>
         <run_address>0x2000de44</run_address>
         <size>0x64</size>
         <input_file_ref idref="fl-17"/>
      </object_component>
      <object_component id="oc-4ea">
         <name>.text:ClockP_start</name>
         <load_address>0x2000dea8</load_address>
         <run_address>0x2000dea8</run_address>
         <size>0x60</size>
         <input_file_ref idref="fl-29"/>
      </object_component>
      <object_component id="oc-279">
         <name>.text:I2C_Slave_init</name>
         <load_address>0x2000df08</load_address>
         <run_address>0x2000df08</run_address>
         <size>0x60</size>
         <input_file_ref idref="fl-3"/>
      </object_component>
      <object_component id="oc-30c">
         <name>.text:PRCMSysResetCauseGet</name>
         <load_address>0x2000df68</load_address>
         <run_address>0x2000df68</run_address>
         <size>0x60</size>
         <input_file_ref idref="fl-32"/>
      </object_component>
      <object_component id="oc-420">
         <name>.text:getTimeUsec</name>
         <load_address>0x2000dfc8</load_address>
         <run_address>0x2000dfc8</run_address>
         <size>0x60</size>
         <input_file_ref idref="fl-29"/>
      </object_component>
      <object_component id="oc-55c">
         <name>.text:sysTickInit</name>
         <load_address>0x2000e028</load_address>
         <run_address>0x2000e028</run_address>
         <size>0x5c</size>
         <input_file_ref idref="fl-29"/>
      </object_component>
      <object_component id="oc-2a3">
         <name>.text:GPIO_setCallback</name>
         <load_address>0x2000e084</load_address>
         <run_address>0x2000e084</run_address>
         <size>0x58</size>
         <input_file_ref idref="fl-14"/>
      </object_component>
      <object_component id="oc-373">
         <name>.text:IntPendClear</name>
         <load_address>0x2000e0dc</load_address>
         <run_address>0x2000e0dc</run_address>
         <size>0x58</size>
         <input_file_ref idref="fl-30"/>
      </object_component>
      <object_component id="oc-325">
         <name>.text:PRCMPeripheralReset</name>
         <load_address>0x2000e134</load_address>
         <run_address>0x2000e134</run_address>
         <size>0x58</size>
         <input_file_ref idref="fl-32"/>
      </object_component>
      <object_component id="oc-76d">
         <name>.text:Power_releaseDependency</name>
         <load_address>0x2000e18c</load_address>
         <run_address>0x2000e18c</run_address>
         <size>0x58</size>
         <input_file_ref idref="fl-17"/>
      </object_component>
      <object_component id="oc-60c">
         <name>.text:TimerCC32XX_stop</name>
         <load_address>0x2000e1e4</load_address>
         <run_address>0x2000e1e4</run_address>
         <size>0x56</size>
         <input_file_ref idref="fl-1e"/>
      </object_component>
      <object_component id="oc-7d6">
         <name>.text:PowerCC32XX_resumeLPDS</name>
         <load_address>0x2000e23a</load_address>
         <run_address>0x2000e23a</run_address>
         <size>0x52</size>
         <input_file_ref idref="fl-18"/>
      </object_component>
      <object_component id="oc-72a">
         <name>.text:initHw</name>
         <load_address>0x2000e28c</load_address>
         <run_address>0x2000e28c</run_address>
         <size>0x52</size>
         <input_file_ref idref="fl-1e"/>
      </object_component>
      <object_component id="oc-572">
         <name>.text:SemaphoreP_destruct</name>
         <load_address>0x2000e2de</load_address>
         <run_address>0x2000e2de</run_address>
         <size>0x2</size>
         <input_file_ref idref="fl-27"/>
      </object_component>
      <object_component id="oc-56c">
         <name>.text:SemaphoreP_construct</name>
         <load_address>0x2000e2e0</load_address>
         <run_address>0x2000e2e0</run_address>
         <size>0x50</size>
         <input_file_ref idref="fl-27"/>
      </object_component>
      <object_component id="oc-71e">
         <name>.text:TimerCC32XX_allocateTimerResource</name>
         <load_address>0x2000e330</load_address>
         <run_address>0x2000e330</run_address>
         <size>0x50</size>
         <input_file_ref idref="fl-1e"/>
      </object_component>
      <object_component id="oc-2a9">
         <name>.text:GPIO_enableInt</name>
         <load_address>0x2000e380</load_address>
         <run_address>0x2000e380</run_address>
         <size>0x4c</size>
         <input_file_ref idref="fl-14"/>
      </object_component>
      <object_component id="oc-7cd">
         <name>.text:PowerCC32XX_parkPin</name>
         <load_address>0x2000e3cc</load_address>
         <run_address>0x2000e3cc</run_address>
         <size>0x4c</size>
         <input_file_ref idref="fl-17"/>
      </object_component>
      <object_component id="oc-4a5">
         <name>.text:_I2CIntNumberGet</name>
         <load_address>0x2000e418</load_address>
         <run_address>0x2000e418</run_address>
         <size>0x4c</size>
         <input_file_ref idref="fl-2f"/>
      </object_component>
      <object_component id="oc-78f">
         <name>.text:getDutyCounts</name>
         <load_address>0x2000e464</load_address>
         <run_address>0x2000e464</run_address>
         <size>0x4c</size>
         <input_file_ref idref="fl-1a"/>
      </object_component>
      <object_component id="oc-799">
         <name>.text:getPeriodCounts</name>
         <load_address>0x2000e4b0</load_address>
         <run_address>0x2000e4b0</run_address>
         <size>0x4c</size>
         <input_file_ref idref="fl-1a"/>
      </object_component>
      <object_component id="oc-2d3">
         <name>.text:gpioButtonFxn0</name>
         <load_address>0x2000e4fc</load_address>
         <run_address>0x2000e4fc</run_address>
         <size>0x4c</size>
         <input_file_ref idref="fl-5"/>
      </object_component>
      <object_component id="oc-6e0">
         <name>.text:restorePeriphClocks</name>
         <load_address>0x2000e548</load_address>
         <run_address>0x2000e548</run_address>
         <size>0x4c</size>
         <input_file_ref idref="fl-17"/>
      </object_component>
      <object_component id="oc-2af">
         <name>.text:ClockP_usleep</name>
         <load_address>0x2000e594</load_address>
         <run_address>0x2000e594</run_address>
         <size>0x48</size>
         <input_file_ref idref="fl-29"/>
      </object_component>
      <object_component id="oc-7f1">
         <name>.text:FlashDisable</name>
         <load_address>0x2000e5dc</load_address>
         <run_address>0x2000e5dc</run_address>
         <size>0x48</size>
         <input_file_ref idref="fl-39"/>
      </object_component>
      <object_component id="oc-6ec">
         <name>.text:PRCMLPDSEnter</name>
         <load_address>0x2000e624</load_address>
         <run_address>0x2000e624</run_address>
         <size>0x48</size>
         <input_file_ref idref="fl-32"/>
      </object_component>
      <object_component id="oc-31f">
         <name>.text:PRCMPeripheralClkEnable</name>
         <load_address>0x2000e66c</load_address>
         <run_address>0x2000e66c</run_address>
         <size>0x48</size>
         <input_file_ref idref="fl-32"/>
      </object_component>
      <object_component id="oc-75c">
         <name>.text:Power_releaseConstraint</name>
         <load_address>0x2000e6b4</load_address>
         <run_address>0x2000e6b4</run_address>
         <size>0x48</size>
         <input_file_ref idref="fl-17"/>
      </object_component>
      <object_component id="oc-724">
         <name>.text:getPrescaler</name>
         <load_address>0x2000e6fc</load_address>
         <run_address>0x2000e6fc</run_address>
         <size>0x46</size>
         <input_file_ref idref="fl-1e"/>
      </object_component>
      <object_component id="oc-5fa">
         <name>.text:TimerCC32XX_init</name>
         <load_address>0x2000e742</load_address>
         <run_address>0x2000e742</run_address>
         <size>0x2</size>
         <input_file_ref idref="fl-1e"/>
      </object_component>
      <object_component id="oc-682">
         <name>.text:ClockP_stop</name>
         <load_address>0x2000e744</load_address>
         <run_address>0x2000e744</run_address>
         <size>0x44</size>
         <input_file_ref idref="fl-29"/>
      </object_component>
      <object_component id="oc-74">
         <name>.text:ClockP_sysTickHandler</name>
         <load_address>0x2000e788</load_address>
         <run_address>0x2000e788</run_address>
         <size>0x44</size>
         <input_file_ref idref="fl-29"/>
      </object_component>
      <object_component id="oc-7db">
         <name>.text:PRCMLPDSRestoreInfoSet</name>
         <load_address>0x2000e7cc</load_address>
         <run_address>0x2000e7cc</run_address>
         <size>0x44</size>
         <input_file_ref idref="fl-32"/>
      </object_component>
      <object_component id="oc-27f">
         <name>.text:PWM_init</name>
         <load_address>0x2000e810</load_address>
         <run_address>0x2000e810</run_address>
         <size>0x44</size>
         <input_file_ref idref="fl-19"/>
      </object_component>
      <object_component id="oc-6d5">
         <name>.text:PowerCC32XX_enterLPDS</name>
         <load_address>0x2000e854</load_address>
         <run_address>0x2000e854</run_address>
         <size>0x44</size>
         <input_file_ref idref="fl-18"/>
      </object_component>
      <object_component id="oc-3cc">
         <name>.text:SemaphoreP_post</name>
         <load_address>0x2000e898</load_address>
         <run_address>0x2000e898</run_address>
         <size>0x44</size>
         <input_file_ref idref="fl-27"/>
      </object_component>
      <object_component id="oc-5d3">
         <name>.text:SwiP_restore</name>
         <load_address>0x2000e8dc</load_address>
         <run_address>0x2000e8dc</run_address>
         <size>0x44</size>
         <input_file_ref idref="fl-2d"/>
      </object_component>
      <object_component id="oc-273">
         <name>.text:Timer_init</name>
         <load_address>0x2000e920</load_address>
         <run_address>0x2000e920</run_address>
         <size>0x44</size>
         <input_file_ref idref="fl-1d"/>
      </object_component>
      <object_component id="oc-166">
         <name>.text:__TI_auto_init_nobinit_nopinit:__TI_auto_init_nobinit_nopinit</name>
         <load_address>0x2000e964</load_address>
         <run_address>0x2000e964</run_address>
         <size>0x44</size>
         <input_file_ref idref="fl-108"/>
      </object_component>
      <object_component id="oc-337">
         <name>.text:PinModeSet</name>
         <load_address>0x2000e9a8</load_address>
         <run_address>0x2000e9a8</run_address>
         <size>0x40</size>
         <input_file_ref idref="fl-31"/>
      </object_component>
      <object_component id="oc-4fc">
         <name>.text:ClockP_destruct</name>
         <load_address>0x2000e9e8</load_address>
         <run_address>0x2000e9e8</run_address>
         <size>0x3c</size>
         <input_file_ref idref="fl-29"/>
      </object_component>
      <object_component id="oc-28b">
         <name>.text:PWM_open</name>
         <load_address>0x2000ea24</load_address>
         <run_address>0x2000ea24</run_address>
         <size>0x3c</size>
         <input_file_ref idref="fl-19"/>
      </object_component>
      <object_component id="oc-743">
         <name>.text:Power_setConstraint</name>
         <load_address>0x2000ea60</load_address>
         <run_address>0x2000ea60</run_address>
         <size>0x3c</size>
         <input_file_ref idref="fl-17"/>
      </object_component>
      <object_component id="oc-677">
         <name>.text:minsert</name>
         <load_address>0x2000ea9c</load_address>
         <run_address>0x2000ea9c</run_address>
         <size>0x3c</size>
         <input_file_ref idref="fl-103"/>
      </object_component>
      <object_component id="oc-5e8">
         <name>.text:TimerCC32XX_close</name>
         <load_address>0x2000ead8</load_address>
         <run_address>0x2000ead8</run_address>
         <size>0x3a</size>
         <input_file_ref idref="fl-1e"/>
      </object_component>
      <object_component id="oc-5bc">
         <name>.text:getCountsRTC</name>
         <load_address>0x2000eb12</load_address>
         <run_address>0x2000eb12</run_address>
         <size>0x3a</size>
         <input_file_ref idref="fl-2b"/>
      </object_component>
      <object_component id="oc-767">
         <name>.text:getPowerMgrId</name>
         <load_address>0x2000eb4c</load_address>
         <run_address>0x2000eb4c</run_address>
         <size>0x3a</size>
         <input_file_ref idref="fl-1a"/>
      </object_component>
      <object_component id="oc-441">
         <name>.text:_nop</name>
         <load_address>0x2000eb86</load_address>
         <run_address>0x2000eb86</run_address>
         <size>0x2</size>
         <input_file_ref idref="fl-104"/>
      </object_component>
      <object_component id="oc-6f2">
         <name>.text:PRCMLPDSEnterKeepDebugIf</name>
         <load_address>0x2000eb88</load_address>
         <run_address>0x2000eb88</run_address>
         <size>0x38</size>
         <input_file_ref idref="fl-32"/>
      </object_component>
      <object_component id="oc-54">
         <name>.text:initVectors</name>
         <load_address>0x2000ebc0</load_address>
         <run_address>0x2000ebc0</run_address>
         <size>0x38</size>
         <input_file_ref idref="fl-2c"/>
      </object_component>
      <object_component id="oc-66b">
         <name>.text:minit</name>
         <load_address>0x2000ebf8</load_address>
         <run_address>0x2000ebf8</run_address>
         <size>0x38</size>
         <input_file_ref idref="fl-103"/>
      </object_component>
      <object_component id="oc-6c3">
         <name>.text:notify</name>
         <load_address>0x2000ec30</load_address>
         <run_address>0x2000ec30</run_address>
         <size>0x38</size>
         <input_file_ref idref="fl-17"/>
      </object_component>
      <object_component id="oc-2c5">
         <name>.text</name>
         <load_address>0x2000ec68</load_address>
         <run_address>0x2000ec68</run_address>
         <size>0x38</size>
         <input_file_ref idref="fl-f6"/>
      </object_component>
      <object_component id="oc-736">
         <name>.text:TimerCC32XX_hwiIntFunction</name>
         <load_address>0x2000eca0</load_address>
         <run_address>0x2000eca0</run_address>
         <size>0x36</size>
         <input_file_ref idref="fl-1e"/>
      </object_component>
      <object_component id="oc-829">
         <name>.text:TimerControlStall</name>
         <load_address>0x2000ecd6</load_address>
         <run_address>0x2000ecd6</run_address>
         <size>0x36</size>
         <input_file_ref idref="fl-34"/>
      </object_component>
      <object_component id="oc-5b0">
         <name>.text:ClockP_getTicksUntilInterrupt</name>
         <load_address>0x2000ed0c</load_address>
         <run_address>0x2000ed0c</run_address>
         <size>0x34</size>
         <input_file_ref idref="fl-29"/>
      </object_component>
      <object_component id="oc-41a">
         <name>.text:ClockP_startup</name>
         <load_address>0x2000ed40</load_address>
         <run_address>0x2000ed40</run_address>
         <size>0x34</size>
         <input_file_ref idref="fl-29"/>
      </object_component>
      <object_component id="oc-331">
         <name>.text:PinModeGet</name>
         <load_address>0x2000ed74</load_address>
         <run_address>0x2000ed74</run_address>
         <size>0x34</size>
         <input_file_ref idref="fl-31"/>
      </object_component>
      <object_component id="oc-714">
         <name>.text:TimerCC32XX_freeTimerResource</name>
         <load_address>0x2000eda8</load_address>
         <run_address>0x2000eda8</run_address>
         <size>0x34</size>
         <input_file_ref idref="fl-1e"/>
      </object_component>
      <object_component id="oc-811">
         <name>.text:getPowerMgrId</name>
         <load_address>0x2000eddc</load_address>
         <run_address>0x2000eddc</run_address>
         <size>0x34</size>
         <input_file_ref idref="fl-1e"/>
      </object_component>
      <object_component id="oc-7ea">
         <name>.text:PowerCC32XX_restoreParkedPin</name>
         <load_address>0x2000ee10</load_address>
         <run_address>0x2000ee10</run_address>
         <size>0x30</size>
         <input_file_ref idref="fl-17"/>
      </object_component>
      <object_component id="oc-3f2">
         <name>.text:HwiP_create</name>
         <load_address>0x2000ee40</load_address>
         <run_address>0x2000ee40</run_address>
         <size>0x2a</size>
         <input_file_ref idref="fl-2a"/>
      </object_component>
      <object_component id="oc-823">
         <name>.text:TimerLoadSet</name>
         <load_address>0x2000ee6a</load_address>
         <run_address>0x2000ee6a</run_address>
         <size>0x2a</size>
         <input_file_ref idref="fl-34"/>
      </object_component>
      <object_component id="oc-81d">
         <name>.text:TimerPrescaleSet</name>
         <load_address>0x2000ee94</load_address>
         <run_address>0x2000ee94</run_address>
         <size>0x2a</size>
         <input_file_ref idref="fl-34"/>
      </object_component>
      <object_component id="oc-6e">
         <name>.text:busFaultHandler</name>
         <load_address>0x2000eebe</load_address>
         <run_address>0x2000eebe</run_address>
         <size>0x2</size>
         <input_file_ref idref="fl-2c"/>
      </object_component>
      <object_component id="oc-39a">
         <name>.text:I2C_Slave_Store_Data</name>
         <load_address>0x2000eec0</load_address>
         <run_address>0x2000eec0</run_address>
         <size>0x28</size>
         <input_file_ref idref="fl-3"/>
      </object_component>
      <object_component id="oc-32b">
         <name>.text:PRCMPeripheralClkDisable</name>
         <load_address>0x2000eee8</load_address>
         <run_address>0x2000eee8</run_address>
         <size>0x28</size>
         <input_file_ref idref="fl-32"/>
      </object_component>
      <object_component id="oc-3c6">
         <name>.text:Power_registerNotify</name>
         <load_address>0x2000ef10</load_address>
         <run_address>0x2000ef10</run_address>
         <size>0x28</size>
         <input_file_ref idref="fl-17"/>
      </object_component>
      <object_component id="oc-c0">
         <name>.text:_c_int00_noargs:_c_int00_noargs</name>
         <load_address>0x2000ef38</load_address>
         <run_address>0x2000ef38</run_address>
         <size>0x28</size>
         <input_file_ref idref="fl-101"/>
      </object_component>
      <object_component id="oc-671">
         <name>.text:mremove</name>
         <load_address>0x2000ef60</load_address>
         <run_address>0x2000ef60</run_address>
         <size>0x28</size>
         <input_file_ref idref="fl-103"/>
      </object_component>
      <object_component id="oc-50c">
         <name>.text:List_put</name>
         <load_address>0x2000ef88</load_address>
         <run_address>0x2000ef88</run_address>
         <size>0x26</size>
         <input_file_ref idref="fl-22"/>
      </object_component>
      <object_component id="oc-802">
         <name>.text:List_remove</name>
         <load_address>0x2000efae</load_address>
         <run_address>0x2000efae</run_address>
         <size>0x26</size>
         <input_file_ref idref="fl-22"/>
      </object_component>
      <object_component id="oc-699">
         <name>.text:HwiP_dispatch</name>
         <load_address>0x2000efd4</load_address>
         <run_address>0x2000efd4</run_address>
         <size>0x24</size>
         <input_file_ref idref="fl-2a"/>
      </object_component>
      <object_component id="oc-2bb">
         <name>.text</name>
         <load_address>0x2000eff8</load_address>
         <run_address>0x2000eff8</run_address>
         <size>0x24</size>
         <input_file_ref idref="fl-fb"/>
      </object_component>
      <object_component id="oc-426">
         <name>.text:sleepTicks</name>
         <load_address>0x2000f01c</load_address>
         <run_address>0x2000f01c</run_address>
         <size>0x24</size>
         <input_file_ref idref="fl-29"/>
      </object_component>
      <object_component id="oc-80a">
         <name>.text:HwiP_destruct</name>
         <load_address>0x2000f040</load_address>
         <run_address>0x2000f040</run_address>
         <size>0x20</size>
         <input_file_ref idref="fl-2a"/>
      </object_component>
      <object_component id="oc-4ab">
         <name>.text:IntRegister</name>
         <load_address>0x2000f060</load_address>
         <run_address>0x2000f060</run_address>
         <size>0x20</size>
         <input_file_ref idref="fl-30"/>
      </object_component>
      <object_component id="oc-702">
         <name>.text:Power_unregisterNotify</name>
         <load_address>0x2000f080</load_address>
         <run_address>0x2000f080</run_address>
         <size>0x20</size>
         <input_file_ref idref="fl-17"/>
      </object_component>
      <object_component id="oc-38b">
         <name>.text:I2CIntRegister</name>
         <load_address>0x2000f0a0</load_address>
         <run_address>0x2000f0a0</run_address>
         <size>0x1e</size>
         <input_file_ref idref="fl-2f"/>
      </object_component>
      <object_component id="oc-36d">
         <name>.text:I2CSlaveDisable</name>
         <load_address>0x2000f0be</load_address>
         <run_address>0x2000f0be</run_address>
         <size>0x1e</size>
         <input_file_ref idref="fl-2f"/>
      </object_component>
      <object_component id="oc-49e">
         <name>.text:I2CSlaveEnable</name>
         <load_address>0x2000f0dc</load_address>
         <run_address>0x2000f0dc</run_address>
         <size>0x1e</size>
         <input_file_ref idref="fl-2f"/>
      </object_component>
      <object_component id="oc-750">
         <name>.text:TimerDisable</name>
         <load_address>0x2000f0fa</load_address>
         <run_address>0x2000f0fa</run_address>
         <size>0x1e</size>
         <input_file_ref idref="fl-34"/>
      </object_component>
      <object_component id="oc-749">
         <name>.text:TimerEnable</name>
         <load_address>0x2000f118</load_address>
         <run_address>0x2000f118</run_address>
         <size>0x1e</size>
         <input_file_ref idref="fl-34"/>
      </object_component>
      <object_component id="oc-502">
         <name>.text:clkFxn</name>
         <load_address>0x2000f136</load_address>
         <run_address>0x2000f136</run_address>
         <size>0x2</size>
         <input_file_ref idref="fl-27"/>
      </object_component>
      <object_component id="oc-773">
         <name>.text:PinToPadGet</name>
         <load_address>0x2000f138</load_address>
         <run_address>0x2000f138</run_address>
         <size>0x1c</size>
         <input_file_ref idref="fl-31"/>
      </object_component>
      <object_component id="oc-37f">
         <name>.text:PinTypeI2C</name>
         <load_address>0x2000f154</load_address>
         <run_address>0x2000f154</run_address>
         <size>0x1c</size>
         <input_file_ref idref="fl-31"/>
      </object_component>
      <object_component id="oc-5a4">
         <name>.text:SwiP_disable</name>
         <load_address>0x2000f170</load_address>
         <run_address>0x2000f170</run_address>
         <size>0x1c</size>
         <input_file_ref idref="fl-2d"/>
      </object_component>
      <object_component id="oc-385">
         <name>.text:I2CSlaveInit</name>
         <load_address>0x2000f18c</load_address>
         <run_address>0x2000f18c</run_address>
         <size>0x1a</size>
         <input_file_ref idref="fl-2f"/>
      </object_component>
      <object_component id="oc-3b4">
         <name>.text:SemaphoreP_createBinary</name>
         <load_address>0x2000f1a6</load_address>
         <run_address>0x2000f1a6</run_address>
         <size>0x1a</size>
         <input_file_ref idref="fl-27"/>
      </object_component>
      <object_component id="oc-1c">
         <name>.text:resetISR</name>
         <load_address>0x2000f1c0</load_address>
         <run_address>0x2000f1c0</run_address>
         <size>0x1a</size>
         <input_file_ref idref="fl-2c"/>
      </object_component>
      <object_component id="oc-391">
         <name>.text:I2CSlaveIntEnable</name>
         <load_address>0x2000f1da</load_address>
         <run_address>0x2000f1da</run_address>
         <size>0x18</size>
         <input_file_ref idref="fl-2f"/>
      </object_component>
      <object_component id="oc-68">
         <name>.text:defaultHandler</name>
         <load_address>0x2000f1f2</load_address>
         <run_address>0x2000f1f2</run_address>
         <size>0x2</size>
         <input_file_ref idref="fl-2c"/>
      </object_component>
      <object_component id="oc-7a8">
         <name>.text:Power_idleFunc</name>
         <load_address>0x2000f1f4</load_address>
         <run_address>0x2000f1f4</run_address>
         <size>0x18</size>
         <input_file_ref idref="fl-17"/>
      </object_component>
      <object_component id="oc-5f4">
         <name>.text:TimerCC32XX_getCount</name>
         <load_address>0x2000f20c</load_address>
         <run_address>0x2000f20c</run_address>
         <size>0x18</size>
         <input_file_ref idref="fl-1e"/>
      </object_component>
      <object_component id="oc-756">
         <name>.text:TimerIntDisable</name>
         <load_address>0x2000f224</load_address>
         <run_address>0x2000f224</run_address>
         <size>0x18</size>
         <input_file_ref idref="fl-34"/>
      </object_component>
      <object_component id="oc-73d">
         <name>.text:TimerIntEnable</name>
         <load_address>0x2000f23c</load_address>
         <run_address>0x2000f23c</run_address>
         <size>0x18</size>
         <input_file_ref idref="fl-34"/>
      </object_component>
      <object_component id="oc-566">
         <name>.text</name>
         <load_address>0x2000f254</load_address>
         <run_address>0x2000f254</run_address>
         <size>0x18</size>
         <input_file_ref idref="fl-f8"/>
      </object_component>
      <object_component id="oc-367">
         <name>.text:I2CMasterDisable</name>
         <load_address>0x2000f26c</load_address>
         <run_address>0x2000f26c</run_address>
         <size>0x16</size>
         <input_file_ref idref="fl-2f"/>
      </object_component>
      <object_component id="oc-319">
         <name>.text:PRCMHIBRegRead</name>
         <load_address>0x2000f282</load_address>
         <run_address>0x2000f282</run_address>
         <size>0x16</size>
         <input_file_ref idref="fl-32"/>
      </object_component>
      <object_component id="oc-313">
         <name>.text:PRCMHIBRegWrite</name>
         <load_address>0x2000f298</load_address>
         <run_address>0x2000f298</run_address>
         <size>0x16</size>
         <input_file_ref idref="fl-32"/>
      </object_component>
      <object_component id="oc-4d5">
         <name>.text:SemaphoreP_create</name>
         <load_address>0x2000f2ae</load_address>
         <run_address>0x2000f2ae</run_address>
         <size>0x16</size>
         <input_file_ref idref="fl-27"/>
      </object_component>
      <object_component id="oc-9e">
         <name>.text:CPUcpsid</name>
         <load_address>0x2000f2c4</load_address>
         <run_address>0x2000f2c4</run_address>
         <size>0x14</size>
         <input_file_ref idref="fl-38"/>
      </object_component>
      <object_component id="oc-513">
         <name>.text:HwiP_inISR</name>
         <load_address>0x2000f2d8</load_address>
         <run_address>0x2000f2d8</run_address>
         <size>0x14</size>
         <input_file_ref idref="fl-2a"/>
      </object_component>
      <object_component id="oc-aa">
         <name>.text:IntVTableBaseSet</name>
         <load_address>0x2000f2ec</load_address>
         <run_address>0x2000f2ec</run_address>
         <size>0x14</size>
         <input_file_ref idref="fl-30"/>
      </object_component>
      <object_component id="oc-285">
         <name>.text:PWM_Params_init</name>
         <load_address>0x2000f300</load_address>
         <run_address>0x2000f300</run_address>
         <size>0x14</size>
         <input_file_ref idref="fl-19"/>
      </object_component>
      <object_component id="oc-519">
         <name>.text:Power_disablePolicy</name>
         <load_address>0x2000f314</load_address>
         <run_address>0x2000f314</run_address>
         <size>0x14</size>
         <input_file_ref idref="fl-17"/>
      </object_component>
      <object_component id="oc-7e3">
         <name>.text:Power_getDependencyCount</name>
         <load_address>0x2000f328</load_address>
         <run_address>0x2000f328</run_address>
         <size>0x14</size>
         <input_file_ref idref="fl-17"/>
      </object_component>
      <object_component id="oc-3ec">
         <name>.text:HwiP_Params_init</name>
         <load_address>0x2000f33c</load_address>
         <run_address>0x2000f33c</run_address>
         <size>0x12</size>
         <input_file_ref idref="fl-2a"/>
      </object_component>
      <object_component id="oc-379">
         <name>.text:I2CSlaveIntClear</name>
         <load_address>0x2000f34e</load_address>
         <run_address>0x2000f34e</run_address>
         <size>0x12</size>
         <input_file_ref idref="fl-2f"/>
      </object_component>
      <object_component id="oc-831">
         <name>.text:TimerIntClear</name>
         <load_address>0x2000f360</load_address>
         <run_address>0x2000f360</run_address>
         <size>0x12</size>
         <input_file_ref idref="fl-34"/>
      </object_component>
      <object_component id="oc-42">
         <name>.text:decompress:ZI:__TI_zero_init_nomemset:__TI_zero_init_nomemset</name>
         <load_address>0x2000f372</load_address>
         <run_address>0x2000f372</run_address>
         <size>0x12</size>
         <input_file_ref idref="fl-fe"/>
      </object_component>
      <object_component id="oc-10f">
         <name>.text:main</name>
         <load_address>0x2000f384</load_address>
         <run_address>0x2000f384</run_address>
         <size>0x12</size>
         <input_file_ref idref="fl-4"/>
      </object_component>
      <object_component id="oc-788">
         <name>.text:postNotifyFxn</name>
         <load_address>0x2000f396</load_address>
         <run_address>0x2000f396</run_address>
         <size>0x12</size>
         <input_file_ref idref="fl-1a"/>
      </object_component>
      <object_component id="oc-4e4">
         <name>.text:ClockP_add</name>
         <load_address>0x2000f3a8</load_address>
         <run_address>0x2000f3a8</run_address>
         <size>0x10</size>
         <input_file_ref idref="fl-29"/>
      </object_component>
      <object_component id="oc-59e">
         <name>.text:ClockP_getCpuFreq</name>
         <load_address>0x2000f3b8</load_address>
         <run_address>0x2000f3b8</run_address>
         <size>0x10</size>
         <input_file_ref idref="fl-29"/>
      </object_component>
      <object_component id="oc-5b6">
         <name>.text:ClockP_getSystemTicks</name>
         <load_address>0x2000f3c8</load_address>
         <run_address>0x2000f3c8</run_address>
         <size>0x10</size>
         <input_file_ref idref="fl-29"/>
      </object_component>
      <object_component id="oc-5cd">
         <name>.text:ClockP_setTicks</name>
         <load_address>0x2000f3d8</load_address>
         <run_address>0x2000f3d8</run_address>
         <size>0x10</size>
         <input_file_ref idref="fl-29"/>
      </object_component>
      <object_component id="oc-70e">
         <name>.text:HwiP_delete</name>
         <load_address>0x2000f3e8</load_address>
         <run_address>0x2000f3e8</run_address>
         <size>0x10</size>
         <input_file_ref idref="fl-2a"/>
      </object_component>
      <object_component id="oc-351">
         <name>.text:HwiP_restore</name>
         <load_address>0x2000f3f8</load_address>
         <run_address>0x2000f3f8</run_address>
         <size>0x10</size>
         <input_file_ref idref="fl-2a"/>
      </object_component>
      <object_component id="oc-4b6">
         <name>.text:I2CSlaveDataGet</name>
         <load_address>0x2000f408</load_address>
         <run_address>0x2000f408</run_address>
         <size>0x10</size>
         <input_file_ref idref="fl-2f"/>
      </object_component>
      <object_component id="oc-4f0">
         <name>.text:Power_enablePolicy</name>
         <load_address>0x2000f418</load_address>
         <run_address>0x2000f418</run_address>
         <size>0x10</size>
         <input_file_ref idref="fl-17"/>
      </object_component>
      <object_component id="oc-4cf">
         <name>.text:SemaphoreP_Params_init</name>
         <load_address>0x2000f428</load_address>
         <run_address>0x2000f428</run_address>
         <size>0x10</size>
         <input_file_ref idref="fl-27"/>
      </object_component>
      <object_component id="oc-708">
         <name>.text:HwiP_clearInterrupt</name>
         <load_address>0x2000f438</load_address>
         <run_address>0x2000f438</run_address>
         <size>0xe</size>
         <input_file_ref idref="fl-2a"/>
      </object_component>
      <object_component id="oc-34b">
         <name>.text:HwiP_disable</name>
         <load_address>0x2000f446</load_address>
         <run_address>0x2000f446</run_address>
         <size>0xe</size>
         <input_file_ref idref="fl-2a"/>
      </object_component>
      <object_component id="oc-14d">
         <name>.text:HwiP_enable</name>
         <load_address>0x2000f454</load_address>
         <run_address>0x2000f454</run_address>
         <size>0xe</size>
         <input_file_ref idref="fl-2a"/>
      </object_component>
      <object_component id="oc-15">
         <name>.text:decompress:none:__TI_decompress_none</name>
         <load_address>0x2000f462</load_address>
         <run_address>0x2000f462</run_address>
         <size>0xe</size>
         <input_file_ref idref="fl-ff"/>
      </object_component>
      <object_component id="oc-147">
         <name>.text:CC3220S_LAUNCHXL_initGeneral</name>
         <load_address>0x2000f470</load_address>
         <run_address>0x2000f470</run_address>
         <size>0xc</size>
         <input_file_ref idref="fl-2"/>
      </object_component>
      <object_component id="oc-2b5">
         <name>.text:I2C_Slave_Get_Data</name>
         <load_address>0x2000f47c</load_address>
         <run_address>0x2000f47c</run_address>
         <size>0xc</size>
         <input_file_ref idref="fl-3"/>
      </object_component>
      <object_component id="oc-5aa">
         <name>.text:Power_getConstraintMask</name>
         <load_address>0x2000f488</load_address>
         <run_address>0x2000f488</run_address>
         <size>0xc</size>
         <input_file_ref idref="fl-17"/>
      </object_component>
      <object_component id="oc-730">
         <name>.text:postNotifyFxn</name>
         <load_address>0x2000f494</load_address>
         <run_address>0x2000f494</run_address>
         <size>0xc</size>
         <input_file_ref idref="fl-1e"/>
      </object_component>
      <object_component id="oc-4f6">
         <name>.text:ClockP_isActive</name>
         <load_address>0x2000f4a0</load_address>
         <run_address>0x2000f4a0</run_address>
         <size>0xa</size>
         <input_file_ref idref="fl-29"/>
      </object_component>
      <object_component id="oc-4e">
         <name>.text:IntMasterDisable</name>
         <load_address>0x2000f4aa</load_address>
         <run_address>0x2000f4aa</run_address>
         <size>0xa</size>
         <input_file_ref idref="fl-30"/>
      </object_component>
      <object_component id="oc-2ca">
         <name>.text:PWM_setDuty</name>
         <load_address>0x2000f4b4</load_address>
         <run_address>0x2000f4b4</run_address>
         <size>0xa</size>
         <input_file_ref idref="fl-19"/>
      </object_component>
      <object_component id="oc-291">
         <name>.text:PWM_start</name>
         <load_address>0x2000f4be</load_address>
         <run_address>0x2000f4be</run_address>
         <size>0xa</size>
         <input_file_ref idref="fl-19"/>
      </object_component>
      <object_component id="oc-62a">
         <name>.text:PWMTimerCC32XX_control</name>
         <load_address>0x2000f4c8</load_address>
         <run_address>0x2000f4c8</run_address>
         <size>0x6</size>
         <input_file_ref idref="fl-1a"/>
      </object_component>
      <object_component id="oc-5ee">
         <name>.text:TimerCC32XX_control</name>
         <load_address>0x2000f4ce</load_address>
         <run_address>0x2000f4ce</run_address>
         <size>0x6</size>
         <input_file_ref idref="fl-1e"/>
      </object_component>
      <object_component id="oc-312">
         <name>.text:UtilsDelay</name>
         <load_address>0x2000f4d4</load_address>
         <run_address>0x2000f4d4</run_address>
         <size>0x6</size>
         <input_file_ref idref="fl-37"/>
      </object_component>
      <object_component id="oc-6fa">
         <name>.text:HwiP_post</name>
         <load_address>0x2000f4da</load_address>
         <run_address>0x2000f4da</run_address>
         <size>0x4</size>
         <input_file_ref idref="fl-2a"/>
      </object_component>
      <object_component id="oc-3ba">
         <name>.text:SemaphoreP_delete</name>
         <load_address>0x2000f4de</load_address>
         <run_address>0x2000f4de</run_address>
         <size>0x4</size>
         <input_file_ref idref="fl-27"/>
      </object_component>
      <object_component id="oc-109">
         <name>.text:_system_pre_init</name>
         <load_address>0x2000f4e2</load_address>
         <run_address>0x2000f4e2</run_address>
         <size>0x4</size>
         <input_file_ref idref="fl-109"/>
      </object_component>
      <object_component id="oc-15a">
         <name>.text:abort:abort</name>
         <load_address>0x2000f4e6</load_address>
         <run_address>0x2000f4e6</run_address>
         <size>0x4</size>
         <input_file_ref idref="fl-102"/>
      </object_component>
      <object_component id="oc-62">
         <name>.text:faultISR</name>
         <load_address>0x2000f4ea</load_address>
         <run_address>0x2000f4ea</run_address>
         <size>0x2</size>
         <input_file_ref idref="fl-2c"/>
      </object_component>
      <object_component id="oc-5c">
         <name>.text:nmiISR</name>
         <load_address>0x2000f4ec</load_address>
         <run_address>0x2000f4ec</run_address>
         <size>0x2</size>
         <input_file_ref idref="fl-2c"/>
      </object_component>
      <object_component id="oc-6bd">
         <name>.text</name>
         <load_address>0x2000f4ee</load_address>
         <run_address>0x2000f4ee</run_address>
         <size>0x2</size>
         <input_file_ref idref="fl-107"/>
      </object_component>
      <object_component id="oc-46a">
         <name>.const:g_ulPinToPadMap</name>
         <load_address>0x2000fae8</load_address>
         <run_address>0x2000fae8</run_address>
         <size>0x100</size>
         <input_file_ref idref="fl-31"/>
      </object_component>
      <object_component id="oc-463">
         <name>.const:PRCM_PeriphRegsList</name>
         <load_address>0x2000fbe8</load_address>
         <run_address>0x2000fbe8</run_address>
         <size>0xa8</size>
         <input_file_ref idref="fl-32"/>
      </object_component>
      <object_component id="oc-3a4">
         <name>.const:PWM_config</name>
         <load_address>0x2000fc90</load_address>
         <run_address>0x2000fc90</run_address>
         <size>0x48</size>
         <input_file_ref idref="fl-2"/>
      </object_component>
      <object_component id="oc-347">
         <name>.const:PowerCC32XX_config</name>
         <load_address>0x2000fcd8</load_address>
         <run_address>0x2000fcd8</run_address>
         <size>0x40</size>
         <input_file_ref idref="fl-2"/>
      </object_component>
      <object_component id="oc-490">
         <name>.const:timerCC3220SHWAttrs</name>
         <load_address>0x2000fd18</load_address>
         <run_address>0x2000fd18</run_address>
         <size>0x30</size>
         <input_file_ref idref="fl-2"/>
      </object_component>
      <object_component id="oc-4c2">
         <name>.const:PWMTimerCC32XX_fxnTable</name>
         <load_address>0x2000fd48</load_address>
         <run_address>0x2000fd48</run_address>
         <size>0x24</size>
         <input_file_ref idref="fl-1a"/>
      </object_component>
      <object_component id="oc-35d">
         <name>.const:Timer_config</name>
         <load_address>0x2000fd6c</load_address>
         <run_address>0x2000fd6c</run_address>
         <size>0x24</size>
         <input_file_ref idref="fl-2"/>
      </object_component>
      <object_component id="oc-3f8">
         <name>.const:.string:pinTable</name>
         <load_address>0x2000fd90</load_address>
         <run_address>0x2000fd90</run_address>
         <size>0x21</size>
         <input_file_ref idref="fl-14"/>
      </object_component>
      <object_component id="oc-7a2">
         <name>.const:gpioPinIndexes</name>
         <load_address>0x2000fdb4</load_address>
         <run_address>0x2000fdb4</run_address>
         <size>0x20</size>
         <input_file_ref idref="fl-1a"/>
      </object_component>
      <object_component id="oc-48c">
         <name>.const:TimerCC32XX_fxnTable</name>
         <load_address>0x2000fdd4</load_address>
         <run_address>0x2000fdd4</run_address>
         <size>0x1c</size>
         <input_file_ref idref="fl-1e"/>
      </object_component>
      <object_component id="oc-3a8">
         <name>.const:PWM_defaultParams</name>
         <load_address>0x2000fdf0</load_address>
         <run_address>0x2000fdf0</run_address>
         <size>0x18</size>
         <input_file_ref idref="fl-19"/>
      </object_component>
      <object_component id="oc-103">
         <name>.const:g_pulEnRegs</name>
         <load_address>0x2000fe08</load_address>
         <run_address>0x2000fe08</run_address>
         <size>0x18</size>
         <input_file_ref idref="fl-30"/>
      </object_component>
      <object_component id="oc-854">
         <name>.const:g_pulPendRegs</name>
         <load_address>0x2000fe20</load_address>
         <run_address>0x2000fe20</run_address>
         <size>0x18</size>
         <input_file_ref idref="fl-30"/>
      </object_component>
      <object_component id="oc-498">
         <name>.const:g_pulUnpendRegs</name>
         <load_address>0x2000fe38</load_address>
         <run_address>0x2000fe38</run_address>
         <size>0x18</size>
         <input_file_ref idref="fl-30"/>
      </object_component>
      <object_component id="oc-4c6">
         <name>.const:pwmTimerCC3220SHWAttrs</name>
         <load_address>0x2000fe50</load_address>
         <run_address>0x2000fe50</run_address>
         <size>0x18</size>
         <input_file_ref idref="fl-2"/>
      </object_component>
      <object_component id="oc-3d6">
         <name>.const:GPIOCC32XX_config</name>
         <load_address>0x2000fe68</load_address>
         <run_address>0x2000fe68</run_address>
         <size>0x14</size>
         <input_file_ref idref="fl-2"/>
      </object_component>
      <object_component id="oc-413">
         <name>.const:gpioBaseAddresses</name>
         <load_address>0x2000fe7c</load_address>
         <run_address>0x2000fe7c</run_address>
         <size>0x14</size>
         <input_file_ref idref="fl-14"/>
      </object_component>
      <object_component id="oc-3fb">
         <name>.const:powerResources</name>
         <load_address>0x2000fe90</load_address>
         <run_address>0x2000fe90</run_address>
         <size>0x14</size>
         <input_file_ref idref="fl-14"/>
      </object_component>
      <object_component id="oc-77c">
         <name>.const:gpioBaseAddresses</name>
         <load_address>0x2000fea4</load_address>
         <run_address>0x2000fea4</run_address>
         <size>0x10</size>
         <input_file_ref idref="fl-1a"/>
      </object_component>
      <object_component id="oc-779">
         <name>.const:timerBaseAddresses</name>
         <load_address>0x2000feb4</load_address>
         <run_address>0x2000feb4</run_address>
         <size>0x10</size>
         <input_file_ref idref="fl-1a"/>
      </object_component>
      <object_component id="oc-35a">
         <name>.const</name>
         <load_address>0x2000fec4</load_address>
         <run_address>0x2000fec4</run_address>
         <size>0xd</size>
         <input_file_ref idref="fl-2"/>
      </object_component>
      <object_component id="oc-61a">
         <name>.const:g_ppui32I2CIntMap</name>
         <load_address>0x2000fed4</load_address>
         <run_address>0x2000fed4</run_address>
         <size>0x8</size>
         <input_file_ref idref="fl-2f"/>
      </object_component>
      <object_component id="oc-401">
         <name>.const:outPinTypes</name>
         <load_address>0x2000fedc</load_address>
         <run_address>0x2000fedc</run_address>
         <size>0x8</size>
         <input_file_ref idref="fl-14"/>
      </object_component>
      <object_component id="oc-795">
         <name>.const:timerHalves</name>
         <load_address>0x2000fee4</load_address>
         <run_address>0x2000fee4</run_address>
         <size>0x8</size>
         <input_file_ref idref="fl-1a"/>
      </object_component>
      <object_component id="oc-410">
         <name>.const:.string:interruptType</name>
         <load_address>0x2000feec</load_address>
         <run_address>0x2000feec</run_address>
         <size>0x6</size>
         <input_file_ref idref="fl-14"/>
      </object_component>
      <object_component id="oc-404">
         <name>.const:inPinTypes</name>
         <load_address>0x2000fef2</load_address>
         <run_address>0x2000fef2</run_address>
         <size>0x6</size>
         <input_file_ref idref="fl-14"/>
      </object_component>
      <object_component id="oc-3fe">
         <name>.const:outPinStrengths</name>
         <load_address>0x2000fef8</load_address>
         <run_address>0x2000fef8</run_address>
         <size>0x6</size>
         <input_file_ref idref="fl-14"/>
      </object_component>
      <object_component id="oc-407">
         <name>.const:.string:portInterruptIds</name>
         <load_address>0x2000fefe</load_address>
         <run_address>0x2000fefe</run_address>
         <size>0x4</size>
         <input_file_ref idref="fl-14"/>
      </object_component>
      <object_component id="oc-891">
         <name>.cinit..data.load</name>
         <load_address>0x20010210</load_address>
         <run_address>0x20010210</run_address>
         <size>0xef</size>
      </object_component>
      <object_component id="oc-88f">
         <name>__TI_handler_table</name>
         <load_address>0x20010300</load_address>
         <run_address>0x20010300</run_address>
         <size>0xc</size>
      </object_component>
      <object_component id="oc-892">
         <name>.cinit..bss.load</name>
         <load_address>0x20010310</load_address>
         <run_address>0x20010310</run_address>
         <size>0x8</size>
      </object_component>
      <object_component id="oc-890">
         <name>__TI_cinit_table</name>
         <load_address>0x20010318</load_address>
         <run_address>0x20010318</run_address>
         <size>0x10</size>
      </object_component>
      <object_component id="oc-522">
         <name>.data:gpioPinConfigs</name>
         <load_address>0x2000fa60</load_address>
         <run_address>0x2000fa60</run_address>
         <size>0x24</size>
         <input_file_ref idref="fl-2"/>
      </object_component>
      <object_component id="oc-525">
         <name>.data:gpioCallbackFunctions</name>
         <load_address>0x2000faa0</load_address>
         <run_address>0x2000faa0</run_address>
         <size>0x10</size>
         <input_file_ref idref="fl-2"/>
      </object_component>
      <object_component id="oc-480">
         <name>.data:parkInfo</name>
         <load_address>0x2000f968</load_address>
         <run_address>0x2000f968</run_address>
         <size>0xf8</size>
         <input_file_ref idref="fl-2"/>
      </object_component>
      <object_component id="oc-2d0">
         <name>.data</name>
         <load_address>0x2000fa84</load_address>
         <run_address>0x2000fa84</run_address>
         <size>0x1a</size>
         <input_file_ref idref="fl-5"/>
      </object_component>
      <object_component id="oc-3d3">
         <name>.data</name>
         <load_address>0x2000fabc</load_address>
         <run_address>0x2000fabc</run_address>
         <size>0x9</size>
         <input_file_ref idref="fl-14"/>
      </object_component>
      <object_component id="oc-344">
         <name>.data:PowerCC32XX_module</name>
         <load_address>0x2000f7fc</load_address>
         <run_address>0x2000f7fc</run_address>
         <size>0x16c</size>
         <input_file_ref idref="fl-17"/>
      </object_component>
      <object_component id="oc-3a1">
         <name>.data</name>
         <load_address>0x2000fa9e</load_address>
         <run_address>0x2000fa9e</run_address>
         <size>0x1</size>
         <input_file_ref idref="fl-19"/>
      </object_component>
      <object_component id="oc-357">
         <name>.data</name>
[...]
         <value>0x2000efaf</value>
         <object_component_ref idref="oc-802"/>
      </symbol>
      <symbol id="sm-6b3">
         <name>List_put</name>
         <value>0x2000ef89</value>
         <object_component_ref idref="oc-50c"/>
      </symbol>
      <symbol id="sm-739">
         <name>SemaphoreP_defaultParams</name>
         <value>0x2000fad0</value>
         <object_component_ref idref="oc-65f"/>
      </symbol>
      <symbol id="sm-73a">
         <name>SemaphoreP_construct</name>
         <value>0x2000e2e1</value>
         <object_component_ref idref="oc-56c"/>
      </symbol>
      <symbol id="sm-73b">
         <name>SemaphoreP_create</name>
         <value>0x2000f2af</value>
         <object_component_ref idref="oc-4d5"/>
      </symbol>
      <symbol id="sm-73c">
         <name>SemaphoreP_destruct</name>
         <value>0x2000e2df</value>
         <object_component_ref idref="oc-572"/>
      </symbol>
      <symbol id="sm-73d">
         <name>SemaphoreP_post</name>
         <value>0x2000e899</value>
         <object_component_ref idref="oc-3cc"/>
      </symbol>
      <symbol id="sm-73e">
         <name>SemaphoreP_pend</name>
         <value>0x2000d451</value>
         <object_component_ref idref="oc-3c0"/>
      </symbol>
      <symbol id="sm-73f">
         <name>SemaphoreP_delete</name>
         <value>0x2000f4df</value>
         <object_component_ref idref="oc-3ba"/>
      </symbol>
      <symbol id="sm-740">
         <name>SemaphoreP_createBinary</name>
         <value>0x2000f1a7</value>
         <object_component_ref idref="oc-3b4"/>
      </symbol>
      <symbol id="sm-741">
         <name>SemaphoreP_Params_init</name>
         <value>0x2000f429</value>
         <object_component_ref idref="oc-4cf"/>
      </symbol>
      <symbol id="sm-742">
         <name>clkFxn</name>
         <value>0x2000f137</value>
         <object_component_ref idref="oc-502"/>
      </symbol>
      <symbol id="sm-817">
         <name>ClockP_ctrl</name>
         <value>0x200101e0</value>
      </symbol>
      <symbol id="sm-818">
         <name>ClockP_doTick</name>
         <value>0x2000e789</value>
         <object_component_ref idref="oc-74"/>
      </symbol>
      <symbol id="sm-819">
         <name>ClockP_startup</name>
         <value>0x2000ed41</value>
         <object_component_ref idref="oc-41a"/>
      </symbol>
      <symbol id="sm-81a">
         <name>ClockP_stop</name>
         <value>0x2000e745</value>
         <object_component_ref idref="oc-682"/>
      </symbol>
      <symbol id="sm-81b">
         <name>ClockP_getTicksUntilInterrupt</name>
         <value>0x2000ed0d</value>
         <object_component_ref idref="oc-5b0"/>
      </symbol>
      <symbol id="sm-81c">
         <name>ClockP_setTicks</name>
         <value>0x2000f3d9</value>
         <object_component_ref idref="oc-5cd"/>
      </symbol>
      <symbol id="sm-81d">
         <name>ClockP_tickPeriod</name>
         <value>0x2000fae0</value>
         <object_component_ref idref="oc-42c"/>
      </symbol>
      <symbol id="sm-81e">
         <name>ClockP_usleep</name>
         <value>0x2000e595</value>
         <object_component_ref idref="oc-2af"/>
      </symbol>
      <symbol id="sm-81f">
         <name>ClockP_getSystemTicks</name>
         <value>0x2000f3c9</value>
         <object_component_ref idref="oc-5b6"/>
      </symbol>
      <symbol id="sm-820">
         <name>ClockP_destruct</name>
         <value>0x2000e9e9</value>
         <object_component_ref idref="oc-4fc"/>
      </symbol>
      <symbol id="sm-821">
         <name>ClockP_start</name>
         <value>0x2000dea9</value>
         <object_component_ref idref="oc-4ea"/>
      </symbol>
      <symbol id="sm-822">
         <name>ClockP_sysTickHandler</name>
         <value>0x2000e789</value>
         <object_component_ref idref="oc-74"/>
      </symbol>
      <symbol id="sm-823">
         <name>ClockP_isActive</name>
         <value>0x2000f4a1</value>
         <object_component_ref idref="oc-4f6"/>
      </symbol>
      <symbol id="sm-824">
         <name>ClockP_getCpuFreq</name>
         <value>0x2000f3b9</value>
         <object_component_ref idref="oc-59e"/>
      </symbol>
      <symbol id="sm-825">
         <name>ClockP_add</name>
         <value>0x2000f3a9</value>
         <object_component_ref idref="oc-4e4"/>
      </symbol>
      <symbol id="sm-8ae">
         <name>HwiP_delete</name>
         <value>0x2000f3e9</value>
         <object_component_ref idref="oc-70e"/>
      </symbol>
      <symbol id="sm-8af">
         <name>HwiP_construct</name>
         <value>0x2000d7e5</value>
         <object_component_ref idref="oc-53d"/>
      </symbol>
      <symbol id="sm-8b0">
         <name>HwiP_inISR</name>
         <value>0x2000f2d9</value>
         <object_component_ref idref="oc-513"/>
      </symbol>
      <symbol id="sm-8b1">
         <name>HwiP_dispatch</name>
         <value>0x2000efd5</value>
         <object_component_ref idref="oc-699"/>
      </symbol>
      <symbol id="sm-8b2">
         <name>HwiP_destruct</name>
         <value>0x2000f041</value>
         <object_component_ref idref="oc-80a"/>
      </symbol>
      <symbol id="sm-8b3">
         <name>HwiP_clearInterrupt</name>
         <value>0x2000f439</value>
         <object_component_ref idref="oc-708"/>
      </symbol>
      <symbol id="sm-8b4">
         <name>HwiP_swiPIntNum</name>
         <value>0x2000fadc</value>
         <object_component_ref idref="oc-69f"/>
      </symbol>
      <symbol id="sm-8b5">
         <name>HwiP_Params_init</name>
         <value>0x2000f33d</value>
         <object_component_ref idref="oc-3ec"/>
      </symbol>
      <symbol id="sm-8b6">
         <name>HwiP_disable</name>
         <value>0x2000f447</value>
         <object_component_ref idref="oc-34b"/>
      </symbol>
      <symbol id="sm-8b7">
         <name>HwiP_key</name>
         <value>0x2000fad8</value>
         <object_component_ref idref="oc-69f"/>
      </symbol>
      <symbol id="sm-8b8">
         <name>HwiP_create</name>
         <value>0x2000ee41</value>
         <object_component_ref idref="oc-3f2"/>
      </symbol>
      <symbol id="sm-8b9">
         <name>HwiP_post</name>
         <value>0x2000f4db</value>
         <object_component_ref idref="oc-6fa"/>
      </symbol>
      <symbol id="sm-8ba">
         <name>HwiP_enable</name>
         <value>0x2000f455</value>
         <object_component_ref idref="oc-14d"/>
      </symbol>
      <symbol id="sm-8bb">
         <name>HwiP_restore</name>
         <value>0x2000f3f9</value>
         <object_component_ref idref="oc-351"/>
      </symbol>
      <symbol id="sm-8ea">
         <name>PowerCC32XX_initPolicy</name>
         <value>0x2000dc0b</value>
         <object_component_ref idref="oc-474"/>
      </symbol>
      <symbol id="sm-8eb">
         <name>PowerCC32XX_sleepPolicy</name>
         <value>0x2000c645</value>
         <object_component_ref idref="oc-47a"/>
      </symbol>
      <symbol id="sm-93b">
         <name>resetISR</name>
         <value>0x2000f1c1</value>
         <object_component_ref idref="oc-1c"/>
      </symbol>
      <symbol id="sm-93c">
         <name>resetVectorAddr</name>
         <value>0x2000f1d4</value>
         <object_component_ref idref="oc-1c"/>
      </symbol>
      <symbol id="sm-93d">
         <name>initVectors</name>
         <value>0x2000ebc1</value>
         <object_component_ref idref="oc-54"/>
      </symbol>
      <symbol id="sm-93e">
         <name>resetVectors</name>
         <value>0x20004000</value>
         <object_component_ref idref="oc-22"/>
      </symbol>
      <symbol id="sm-96e">
         <name>SwiP_disable</name>
         <value>0x2000f171</value>
         <object_component_ref idref="oc-5a4"/>
      </symbol>
      <symbol id="sm-96f">
         <name>SwiP_restore</name>
         <value>0x2000e8dd</value>
         <object_component_ref idref="oc-5d3"/>
      </symbol>
      <symbol id="sm-9cb">
         <name>I2CIntRegister</name>
         <value>0x2000f0a1</value>
         <object_component_ref idref="oc-38b"/>
      </symbol>
      <symbol id="sm-9cc">
         <name>I2CSlaveIntEnable</name>
         <value>0x2000f1db</value>
         <object_component_ref idref="oc-391"/>
      </symbol>
      <symbol id="sm-9cd">
         <name>I2CSlaveIntClear</name>
         <value>0x2000f34f</value>
         <object_component_ref idref="oc-379"/>
      </symbol>
      <symbol id="sm-9ce">
         <name>I2CSlaveDisable</name>
         <value>0x2000f0bf</value>
         <object_component_ref idref="oc-36d"/>
      </symbol>
      <symbol id="sm-9cf">
         <name>I2CSlaveDataGet</name>
         <value>0x2000f409</value>
         <object_component_ref idref="oc-4b6"/>
      </symbol>
      <symbol id="sm-9d0">
         <name>I2CSlaveEnable</name>
         <value>0x2000f0dd</value>
         <object_component_ref idref="oc-49e"/>
      </symbol>
      <symbol id="sm-9d1">
         <name>I2CSlaveInit</name>
         <value>0x2000f18d</value>
         <object_component_ref idref="oc-385"/>
      </symbol>
      <symbol id="sm-9d2">
         <name>I2CMasterDisable</name>
         <value>0x2000f26d</value>
         <object_component_ref idref="oc-367"/>
      </symbol>
      <symbol id="sm-a36">
         <name>IntPendClear</name>
         <value>0x2000e0dd</value>
         <object_component_ref idref="oc-373"/>
      </symbol>
      <symbol id="sm-a37">
         <name>IntVTableBaseSet</name>
         <value>0x2000f2ed</value>
         <object_component_ref idref="oc-aa"/>
      </symbol>
      <symbol id="sm-a38">
         <name>IntEnable</name>
         <value>0x2000d25d</value>
         <object_component_ref idref="oc-b0"/>
      </symbol>
      <symbol id="sm-a39">
         <name>IntRegister</name>
         <value>0x2000f061</value>
         <object_component_ref idref="oc-4ab"/>
      </symbol>
      <symbol id="sm-a3a">
         <name>IntMasterDisable</name>
         <value>0x2000f4ab</value>
         <object_component_ref idref="oc-4e"/>
      </symbol>
      <symbol id="sm-a3b">
         <name>IntPendSet</name>
         <value>0x2000d871</value>
         <object_component_ref idref="oc-7f9"/>
      </symbol>
      <symbol id="sm-a7d">
         <name>PinTypeI2C</name>
         <value>0x2000f155</value>
         <object_component_ref idref="oc-37f"/>
      </symbol>
      <symbol id="sm-a7e">
         <name>PinModeGet</name>
         <value>0x2000ed75</value>
         <object_component_ref idref="oc-331"/>
      </symbol>
      <symbol id="sm-a7f">
         <name>PinConfigSet</name>
         <value>0x2000d981</value>
         <object_component_ref idref="oc-3e6"/>
      </symbol>
      <symbol id="sm-a80">
         <name>PinModeSet</name>
         <value>0x2000e9a9</value>
         <object_component_ref idref="oc-337"/>
      </symbol>
      <symbol id="sm-a81">
         <name>PinToPadGet</name>
         <value>0x2000f139</value>
         <object_component_ref idref="oc-773"/>
      </symbol>
      <symbol id="sm-b4a">
         <name>PRCMLPDSRestoreInfoSet</name>
         <value>0x2000e7cd</value>
         <object_component_ref idref="oc-7db"/>
      </symbol>
      <symbol id="sm-b4b">
         <name>PRCMPeripheralReset</name>
         <value>0x2000e135</value>
         <object_component_ref idref="oc-325"/>
      </symbol>
      <symbol id="sm-b4c">
         <name>PRCMLPDSEnter</name>
         <value>0x2000e625</value>
         <object_component_ref idref="oc-6ec"/>
      </symbol>
      <symbol id="sm-b4d">
         <name>PRCMPeripheralClkEnable</name>
         <value>0x2000e66d</value>
         <object_component_ref idref="oc-31f"/>
      </symbol>
      <symbol id="sm-b4e">
         <name>PRCMLPDSEnterKeepDebugIf</name>
         <value>0x2000eb89</value>
         <object_component_ref idref="oc-6f2"/>
      </symbol>
      <symbol id="sm-b4f">
         <name>PRCMCC3200MCUInit</name>
         <value>0x2000c041</value>
         <object_component_ref idref="oc-265"/>
      </symbol>
      <symbol id="sm-b50">
         <name>PRCMHIBRegWrite</name>
         <value>0x2000f299</value>
         <object_component_ref idref="oc-313"/>
      </symbol>
      <symbol id="sm-b51">
         <name>PRCMSysResetCauseGet</name>
         <value>0x2000df69</value>
         <object_component_ref idref="oc-30c"/>
      </symbol>
      <symbol id="sm-b52">
         <name>PRCMPeripheralClkDisable</name>
         <value>0x2000eee9</value>
         <object_component_ref idref="oc-32b"/>
      </symbol>
      <symbol id="sm-b53">
         <name>PRCMHIBRegRead</name>
         <value>0x2000f283</value>
         <object_component_ref idref="oc-319"/>
      </symbol>
      <symbol id="sm-b9c">
         <name>TimerLoadSet</name>
         <value>0x2000ee6b</value>
         <object_component_ref idref="oc-823"/>
      </symbol>
      <symbol id="sm-b9d">
         <name>TimerDisable</name>
         <value>0x2000f0fb</value>
         <object_component_ref idref="oc-750"/>
      </symbol>
      <symbol id="sm-b9e">
         <name>TimerEnable</name>
         <value>0x2000f119</value>
         <object_component_ref idref="oc-749"/>
      </symbol>
      <symbol id="sm-b9f">
         <name>TimerIntDisable</name>
         <value>0x2000f225</value>
         <object_component_ref idref="oc-756"/>
      </symbol>
      <symbol id="sm-ba0">
         <name>TimerPrescaleSet</name>
         <value>0x2000ee95</value>
         <object_component_ref idref="oc-81d"/>
      </symbol>
      <symbol id="sm-ba1">
         <name>TimerControlStall</name>
         <value>0x2000ecd7</value>
         <object_component_ref idref="oc-829"/>
      </symbol>
      <symbol id="sm-ba2">
         <name>TimerIntEnable</name>
         <value>0x2000f23d</value>
         <object_component_ref idref="oc-73d"/>
      </symbol>
      <symbol id="sm-ba3">
         <name>TimerIntClear</name>
         <value>0x2000f361</value>
         <object_component_ref idref="oc-831"/>
      </symbol>
      <symbol id="sm-ba9">
         <name>UtilsDelay</name>
         <value>0x2000f4d5</value>
         <object_component_ref idref="oc-312"/>
      </symbol>
      <symbol id="sm-bb3">
         <name>CPUcpsid</name>
         <value>0x2000f2c5</value>
         <object_component_ref idref="oc-9e"/>
      </symbol>
      <symbol id="sm-bc3">
         <name>FlashDisable</name>
         <value>0x2000e5dd</value>
         <object_component_ref idref="oc-7f1"/>
      </symbol>
      <symbol id="sm-bd3">
         <name>__aeabi_fmul</name>
         <value>0x2000db91</value>
         <object_component_ref idref="oc-2c0"/>
      </symbol>
      <symbol id="sm-bdd">
         <name>__aeabi_f2iz</name>
         <value>0x2000ec69</value>
         <object_component_ref idref="oc-2c5"/>
      </symbol>
      <symbol id="sm-be7">
         <name>__aeabi_lmul</name>
         <value>0x2000f255</value>
         <object_component_ref idref="oc-566"/>
      </symbol>
      <symbol id="sm-c02">
         <name>memcpy</name>
         <value>0x2000d4f1</value>
         <object_component_ref idref="oc-36"/>
      </symbol>
      <symbol id="sm-c03">
         <name>__aeabi_memcpy</name>
         <value>0x2000d4f1</value>
         <object_component_ref idref="oc-36"/>
      </symbol>
      <symbol id="sm-c04">
         <name>__aeabi_memcpy8</name>
         <value>0x2000d4f1</value>
         <object_component_ref idref="oc-36"/>
      </symbol>
      <symbol id="sm-c05">
         <name>__aeabi_memcpy4</name>
         <value>0x2000d4f1</value>
         <object_component_ref idref="oc-36"/>
      </symbol>
      <symbol id="sm-c11">
         <name>__aeabi_ui2f</name>
         <value>0x2000eff9</value>
         <object_component_ref idref="oc-2bb"/>
      </symbol>
      <symbol id="sm-c1e">
         <name>__aeabi_uldivmod</name>
         <value>0x2000d6bd</value>
         <object_component_ref idref="oc-5c2"/>
      </symbol>
      <symbol id="sm-c33">
         <name>__TI_zero_init_nomemset</name>
         <value>0x2000f373</value>
         <object_component_ref idref="oc-42"/>
      </symbol>
      <symbol id="sm-c4a">
         <name>__TI_decompress_none</name>
         <value>0x2000f463</value>
         <object_component_ref idref="oc-15"/>
      </symbol>
      <symbol id="sm-c6d">
         <name>__TI_decompress_lzss</name>
         <value>0x2000dddd</value>
         <object_component_ref idref="oc-f"/>
      </symbol>
      <symbol id="sm-c7f">
         <name>__stack</name>
         <value>0x20003000</value>
         <object_component_ref idref="oc-25"/>
      </symbol>
      <symbol id="sm-c80">
         <name>_c_int00_noargs</name>
         <value>0x2000ef39</value>
         <object_component_ref idref="oc-c0"/>
      </symbol>
      <symbol id="sm-c8b">
         <name>C$$EXIT</name>
         <value>0x2000f4e7</value>
         <object_component_ref idref="oc-15a"/>
      </symbol>
      <symbol id="sm-c8c">
         <name>abort</name>
         <value>0x2000f4e7</value>
         <object_component_ref idref="oc-15a"/>
      </symbol>
      <symbol id="sm-d07">
         <name>_sys_memory</name>
         <value>0x20004040</value>
         <object_component_ref idref="oc-28"/>
      </symbol>
      <symbol id="sm-d08">
         <name>free</name>
         <value>0x2000ce99</value>
         <object_component_ref idref="oc-4dd"/>
      </symbol>
      <symbol id="sm-d09">
         <name>malloc</name>
         <value>0x2000dcfd</value>
         <object_component_ref idref="oc-537"/>
      </symbol>
      <symbol id="sm-d0a">
         <name>minit</name>
         <value>0x2000ebf9</value>
         <object_component_ref idref="oc-66b"/>
      </symbol>
      <symbol id="sm-d1f">
         <name>_nop</name>
         <value>0x2000eb87</value>
         <object_component_ref idref="oc-441"/>
      </symbol>
      <symbol id="sm-d20">
         <name>_lock</name>
         <value>0x2000fac8</value>
         <object_component_ref idref="oc-2df"/>
      </symbol>
      <symbol id="sm-d21">
         <name>_unlock</name>
         <value>0x2000facc</value>
         <object_component_ref idref="oc-2df"/>
      </symbol>
      <symbol id="sm-d2d">
         <name>__aeabi_idiv0</name>
         <value>0x2000f4ef</value>
         <object_component_ref idref="oc-6bd"/>
      </symbol>
      <symbol id="sm-d2e">
         <name>__aeabi_ldiv0</name>
         <value>0x2000f4ef</value>
         <object_component_ref idref="oc-6bd"/>
      </symbol>
      <symbol id="sm-d56">
         <name>__TI_auto_init_nobinit_nopinit</name>
         <value>0x2000e965</value>
         <object_component_ref idref="oc-166"/>
      </symbol>
      <symbol id="sm-d60">
         <name>_system_pre_init</name>
         <value>0x2000f4e3</value>
         <object_component_ref idref="oc-109"/>
      </symbol>
      <symbol id="sm-d62">
         <name>__TI_static_base__</name>
         <value>0x20010210</value>
      </symbol>
      <symbol id="sm-d65">
         <name>__mpu_init</name>
         <value>0x0</value>
      </symbol>
      <symbol id="sm-d66">
         <name>_system_post_cinit</name>
         <value>0x0</value>
      </symbol>
      <symbol id="sm-d67">
         <name>usleep</name>
         <value>0x2000e595</value>
      </symbol>
      <symbol id="sm-d68">
         <name>NoRTOS_start</name>
         <value>0x2000f455</value>
      </symbol>
   </symbol_table>
   <title>Link successful</title>
</link_info>
