<?xml version="1.0" encoding="ISO-8859-1" ?>
<link_info>
   <banner>TI ARM Linker PC v18.1.4.LTS</banner>
   <copyright>Copyright (c) 1996-2018 Texas Instruments Incorporated</copyright>
   <link_time>0x5cc945ea</link_time>
   <link_errors>0x0</link_errors>
   <output_file>pwmled2_CC3220S_LAUNCHXL_nortos_ccs2_I2CSlave.out</output_file>
   <entry_point>
      <name>resetISR</name>
      <address>0x2000edd1</address>
   </entry_point>
   <input_file_list>
      <input_file id="fl-2">
         <path>.\</path>
         <kind>object</kind>
         <file>CC3220S_LAUNCHXL.obj</file>
         <name>CC3220S_LAUNCHXL.obj</name>
      </input_file>
      <input_file id="fl-3">
         <path>.\</path>
         <kind>object</kind>
         <file>I2C_Slave.obj</file>
         <name>I2C_Slave.obj</name>
      </input_file>
      <input_file id="fl-4">
         <path>.\</path>
         <kind>object</kind>
         <file>main_nortos.obj</file>
         <name>main_nortos.obj</name>
      </input_file>
      <input_file id="fl-5">
         <path>.\</path>
         <kind>object</kind>
         <file>pwmled2.obj</file>
         <name>pwmled2.obj</name>
      </input_file>
      <input_file id="fl-10">
         <kind>object</kind>
         <file>&lt;internal&gt;</file>
         <name>&lt;internal&gt;</name>
      </input_file>
      <input_file id="fl-11">
         <path>C:\ti\simplelink_cc32xx_sdk_2_40_02_00\source\ti\display\lib\</path>
         <kind>archive</kind>
         <file>display.aem4</file>
         <name>DisplayUart.oem4</name>
      </input_file>
      <input_file id="fl-12">
         <path>C:\ti\simplelink_cc32xx_sdk_2_40_02_00\source\ti\drivers\lib\</path>
         <kind>archive</kind>
         <file>drivers_cc32xx.aem4</file>
         <name>ADCCC32XX.oem4</name>
      </input_file>
      <input_file id="fl-13">
         <path>C:\ti\simplelink_cc32xx_sdk_2_40_02_00\source\ti\drivers\lib\</path>
         <kind>archive</kind>
         <file>drivers_cc32xx.aem4</file>
         <name>CaptureCC32XX.oem4</name>
      </input_file>
      <input_file id="fl-14">
         <path>C:\ti\simplelink_cc32xx_sdk_2_40_02_00\source\ti\drivers\lib\</path>
         <kind>archive</kind>
         <file>drivers_cc32xx.aem4</file>
         <name>I2CCC32XX.oem4</name>
      </input_file>
      <input_file id="fl-15">
         <path>C:\ti\simplelink_cc32xx_sdk_2_40_02_00\source\ti\drivers\lib\</path>
         <kind>archive</kind>
         <file>drivers_cc32xx.aem4</file>
         <name>I2SCC32XXDMA.oem4</name>
      </input_file>
      <input_file id="fl-16">
         <path>C:\ti\simplelink_cc32xx_sdk_2_40_02_00\source\ti\drivers\lib\</path>
         <kind>archive</kind>
         <file>drivers_cc32xx.aem4</file>
         <name>PowerCC32XX.oem4</name>
      </input_file>
      <input_file id="fl-17">
         <path>C:\ti\simplelink_cc32xx_sdk_2_40_02_00\source\ti\drivers\lib\</path>
         <kind>archive</kind>
         <file>drivers_cc32xx.aem4</file>
         <name>PowerCC32XX_asm.oem4</name>
      </input_file>
      <input_file id="fl-18">
         <path>C:\ti\simplelink_cc32xx_sdk_2_40_02_00\source\ti\drivers\lib\</path>
         <kind>archive</kind>
         <file>drivers_cc32xx.aem4</file>
         <name>PWM.oem4</name>
      </input_file>
      <input_file id="fl-19">
         <path>C:\ti\simplelink_cc32xx_sdk_2_40_02_00\source\ti\drivers\lib\</path>
         <kind>archive</kind>
         <file>drivers_cc32xx.aem4</file>
         <name>PWMTimerCC32XX.oem4</name>
      </input_file>
      <input_file id="fl-1a">
         <path>C:\ti\simplelink_cc32xx_sdk_2_40_02_00\source\ti\drivers\lib\</path>
         <kind>archive</kind>
         <file>drivers_cc32xx.aem4</file>
         <name>SDHostCC32XX.oem4</name>
      </input_file>
      <input_file id="fl-1b">
         <path>C:\ti\simplelink_cc32xx_sdk_2_40_02_00\source\ti\drivers\lib\</path>
         <kind>archive</kind>
         <file>drivers_cc32xx.aem4</file>
         <name>SPICC32XXDMA.oem4</name>
      </input_file>
      <input_file id="fl-1c">
         <path>C:\ti\simplelink_cc32xx_sdk_2_40_02_00\source\ti\drivers\lib\</path>
         <kind>archive</kind>
         <file>drivers_cc32xx.aem4</file>
         <name>Timer.oem4</name>
      </input_file>
      <input_file id="fl-1d">
         <path>C:\ti\simplelink_cc32xx_sdk_2_40_02_00\source\ti\drivers\lib\</path>
         <kind>archive</kind>
         <file>drivers_cc32xx.aem4</file>
         <name>TimerCC32XX.oem4</name>
      </input_file>
      <input_file id="fl-1e">
         <path>C:\ti\simplelink_cc32xx_sdk_2_40_02_00\source\ti\drivers\lib\</path>
         <kind>archive</kind>
         <file>drivers_cc32xx.aem4</file>
         <name>UART.oem4</name>
      </input_file>
      <input_file id="fl-1f">
         <path>C:\ti\simplelink_cc32xx_sdk_2_40_02_00\source\ti\drivers\lib\</path>
         <kind>archive</kind>
         <file>drivers_cc32xx.aem4</file>
         <name>UARTCC32XX.oem4</name>
      </input_file>
      <input_file id="fl-20">
         <path>C:\ti\simplelink_cc32xx_sdk_2_40_02_00\source\ti\drivers\lib\</path>
         <kind>archive</kind>
         <file>drivers_cc32xx.aem4</file>
         <name>WatchdogCC32XX.oem4</name>
      </input_file>
      <input_file id="fl-21">
         <path>C:\ti\simplelink_cc32xx_sdk_2_40_02_00\source\ti\drivers\lib\</path>
         <kind>archive</kind>
         <file>drivers_cc32xx.aem4</file>
         <name>List.oem4</name>
      </input_file>
      <input_file id="fl-22">
         <path>C:\ti\simplelink_cc32xx_sdk_2_40_02_00\source\ti\drivers\lib\</path>
         <kind>archive</kind>
         <file>drivers_cc32xx.aem4</file>
         <name>RingBuf.oem4</name>
      </input_file>
      <input_file id="fl-23">
         <path>C:\ti\simplelink_cc32xx_sdk_2_40_02_00\source\ti\drivers\lib\</path>
         <kind>archive</kind>
         <file>drivers_cc32xx.aem4</file>
         <name>UDMACC32XX.oem4</name>
      </input_file>
      <input_file id="fl-24">
         <path>C:\ti\simplelink_cc32xx_sdk_2_40_02_00\kernel\nortos\lib\</path>
         <kind>archive</kind>
         <file>nortos_cc32xx.aem4</file>
         <name>posix_sleep.oem4</name>
      </input_file>
      <input_file id="fl-25">
         <path>C:\ti\simplelink_cc32xx_sdk_2_40_02_00\kernel\nortos\lib\</path>
         <kind>archive</kind>
         <file>nortos_cc32xx.aem4</file>
         <name>NoRTOS.oem4</name>
      </input_file>
      <input_file id="fl-26">
         <path>C:\ti\simplelink_cc32xx_sdk_2_40_02_00\kernel\nortos\lib\</path>
         <kind>archive</kind>
         <file>nortos_cc32xx.aem4</file>
         <name>SemaphoreP_nortos.oem4</name>
      </input_file>
      <input_file id="fl-27">
         <path>C:\ti\simplelink_cc32xx_sdk_2_40_02_00\kernel\nortos\lib\</path>
         <kind>archive</kind>
         <file>nortos_cc32xx.aem4</file>
         <name>SystemP_nortos.oem4</name>
      </input_file>
      <input_file id="fl-28">
         <path>C:\ti\simplelink_cc32xx_sdk_2_40_02_00\kernel\nortos\lib\</path>
         <kind>archive</kind>
         <file>nortos_cc32xx.aem4</file>
         <name>ClockPSysTick_nortos.oem4</name>
      </input_file>
      <input_file id="fl-29">
         <path>C:\ti\simplelink_cc32xx_sdk_2_40_02_00\kernel\nortos\lib\</path>
         <kind>archive</kind>
         <file>nortos_cc32xx.aem4</file>
         <name>HwiPCC32XX_nortos.oem4</name>
      </input_file>
      <input_file id="fl-2a">
         <path>C:\ti\simplelink_cc32xx_sdk_2_40_02_00\kernel\nortos\lib\</path>
         <kind>archive</kind>
         <file>nortos_cc32xx.aem4</file>
         <name>PowerCC32XX_nortos.oem4</name>
      </input_file>
      <input_file id="fl-2b">
         <path>C:\ti\simplelink_cc32xx_sdk_2_40_02_00\kernel\nortos\lib\</path>
         <kind>archive</kind>
         <file>nortos_cc32xx.aem4</file>
         <name>startup_cc32xx_ccs.oem4</name>
      </input_file>
      <input_file id="fl-2c">
         <path>C:\ti\simplelink_cc32xx_sdk_2_40_02_00\kernel\nortos\lib\</path>
         <kind>archive</kind>
         <file>nortos_cc32xx.aem4</file>
         <name>SwiP_nortos.oem4</name>
      </input_file>
      <input_file id="fl-2d">
         <path>C:\ti\simplelink_cc32xx_sdk_2_40_02_00\kernel\nortos\lib\</path>
         <kind>archive</kind>
         <file>nortos_cc32xx.aem4</file>
         <name>QueueP_nortos.oem4</name>
      </input_file>
      <input_file id="fl-2e">
         <path>C:\ti\simplelink_cc32xx_sdk_2_40_02_00\source\ti\devices\cc32xx\driverlib\ccs\Release\</path>
         <kind>archive</kind>
         <file>driverlib.a</file>
         <name>i2c.obj</name>
      </input_file>
      <input_file id="fl-2f">
         <path>C:\ti\simplelink_cc32xx_sdk_2_40_02_00\source\ti\devices\cc32xx\driverlib\ccs\Release\</path>
         <kind>archive</kind>
         <file>driverlib.a</file>
         <name>interrupt.obj</name>
      </input_file>
      <input_file id="fl-30">
         <path>C:\ti\simplelink_cc32xx_sdk_2_40_02_00\source\ti\devices\cc32xx\driverlib\ccs\Release\</path>
         <kind>archive</kind>
         <file>driverlib.a</file>
         <name>pin.obj</name>
      </input_file>
      <input_file id="fl-31">
         <path>C:\ti\simplelink_cc32xx_sdk_2_40_02_00\source\ti\devices\cc32xx\driverlib\ccs\Release\</path>
         <kind>archive</kind>
         <file>driverlib.a</file>
         <name>prcm.obj</name>
      </input_file>
      <input_file id="fl-32">
         <path>C:\ti\simplelink_cc32xx_sdk_2_40_02_00\source\ti\devices\cc32xx\driverlib\ccs\Release\</path>
         <kind>archive</kind>
         <file>driverlib.a</file>
         <name>sdhost.obj</name>
      </input_file>
      <input_file id="fl-33">
         <path>C:\ti\simplelink_cc32xx_sdk_2_40_02_00\source\ti\devices\cc32xx\driverlib\ccs\Release\</path>
         <kind>archive</kind>
         <file>driverlib.a</file>
         <name>timer.obj</name>
      </input_file>
      <input_file id="fl-34">
         <path>C:\ti\simplelink_cc32xx_sdk_2_40_02_00\source\ti\devices\cc32xx\driverlib\ccs\Release\</path>
         <kind>archive</kind>
         <file>driverlib.a</file>
         <name>uart.obj</name>
      </input_file>
      <input_file id="fl-35">
         <path>C:\ti\simplelink_cc32xx_sdk_2_40_02_00\source\ti\devices\cc32xx\driverlib\ccs\Release\</path>
         <kind>archive</kind>
         <file>driverlib.a</file>
         <name>udma.obj</name>
      </input_file>
      <input_file id="fl-36">
         <path>C:\ti\simplelink_cc32xx_sdk_2_40_02_00\source\ti\devices\cc32xx\driverlib\ccs\Release\</path>
         <kind>archive</kind>
         <file>driverlib.a</file>
         <name>utils.obj</name>
      </input_file>
      <input_file id="fl-37">
         <path>C:\ti\simplelink_cc32xx_sdk_2_40_02_00\source\ti\devices\cc32xx\driverlib\ccs\Release\</path>
         <kind>archive</kind>
         <file>driverlib.a</file>
         <name>cpu.obj</name>
      </input_file>
      <input_file id="fl-38">
         <path>C:\ti\simplelink_cc32xx_sdk_2_40_02_00\source\ti\devices\cc32xx\driverlib\ccs\Release\</path>
         <kind>archive</kind>
         <file>driverlib.a</file>
         <name>flash.obj</name>
      </input_file>
      <input_file id="fl-ee">
         <path>C:\ti\ccsv8\tools\compiler\ti-cgt-arm_18.1.4.LTS\lib\</path>
         <kind>archive</kind>
         <file>rtsv7M4_T_le_eabi.lib</file>
         <name>u_divt2.asm.obj</name>
      </input_file>
      <input_file id="fl-ef">
         <path>C:\ti\ccsv8\tools\compiler\ti-cgt-arm_18.1.4.LTS\lib\</path>
         <kind>archive</kind>
         <file>rtsv7M4_T_le_eabi.lib</file>
         <name>fd_add_t2.asm.obj</name>
      </input_file>
      <input_file id="fl-f0">
         <path>C:\ti\ccsv8\tools\compiler\ti-cgt-arm_18.1.4.LTS\lib\</path>
         <kind>archive</kind>
         <file>rtsv7M4_T_le_eabi.lib</file>
         <name>fd_cmp_t2.asm.obj</name>
      </input_file>
      <input_file id="fl-f1">
         <path>C:\ti\ccsv8\tools\compiler\ti-cgt-arm_18.1.4.LTS\lib\</path>
         <kind>archive</kind>
         <file>rtsv7M4_T_le_eabi.lib</file>
         <name>fd_mul_t2.asm.obj</name>
      </input_file>
      <input_file id="fl-f2">
         <path>C:\ti\ccsv8\tools\compiler\ti-cgt-arm_18.1.4.LTS\lib\</path>
         <kind>archive</kind>
         <file>rtsv7M4_T_le_eabi.lib</file>
         <name>fd_toi_t2.asm.obj</name>
      </input_file>
      <input_file id="fl-f3">
         <path>C:\ti\ccsv8\tools\compiler\ti-cgt-arm_18.1.4.LTS\lib\</path>
         <kind>archive</kind>
         <file>rtsv7M4_T_le_eabi.lib</file>
         <name>fd_tou_t2.asm.obj</name>
      </input_file>
      <input_file id="fl-f4">
         <path>C:\ti\ccsv8\tools\compiler\ti-cgt-arm_18.1.4.LTS\lib\</path>
         <kind>archive</kind>
         <file>rtsv7M4_T_le_eabi.lib</file>
         <name>fs_mul_t2.asm.obj</name>
      </input_file>
      <input_file id="fl-f5">
         <path>C:\ti\ccsv8\tools\compiler\ti-cgt-arm_18.1.4.LTS\lib\</path>
         <kind>archive</kind>
         <file>rtsv7M4_T_le_eabi.lib</file>
         <name>fs_toi_t2.asm.obj</name>
      </input_file>
      <input_file id="fl-f6">
         <path>C:\ti\ccsv8\tools\compiler\ti-cgt-arm_18.1.4.LTS\lib\</path>
         <kind>archive</kind>
         <file>rtsv7M4_T_le_eabi.lib</file>
         <name>i_tofd_t2.asm.obj</name>
      </input_file>
      <input_file id="fl-f7">
         <path>C:\ti\ccsv8\tools\compiler\ti-cgt-arm_18.1.4.LTS\lib\</path>
         <kind>archive</kind>
         <file>rtsv7M4_T_le_eabi.lib</file>
         <name>ll_mul_t2.asm.obj</name>
      </input_file>
      <input_file id="fl-f8">
         <path>C:\ti\ccsv8\tools\compiler\ti-cgt-arm_18.1.4.LTS\lib\</path>
         <kind>archive</kind>
         <file>rtsv7M4_T_le_eabi.lib</file>
         <name>memcpy_t2.asm.obj</name>
      </input_file>
      <input_file id="fl-f9">
         <path>C:\ti\ccsv8\tools\compiler\ti-cgt-arm_18.1.4.LTS\lib\</path>
         <kind>archive</kind>
         <file>rtsv7M4_T_le_eabi.lib</file>
         <name>u_tofd_t2.asm.obj</name>
      </input_file>
      <input_file id="fl-fa">
         <path>C:\ti\ccsv8\tools\compiler\ti-cgt-arm_18.1.4.LTS\lib\</path>
         <kind>archive</kind>
         <file>rtsv7M4_T_le_eabi.lib</file>
         <name>u_tofs_t2.asm.obj</name>
      </input_file>
      <input_file id="fl-fb">
         <path>C:\ti\ccsv8\tools\compiler\ti-cgt-arm_18.1.4.LTS\lib\</path>
         <kind>archive</kind>
         <file>rtsv7M4_T_le_eabi.lib</file>
         <name>ull_div_t2.asm.obj</name>
      </input_file>
      <input_file id="fl-fc">
         <path>C:\ti\ccsv8\tools\compiler\ti-cgt-arm_18.1.4.LTS\lib\</path>
         <kind>archive</kind>
         <file>rtsv7M4_T_le_eabi.lib</file>
         <name>memset_t2.asm.obj</name>
      </input_file>
      <input_file id="fl-fd">
         <path>C:\ti\ccsv8\tools\compiler\ti-cgt-arm_18.1.4.LTS\lib\</path>
         <kind>archive</kind>
         <file>rtsv7M4_T_le_eabi.lib</file>
         <name>copy_zero_init.c.obj</name>
      </input_file>
      <input_file id="fl-fe">
         <path>C:\ti\ccsv8\tools\compiler\ti-cgt-arm_18.1.4.LTS\lib\</path>
         <kind>archive</kind>
         <file>rtsv7M4_T_le_eabi.lib</file>
         <name>copy_decompress_none.c.obj</name>
      </input_file>
      <input_file id="fl-ff">
         <path>C:\ti\ccsv8\tools\compiler\ti-cgt-arm_18.1.4.LTS\lib\</path>
         <kind>archive</kind>
         <file>rtsv7M4_T_le_eabi.lib</file>
         <name>copy_decompress_lzss.c.obj</name>
      </input_file>
      <input_file id="fl-100">
         <path>C:\ti\ccsv8\tools\compiler\ti-cgt-arm_18.1.4.LTS\lib\</path>
         <kind>archive</kind>
         <file>rtsv7M4_T_le_eabi.lib</file>
         <name>boot_cortex_m.c.obj</name>
      </input_file>
      <input_file id="fl-101">
         <path>C:\ti\ccsv8\tools\compiler\ti-cgt-arm_18.1.4.LTS\lib\</path>
         <kind>archive</kind>
         <file>rtsv7M4_T_le_eabi.lib</file>
         <name>exit.c.obj</name>
      </input_file>
      <input_file id="fl-102">
         <path>C:\ti\ccsv8\tools\compiler\ti-cgt-arm_18.1.4.LTS\lib\</path>
         <kind>archive</kind>
         <file>rtsv7M4_T_le_eabi.lib</file>
         <name>memory.c.obj</name>
      </input_file>
      <input_file id="fl-103">
         <path>C:\ti\ccsv8\tools\compiler\ti-cgt-arm_18.1.4.LTS\lib\</path>
         <kind>archive</kind>
         <file>rtsv7M4_T_le_eabi.lib</file>
         <name>_lock.c.obj</name>
      </input_file>
      <input_file id="fl-104">
         <path>C:\ti\ccsv8\tools\compiler\ti-cgt-arm_18.1.4.LTS\lib\</path>
         <kind>archive</kind>
         <file>rtsv7M4_T_le_eabi.lib</file>
         <name>args_main.c.obj</name>
      </input_file>
      <input_file id="fl-105">
         <path>C:\ti\ccsv8\tools\compiler\ti-cgt-arm_18.1.4.LTS\lib\</path>
         <kind>archive</kind>
         <file>rtsv7M4_T_le_eabi.lib</file>
         <name>strlen.c.obj</name>
      </input_file>
      <input_file id="fl-106">
         <path>C:\ti\ccsv8\tools\compiler\ti-cgt-arm_18.1.4.LTS\lib\</path>
         <kind>archive</kind>
         <file>rtsv7M4_T_le_eabi.lib</file>
         <name>div0.asm.obj</name>
      </input_file>
      <input_file id="fl-107">
         <path>C:\ti\ccsv8\tools\compiler\ti-cgt-arm_18.1.4.LTS\lib\</path>
         <kind>archive</kind>
         <file>rtsv7M4_T_le_eabi.lib</file>
         <name>autoinit.c.obj</name>
      </input_file>
      <input_file id="fl-108">
         <path>C:\ti\ccsv8\tools\compiler\ti-cgt-arm_18.1.4.LTS\lib\</path>
         <kind>archive</kind>
         <file>rtsv7M4_T_le_eabi.lib</file>
         <name>pre_init.c.obj</name>
      </input_file>
      <input_file id="fl-109">
         <path>C:\ti\ccsv8\tools\compiler\ti-cgt-arm_18.1.4.LTS\lib\</path>
         <kind>archive</kind>
         <file>rtsv7M4_T_le_eabi.lib</file>
         <name>cpy_tbl.c.obj</name>
      </input_file>
   </input_file_list>
   <object_component_list>
      <object_component id="oc-265">
         <name>.text:PRCMCC3200MCUInit</name>
         <load_address>0x2000c040</load_address>
         <run_address>0x2000c040</run_address>
         <size>0x42c</size>
         <input_file_ref idref="fl-31"/>
      </object_component>
      <object_component id="oc-410">
         <name>.text:PowerCC32XX_sleepPolicy</name>
         <load_address>0x2000c46c</load_address>
         <run_address>0x2000c46c</run_address>
         <size>0x19c</size>
         <input_file_ref idref="fl-2a"/>
      </object_component>
      <object_component id="oc-5d0">
         <name>.text:parkPins</name>
         <load_address>0x2000c608</load_address>
         <run_address>0x2000c608</run_address>
         <size>0x148</size>
         <input_file_ref idref="fl-16"/>
      </object_component>
      <object_component id="oc-567">
         <name>.text:PWMTimerCC32XX_setDutyAndPeriod</name>
         <load_address>0x2000c750</load_address>
         <run_address>0x2000c750</run_address>
         <size>0x140</size>
         <input_file_ref idref="fl-19"/>
      </object_component>
      <object_component id="oc-51e">
         <name>.text:TimerCC32XX_open</name>
         <load_address>0x2000c890</load_address>
         <run_address>0x2000c890</run_address>
         <size>0x128</size>
         <input_file_ref idref="fl-1d"/>
      </object_component>
      <object_component id="oc-4e5">
         <name>.text:Power_sleep</name>
         <load_address>0x2000c9b8</load_address>
         <run_address>0x2000c9b8</run_address>
         <size>0x118</size>
         <input_file_ref idref="fl-16"/>
      </object_component>
      <object_component id="oc-555">
         <name>.text:PWMTimerCC32XX_open</name>
         <load_address>0x2000cad0</load_address>
         <run_address>0x2000cad0</run_address>
         <size>0xf0</size>
         <input_file_ref idref="fl-19"/>
      </object_component>
      <object_component id="oc-153">
         <name>.text:mainThread</name>
         <load_address>0x2000cbc0</load_address>
         <run_address>0x2000cbc0</run_address>
         <size>0xe4</size>
         <input_file_ref idref="fl-5"/>
      </object_component>
      <object_component id="oc-74a">
         <name>.text:free</name>
         <load_address>0x2000cca4</load_address>
         <run_address>0x2000cca4</run_address>
         <size>0xd8</size>
         <input_file_ref idref="fl-102"/>
      </object_component>
      <object_component id="oc-573">
         <name>.text:PWMTimerCC32XX_stop</name>
         <load_address>0x2000cd7c</load_address>
         <run_address>0x2000cd7c</run_address>
         <size>0xc4</size>
         <input_file_ref idref="fl-19"/>
      </object_component>
      <object_component id="oc-55b">
         <name>.text:PWMTimerCC32XX_setDuty</name>
         <load_address>0x2000ce40</load_address>
         <run_address>0x2000ce40</run_address>
         <size>0xb8</size>
         <input_file_ref idref="fl-19"/>
      </object_component>
      <object_component id="oc-5ed">
         <name>.text:restoreParkedPins</name>
         <load_address>0x2000cef8</load_address>
         <run_address>0x2000cef8</run_address>
         <size>0xac</size>
         <input_file_ref idref="fl-16"/>
      </object_component>
      <object_component id="oc-b0">
         <name>.text:IntEnable</name>
         <load_address>0x2000cfa4</load_address>
         <run_address>0x2000cfa4</run_address>
         <size>0xa8</size>
         <input_file_ref idref="fl-2f"/>
      </object_component>
      <object_component id="oc-31d">
         <name>.text:PowerCC32XX_configureWakeup</name>
         <load_address>0x2000d04c</load_address>
         <run_address>0x2000d04c</run_address>
         <size>0xa8</size>
         <input_file_ref idref="fl-16"/>
      </object_component>
      <object_component id="oc-6b0">
         <name>.text:initHw</name>
         <load_address>0x2000d0f4</load_address>
         <run_address>0x2000d0f4</run_address>
         <size>0xa4</size>
         <input_file_ref idref="fl-19"/>
      </object_component>
      <object_component id="oc-2b2">
         <name>.text:timerCallback</name>
         <load_address>0x2000d198</load_address>
         <run_address>0x2000d198</run_address>
         <size>0xa4</size>
         <input_file_ref idref="fl-5"/>
      </object_component>
      <object_component id="oc-485">
         <name>.text:SemaphoreP_pend</name>
         <load_address>0x2000d23c</load_address>
         <run_address>0x2000d23c</run_address>
         <size>0xa0</size>
         <input_file_ref idref="fl-26"/>
      </object_component>
      <object_component id="oc-36">
         <name>.text</name>
         <load_address>0x2000d2dc</load_address>
         <run_address>0x2000d2dc</run_address>
         <size>0x9c</size>
         <input_file_ref idref="fl-f8"/>
      </object_component>
      <object_component id="oc-561">
         <name>.text:PWMTimerCC32XX_setPeriod</name>
         <load_address>0x2000d378</load_address>
         <run_address>0x2000d378</run_address>
         <size>0x98</size>
         <input_file_ref idref="fl-19"/>
      </object_component>
      <object_component id="oc-4e0">
         <name>.text</name>
         <load_address>0x2000d410</load_address>
         <run_address>0x2000d410</run_address>
         <size>0x96</size>
         <input_file_ref idref="fl-fb"/>
      </object_component>
      <object_component id="oc-54f">
         <name>.text:PWMTimerCC32XX_init</name>
         <load_address>0x2000d4a6</load_address>
         <run_address>0x2000d4a6</run_address>
         <size>0x2</size>
         <input_file_ref idref="fl-19"/>
      </object_component>
      <object_component id="oc-5e1">
         <name>.text:restoreNVICRegs</name>
         <load_address>0x2000d4a8</load_address>
         <run_address>0x2000d4a8</run_address>
         <size>0x90</size>
         <input_file_ref idref="fl-16"/>
      </object_component>
      <object_component id="oc-76b">
         <name>.text:HwiP_construct</name>
         <load_address>0x2000d538</load_address>
         <run_address>0x2000d538</run_address>
         <size>0x8c</size>
         <input_file_ref idref="fl-29"/>
      </object_component>
      <object_component id="oc-731">
         <name>.text:IntPendSet</name>
         <load_address>0x2000d5c4</load_address>
         <run_address>0x2000d5c4</run_address>
         <size>0x88</size>
         <input_file_ref idref="fl-2f"/>
      </object_component>
      <object_component id="oc-543">
         <name>.text:PWMTimerCC32XX_close</name>
         <load_address>0x2000d64c</load_address>
         <run_address>0x2000d64c</run_address>
         <size>0x88</size>
         <input_file_ref idref="fl-19"/>
      </object_component>
      <object_component id="oc-433">
         <name>.text:PinConfigSet</name>
         <load_address>0x2000d6d4</load_address>
         <run_address>0x2000d6d4</run_address>
         <size>0x88</size>
         <input_file_ref idref="fl-30"/>
      </object_component>
      <object_component id="oc-26b">
         <name>.text:Power_init</name>
         <load_address>0x2000d75c</load_address>
         <run_address>0x2000d75c</run_address>
         <size>0x84</size>
         <input_file_ref idref="fl-16"/>
      </object_component>
      <object_component id="oc-5d6">
         <name>.text:saveNVICRegs</name>
         <load_address>0x2000d7e0</load_address>
         <run_address>0x2000d7e0</run_address>
         <size>0x84</size>
         <input_file_ref idref="fl-16"/>
      </object_component>
      <object_component id="oc-340">
         <name>.text:Power_setDependency</name>
         <load_address>0x2000d864</load_address>
         <run_address>0x2000d864</run_address>
         <size>0x80</size>
         <input_file_ref idref="fl-16"/>
      </object_component>
      <object_component id="oc-3c3">
         <name>.text</name>
         <load_address>0x2000d8e4</load_address>
         <run_address>0x2000d8e4</run_address>
         <size>0x7a</size>
         <input_file_ref idref="fl-f4"/>
      </object_component>
      <object_component id="oc-524">
         <name>.text:TimerCC32XX_start</name>
         <load_address>0x2000d95e</load_address>
         <run_address>0x2000d95e</run_address>
         <size>0x78</size>
         <input_file_ref idref="fl-1d"/>
      </object_component>
      <object_component id="oc-40a">
         <name>.text:PowerCC32XX_initPolicy</name>
         <load_address>0x2000d9d6</load_address>
         <run_address>0x2000d9d6</run_address>
         <size>0x2</size>
         <input_file_ref idref="fl-2a"/>
      </object_component>
      <object_component id="oc-765">
         <name>.text:malloc</name>
         <load_address>0x2000d9d8</load_address>
         <run_address>0x2000d9d8</run_address>
         <size>0x78</size>
         <input_file_ref idref="fl-102"/>
      </object_component>
      <object_component id="oc-56d">
         <name>.text:PWMTimerCC32XX_start</name>
         <load_address>0x2000da50</load_address>
         <run_address>0x2000da50</run_address>
         <size>0x68</size>
         <input_file_ref idref="fl-19"/>
      </object_component>
      <object_component id="oc-f">
         <name>.text:decompress:lzss:__TI_decompress_lzss</name>
         <load_address>0x2000dab8</load_address>
         <run_address>0x2000dab8</run_address>
         <size>0x68</size>
         <input_file_ref idref="fl-ff"/>
      </object_component>
      <object_component id="oc-6b6">
         <name>.text:PowerCC32XX_setParkState</name>
         <load_address>0x2000db20</load_address>
         <run_address>0x2000db20</run_address>
         <size>0x64</size>
         <input_file_ref idref="fl-16"/>
      </object_component>
      <object_component id="oc-593">
         <name>.text:ClockP_start</name>
         <load_address>0x2000db84</load_address>
         <run_address>0x2000db84</run_address>
         <size>0x60</size>
         <input_file_ref idref="fl-28"/>
      </object_component>
      <object_component id="oc-279">
         <name>.text:I2C_Slave_init</name>
         <load_address>0x2000dbe4</load_address>
         <run_address>0x2000dbe4</run_address>
         <size>0x60</size>
         <input_file_ref idref="fl-3"/>
      </object_component>
      <object_component id="oc-2eb">
         <name>.text:PRCMSysResetCauseGet</name>
         <load_address>0x2000dc44</load_address>
         <run_address>0x2000dc44</run_address>
         <size>0x60</size>
         <input_file_ref idref="fl-31"/>
      </object_component>
      <object_component id="oc-3a0">
         <name>.text:getTimeUsec</name>
         <load_address>0x2000dca4</load_address>
         <run_address>0x2000dca4</run_address>
         <size>0x60</size>
         <input_file_ref idref="fl-28"/>
      </object_component>
      <object_component id="oc-46f">
         <name>.text:sysTickInit</name>
         <load_address>0x2000dd04</load_address>
         <run_address>0x2000dd04</run_address>
         <size>0x5c</size>
         <input_file_ref idref="fl-28"/>
      </object_component>
      <object_component id="oc-352">
         <name>.text:IntPendClear</name>
         <load_address>0x2000dd60</load_address>
         <run_address>0x2000dd60</run_address>
         <size>0x58</size>
         <input_file_ref idref="fl-2f"/>
      </object_component>
      <object_component id="oc-304">
         <name>.text:PRCMPeripheralReset</name>
         <load_address>0x2000ddb8</load_address>
         <run_address>0x2000ddb8</run_address>
         <size>0x58</size>
         <input_file_ref idref="fl-31"/>
      </object_component>
      <object_component id="oc-69b">
         <name>.text:Power_releaseDependency</name>
         <load_address>0x2000de10</load_address>
         <run_address>0x2000de10</run_address>
         <size>0x58</size>
         <input_file_ref idref="fl-16"/>
      </object_component>
      <object_component id="oc-52a">
         <name>.text:TimerCC32XX_stop</name>
         <load_address>0x2000de68</load_address>
         <run_address>0x2000de68</run_address>
         <size>0x56</size>
         <input_file_ref idref="fl-1d"/>
      </object_component>
      <object_component id="oc-70e">
         <name>.text:PowerCC32XX_resumeLPDS</name>
         <load_address>0x2000debe</load_address>
         <run_address>0x2000debe</run_address>
         <size>0x52</size>
         <input_file_ref idref="fl-17"/>
      </object_component>
      <object_component id="oc-652">
         <name>.text:initHw</name>
         <load_address>0x2000df10</load_address>
         <run_address>0x2000df10</run_address>
         <size>0x52</size>
         <input_file_ref idref="fl-1d"/>
      </object_component>
      <object_component id="oc-48b">
         <name>.text:SemaphoreP_destruct</name>
         <load_address>0x2000df62</load_address>
         <run_address>0x2000df62</run_address>
         <size>0x2</size>
         <input_file_ref idref="fl-26"/>
      </object_component>
      <object_component id="oc-47f">
         <name>.text:SemaphoreP_construct</name>
         <load_address>0x2000df64</load_address>
         <run_address>0x2000df64</run_address>
         <size>0x50</size>
         <input_file_ref idref="fl-26"/>
      </object_component>
      <object_component id="oc-62e">
         <name>.text:TimerCC32XX_allocateTimerResource</name>
         <load_address>0x2000dfb4</load_address>
         <run_address>0x2000dfb4</run_address>
         <size>0x50</size>
         <input_file_ref idref="fl-1d"/>
      </object_component>
      <object_component id="oc-705">
         <name>.text:PowerCC32XX_parkPin</name>
         <load_address>0x2000e004</load_address>
         <run_address>0x2000e004</run_address>
         <size>0x4c</size>
         <input_file_ref idref="fl-16"/>
      </object_component>
      <object_component id="oc-441">
         <name>.text:_I2CIntNumberGet</name>
         <load_address>0x2000e050</load_address>
         <run_address>0x2000e050</run_address>
         <size>0x4c</size>
         <input_file_ref idref="fl-2e"/>
      </object_component>
      <object_component id="oc-6c3">
         <name>.text:getDutyCounts</name>
         <load_address>0x2000e09c</load_address>
         <run_address>0x2000e09c</run_address>
         <size>0x4c</size>
         <input_file_ref idref="fl-19"/>
      </object_component>
      <object_component id="oc-6cd">
         <name>.text:getPeriodCounts</name>
         <load_address>0x2000e0e8</load_address>
         <run_address>0x2000e0e8</run_address>
         <size>0x4c</size>
         <input_file_ref idref="fl-19"/>
      </object_component>
      <object_component id="oc-5e7">
         <name>.text:restorePeriphClocks</name>
         <load_address>0x2000e134</load_address>
         <run_address>0x2000e134</run_address>
         <size>0x4c</size>
         <input_file_ref idref="fl-16"/>
      </object_component>
      <object_component id="oc-2a9">
         <name>.text:ClockP_usleep</name>
         <load_address>0x2000e180</load_address>
         <run_address>0x2000e180</run_address>
         <size>0x48</size>
         <input_file_ref idref="fl-28"/>
      </object_component>
      <object_component id="oc-729">
         <name>.text:FlashDisable</name>
         <load_address>0x2000e1c8</load_address>
         <run_address>0x2000e1c8</run_address>
         <size>0x48</size>
         <input_file_ref idref="fl-38"/>
      </object_component>
      <object_component id="oc-5f3">
         <name>.text:PRCMLPDSEnter</name>
         <load_address>0x2000e210</load_address>
         <run_address>0x2000e210</run_address>
         <size>0x48</size>
         <input_file_ref idref="fl-31"/>
      </object_component>
      <object_component id="oc-2fe">
         <name>.text:PRCMPeripheralClkEnable</name>
         <load_address>0x2000e258</load_address>
         <run_address>0x2000e258</run_address>
         <size>0x48</size>
         <input_file_ref idref="fl-31"/>
      </object_component>
      <object_component id="oc-684">
         <name>.text:Power_releaseConstraint</name>
         <load_address>0x2000e2a0</load_address>
         <run_address>0x2000e2a0</run_address>
         <size>0x48</size>
         <input_file_ref idref="fl-16"/>
      </object_component>
      <object_component id="oc-64c">
         <name>.text:getPrescaler</name>
         <load_address>0x2000e2e8</load_address>
         <run_address>0x2000e2e8</run_address>
         <size>0x46</size>
         <input_file_ref idref="fl-1d"/>
      </object_component>
      <object_component id="oc-518">
         <name>.text:TimerCC32XX_init</name>
         <load_address>0x2000e32e</load_address>
         <run_address>0x2000e32e</run_address>
         <size>0x2</size>
         <input_file_ref idref="fl-1d"/>
      </object_component>
      <object_component id="oc-6ea">
         <name>.text:ClockP_stop</name>
         <load_address>0x2000e330</load_address>
         <run_address>0x2000e330</run_address>
         <size>0x44</size>
         <input_file_ref idref="fl-28"/>
      </object_component>
      <object_component id="oc-74">
         <name>.text:ClockP_sysTickHandler</name>
         <load_address>0x2000e374</load_address>
         <run_address>0x2000e374</run_address>
         <size>0x44</size>
         <input_file_ref idref="fl-28"/>
      </object_component>
      <object_component id="oc-713">
         <name>.text:PRCMLPDSRestoreInfoSet</name>
         <load_address>0x2000e3b8</load_address>
         <run_address>0x2000e3b8</run_address>
         <size>0x44</size>
         <input_file_ref idref="fl-31"/>
      </object_component>
      <object_component id="oc-27f">
         <name>.text:PWM_init</name>
         <load_address>0x2000e3fc</load_address>
         <run_address>0x2000e3fc</run_address>
         <size>0x44</size>
         <input_file_ref idref="fl-18"/>
      </object_component>
      <object_component id="oc-5dc">
         <name>.text:PowerCC32XX_enterLPDS</name>
         <load_address>0x2000e440</load_address>
         <run_address>0x2000e440</run_address>
         <size>0x44</size>
         <input_file_ref idref="fl-17"/>
      </object_component>
      <object_component id="oc-68a">
         <name>.text:SemaphoreP_post</name>
         <load_address>0x2000e484</load_address>
         <run_address>0x2000e484</run_address>
         <size>0x44</size>
         <input_file_ref idref="fl-26"/>
      </object_component>
      <object_component id="oc-4f1">
         <name>.text:SwiP_restore</name>
         <load_address>0x2000e4c8</load_address>
         <run_address>0x2000e4c8</run_address>
         <size>0x44</size>
         <input_file_ref idref="fl-2c"/>
      </object_component>
      <object_component id="oc-273">
         <name>.text:Timer_init</name>
         <load_address>0x2000e50c</load_address>
         <run_address>0x2000e50c</run_address>
         <size>0x44</size>
         <input_file_ref idref="fl-1c"/>
      </object_component>
      <object_component id="oc-166">
         <name>.text:__TI_auto_init_nobinit_nopinit:__TI_auto_init_nobinit_nopinit</name>
         <load_address>0x2000e550</load_address>
         <run_address>0x2000e550</run_address>
         <size>0x44</size>
         <input_file_ref idref="fl-107"/>
      </object_component>
      <object_component id="oc-316">
         <name>.text:PinModeSet</name>
         <load_address>0x2000e594</load_address>
         <run_address>0x2000e594</run_address>
         <size>0x40</size>
         <input_file_ref idref="fl-30"/>
      </object_component>
      <object_component id="oc-5a5">
         <name>.text:ClockP_destruct</name>
         <load_address>0x2000e5d4</load_address>
         <run_address>0x2000e5d4</run_address>
         <size>0x3c</size>
         <input_file_ref idref="fl-28"/>
      </object_component>
      <object_component id="oc-28b">
         <name>.text:PWM_open</name>
         <load_address>0x2000e610</load_address>
         <run_address>0x2000e610</run_address>
         <size>0x3c</size>
         <input_file_ref idref="fl-18"/>
      </object_component>
      <object_component id="oc-66b">
         <name>.text:Power_setConstraint</name>
         <load_address>0x2000e64c</load_address>
         <run_address>0x2000e64c</run_address>
         <size>0x3c</size>
         <input_file_ref idref="fl-16"/>
      </object_component>
      <object_component id="oc-29d">
         <name>.text:Timer_open</name>
         <load_address>0x2000e688</load_address>
         <run_address>0x2000e688</run_address>
         <size>0x3c</size>
         <input_file_ref idref="fl-1c"/>
      </object_component>
      <object_component id="oc-7d4">
         <name>.text:minsert</name>
         <load_address>0x2000e6c4</load_address>
         <run_address>0x2000e6c4</run_address>
         <size>0x3c</size>
         <input_file_ref idref="fl-102"/>
      </object_component>
      <object_component id="oc-506">
         <name>.text:TimerCC32XX_close</name>
         <load_address>0x2000e700</load_address>
         <run_address>0x2000e700</run_address>
         <size>0x3a</size>
         <input_file_ref idref="fl-1d"/>
      </object_component>
      <object_component id="oc-4da">
         <name>.text:getCountsRTC</name>
         <load_address>0x2000e73a</load_address>
         <run_address>0x2000e73a</run_address>
         <size>0x3a</size>
         <input_file_ref idref="fl-2a"/>
      </object_component>
      <object_component id="oc-695">
         <name>.text:getPowerMgrId</name>
         <load_address>0x2000e774</load_address>
         <run_address>0x2000e774</run_address>
         <size>0x3a</size>
         <input_file_ref idref="fl-19"/>
      </object_component>
      <object_component id="oc-3d7">
         <name>.text:_nop</name>
         <load_address>0x2000e7ae</load_address>
         <run_address>0x2000e7ae</run_address>
         <size>0x2</size>
         <input_file_ref idref="fl-103"/>
      </object_component>
      <object_component id="oc-5f9">
         <name>.text:PRCMLPDSEnterKeepDebugIf</name>
         <load_address>0x2000e7b0</load_address>
         <run_address>0x2000e7b0</run_address>
         <size>0x38</size>
         <input_file_ref idref="fl-31"/>
      </object_component>
      <object_component id="oc-54">
         <name>.text:initVectors</name>
         <load_address>0x2000e7e8</load_address>
         <run_address>0x2000e7e8</run_address>
         <size>0x38</size>
         <input_file_ref idref="fl-2b"/>
      </object_component>
      <object_component id="oc-7c8">
         <name>.text:minit</name>
         <load_address>0x2000e820</load_address>
         <run_address>0x2000e820</run_address>
         <size>0x38</size>
         <input_file_ref idref="fl-102"/>
      </object_component>
      <object_component id="oc-5ca">
         <name>.text:notify</name>
         <load_address>0x2000e858</load_address>
         <run_address>0x2000e858</run_address>
         <size>0x38</size>
         <input_file_ref idref="fl-16"/>
      </object_component>
      <object_component id="oc-3c8">
         <name>.text</name>
         <load_address>0x2000e890</load_address>
         <run_address>0x2000e890</run_address>
         <size>0x38</size>
         <input_file_ref idref="fl-f5"/>
      </object_component>
      <object_component id="oc-65e">
         <name>.text:TimerCC32XX_hwiIntFunction</name>
         <load_address>0x2000e8c8</load_address>
         <run_address>0x2000e8c8</run_address>
         <size>0x36</size>
         <input_file_ref idref="fl-1d"/>
      </object_component>
      <object_component id="oc-780">
         <name>.text:TimerControlStall</name>
         <load_address>0x2000e8fe</load_address>
         <run_address>0x2000e8fe</run_address>
         <size>0x36</size>
         <input_file_ref idref="fl-33"/>
      </object_component>
      <object_component id="oc-4ce">
         <name>.text:ClockP_getTicksUntilInterrupt</name>
         <load_address>0x2000e934</load_address>
         <run_address>0x2000e934</run_address>
         <size>0x34</size>
         <input_file_ref idref="fl-28"/>
      </object_component>
      <object_component id="oc-39a">
         <name>.text:ClockP_startup</name>
         <load_address>0x2000e968</load_address>
         <run_address>0x2000e968</run_address>
         <size>0x34</size>
         <input_file_ref idref="fl-28"/>
      </object_component>
      <object_component id="oc-310">
         <name>.text:PinModeGet</name>
         <load_address>0x2000e99c</load_address>
         <run_address>0x2000e99c</run_address>
         <size>0x34</size>
         <input_file_ref idref="fl-30"/>
      </object_component>
      <object_component id="oc-624">
         <name>.text:TimerCC32XX_freeTimerResource</name>
         <load_address>0x2000e9d0</load_address>
         <run_address>0x2000e9d0</run_address>
         <size>0x34</size>
         <input_file_ref idref="fl-1d"/>
      </object_component>
      <object_component id="oc-752">
         <name>.text:getPowerMgrId</name>
         <load_address>0x2000ea04</load_address>
         <run_address>0x2000ea04</run_address>
         <size>0x34</size>
         <input_file_ref idref="fl-1d"/>
      </object_component>
      <object_component id="oc-722">
         <name>.text:PowerCC32XX_restoreParkedPin</name>
         <load_address>0x2000ea38</load_address>
         <run_address>0x2000ea38</run_address>
         <size>0x30</size>
         <input_file_ref idref="fl-16"/>
      </object_component>
      <object_component id="oc-640">
         <name>.text:HwiP_create</name>
         <load_address>0x2000ea68</load_address>
         <run_address>0x2000ea68</run_address>
         <size>0x2a</size>
         <input_file_ref idref="fl-29"/>
      </object_component>
      <object_component id="oc-77a">
         <name>.text:TimerLoadSet</name>
         <load_address>0x2000ea92</load_address>
         <run_address>0x2000ea92</run_address>
         <size>0x2a</size>
         <input_file_ref idref="fl-33"/>
      </object_component>
      <object_component id="oc-774">
         <name>.text:TimerPrescaleSet</name>
         <load_address>0x2000eabc</load_address>
         <run_address>0x2000eabc</run_address>
         <size>0x2a</size>
         <input_file_ref idref="fl-33"/>
      </object_component>
      <object_component id="oc-6e">
         <name>.text:busFaultHandler</name>
         <load_address>0x2000eae6</load_address>
         <run_address>0x2000eae6</run_address>
         <size>0x2</size>
         <input_file_ref idref="fl-2b"/>
      </object_component>
      <object_component id="oc-379">
         <name>.text:I2C_Slave_Store_Data</name>
         <load_address>0x2000eae8</load_address>
         <run_address>0x2000eae8</run_address>
         <size>0x28</size>
         <input_file_ref idref="fl-3"/>
      </object_component>
      <object_component id="oc-30a">
         <name>.text:PRCMPeripheralClkDisable</name>
         <load_address>0x2000eb10</load_address>
         <run_address>0x2000eb10</run_address>
         <size>0x28</size>
         <input_file_ref idref="fl-31"/>
      </object_component>
      <object_component id="oc-634">
         <name>.text:Power_registerNotify</name>
         <load_address>0x2000eb38</load_address>
         <run_address>0x2000eb38</run_address>
         <size>0x28</size>
         <input_file_ref idref="fl-16"/>
      </object_component>
      <object_component id="oc-c0">
         <name>.text:_c_int00_noargs:_c_int00_noargs</name>
         <load_address>0x2000eb60</load_address>
         <run_address>0x2000eb60</run_address>
         <size>0x28</size>
         <input_file_ref idref="fl-100"/>
      </object_component>
      <object_component id="oc-7ce">
         <name>.text:mremove</name>
         <load_address>0x2000eb88</load_address>
         <run_address>0x2000eb88</run_address>
         <size>0x28</size>
         <input_file_ref idref="fl-102"/>
      </object_component>
      <object_component id="oc-75d">
         <name>.text:List_put</name>
         <load_address>0x2000ebb0</load_address>
         <run_address>0x2000ebb0</run_address>
         <size>0x26</size>
         <input_file_ref idref="fl-21"/>
      </object_component>
      <object_component id="oc-73c">
         <name>.text:List_remove</name>
         <load_address>0x2000ebd6</load_address>
         <run_address>0x2000ebd6</run_address>
         <size>0x26</size>
         <input_file_ref idref="fl-21"/>
      </object_component>
      <object_component id="oc-7e7">
         <name>.text:HwiP_dispatch</name>
         <load_address>0x2000ebfc</load_address>
         <run_address>0x2000ebfc</run_address>
         <size>0x24</size>
         <input_file_ref idref="fl-29"/>
      </object_component>
      <object_component id="oc-3be">
         <name>.text</name>
         <load_address>0x2000ec20</load_address>
         <run_address>0x2000ec20</run_address>
         <size>0x24</size>
         <input_file_ref idref="fl-fa"/>
      </object_component>
      <object_component id="oc-3a6">
         <name>.text:sleepTicks</name>
         <load_address>0x2000ec44</load_address>
         <run_address>0x2000ec44</run_address>
         <size>0x24</size>
         <input_file_ref idref="fl-28"/>
      </object_component>
      <object_component id="oc-744">
         <name>.text:HwiP_destruct</name>
         <load_address>0x2000ec68</load_address>
         <run_address>0x2000ec68</run_address>
         <size>0x20</size>
         <input_file_ref idref="fl-29"/>
      </object_component>
      <object_component id="oc-447">
         <name>.text:IntRegister</name>
         <load_address>0x2000ec88</load_address>
         <run_address>0x2000ec88</run_address>
         <size>0x20</size>
         <input_file_ref idref="fl-2f"/>
      </object_component>
      <object_component id="oc-60c">
         <name>.text:Power_unregisterNotify</name>
         <load_address>0x2000eca8</load_address>
         <run_address>0x2000eca8</run_address>
         <size>0x20</size>
         <input_file_ref idref="fl-16"/>
      </object_component>
      <object_component id="oc-36a">
         <name>.text:I2CIntRegister</name>
         <load_address>0x2000ecc8</load_address>
         <run_address>0x2000ecc8</run_address>
         <size>0x1e</size>
         <input_file_ref idref="fl-2e"/>
      </object_component>
      <object_component id="oc-34c">
         <name>.text:I2CSlaveDisable</name>
         <load_address>0x2000ece6</load_address>
         <run_address>0x2000ece6</run_address>
         <size>0x1e</size>
         <input_file_ref idref="fl-2e"/>
      </object_component>
      <object_component id="oc-43a">
         <name>.text:I2CSlaveEnable</name>
         <load_address>0x2000ed04</load_address>
         <run_address>0x2000ed04</run_address>
         <size>0x1e</size>
         <input_file_ref idref="fl-2e"/>
      </object_component>
      <object_component id="oc-678">
         <name>.text:TimerDisable</name>
         <load_address>0x2000ed22</load_address>
         <run_address>0x2000ed22</run_address>
         <size>0x1e</size>
         <input_file_ref idref="fl-33"/>
      </object_component>
      <object_component id="oc-671">
         <name>.text:TimerEnable</name>
         <load_address>0x2000ed40</load_address>
         <run_address>0x2000ed40</run_address>
         <size>0x1e</size>
         <input_file_ref idref="fl-33"/>
      </object_component>
      <object_component id="oc-5ab">
         <name>.text:clkFxn</name>
         <load_address>0x2000ed5e</load_address>
         <run_address>0x2000ed5e</run_address>
         <size>0x2</size>
         <input_file_ref idref="fl-26"/>
      </object_component>
      <object_component id="oc-6a1">
         <name>.text:PinToPadGet</name>
         <load_address>0x2000ed60</load_address>
         <run_address>0x2000ed60</run_address>
         <size>0x1c</size>
         <input_file_ref idref="fl-30"/>
      </object_component>
      <object_component id="oc-35e">
         <name>.text:PinTypeI2C</name>
         <load_address>0x2000ed7c</load_address>
         <run_address>0x2000ed7c</run_address>
         <size>0x1c</size>
         <input_file_ref idref="fl-30"/>
      </object_component>
      <object_component id="oc-4c2">
         <name>.text:SwiP_disable</name>
         <load_address>0x2000ed98</load_address>
         <run_address>0x2000ed98</run_address>
         <size>0x1c</size>
         <input_file_ref idref="fl-2c"/>
      </object_component>
      <object_component id="oc-364">
         <name>.text:I2CSlaveInit</name>
         <load_address>0x2000edb4</load_address>
         <run_address>0x2000edb4</run_address>
         <size>0x1a</size>
         <input_file_ref idref="fl-2e"/>
      </object_component>
      <object_component id="oc-68">
         <name>.text:defaultHandler</name>
         <load_address>0x2000edce</load_address>
         <run_address>0x2000edce</run_address>
         <size>0x2</size>
         <input_file_ref idref="fl-2b"/>
      </object_component>
      <object_component id="oc-1c">
         <name>.text:resetISR</name>
         <load_address>0x2000edd0</load_address>
         <run_address>0x2000edd0</run_address>
         <size>0x1a</size>
         <input_file_ref idref="fl-2b"/>
      </object_component>
      <object_component id="oc-370">
         <name>.text:I2CSlaveIntEnable</name>
         <load_address>0x2000edea</load_address>
         <run_address>0x2000edea</run_address>
         <size>0x18</size>
         <input_file_ref idref="fl-2e"/>
      </object_component>
      <object_component id="oc-62">
         <name>.text:faultISR</name>
         <load_address>0x2000ee02</load_address>
         <run_address>0x2000ee02</run_address>
         <size>0x2</size>
         <input_file_ref idref="fl-2b"/>
      </object_component>
      <object_component id="oc-7b2">
         <name>.text:Power_idleFunc</name>
         <load_address>0x2000ee04</load_address>
         <run_address>0x2000ee04</run_address>
         <size>0x18</size>
         <input_file_ref idref="fl-16"/>
      </object_component>
      <object_component id="oc-512">
         <name>.text:TimerCC32XX_getCount</name>
         <load_address>0x2000ee1c</load_address>
         <run_address>0x2000ee1c</run_address>
         <size>0x18</size>
         <input_file_ref idref="fl-1d"/>
      </object_component>
      <object_component id="oc-67e">
         <name>.text:TimerIntDisable</name>
         <load_address>0x2000ee34</load_address>
         <run_address>0x2000ee34</run_address>
         <size>0x18</size>
         <input_file_ref idref="fl-33"/>
      </object_component>
      <object_component id="oc-665">
         <name>.text:TimerIntEnable</name>
         <load_address>0x2000ee4c</load_address>
         <run_address>0x2000ee4c</run_address>
         <size>0x18</size>
         <input_file_ref idref="fl-33"/>
      </object_component>
      <object_component id="oc-479">
         <name>.text</name>
         <load_address>0x2000ee64</load_address>
         <run_address>0x2000ee64</run_address>
         <size>0x18</size>
         <input_file_ref idref="fl-f7"/>
      </object_component>
      <object_component id="oc-346">
         <name>.text:I2CMasterDisable</name>
         <load_address>0x2000ee7c</load_address>
         <run_address>0x2000ee7c</run_address>
         <size>0x16</size>
         <input_file_ref idref="fl-2e"/>
      </object_component>
      <object_component id="oc-2f8">
         <name>.text:PRCMHIBRegRead</name>
         <load_address>0x2000ee92</load_address>
         <run_address>0x2000ee92</run_address>
         <size>0x16</size>
         <input_file_ref idref="fl-31"/>
      </object_component>
      <object_component id="oc-2f2">
         <name>.text:PRCMHIBRegWrite</name>
         <load_address>0x2000eea8</load_address>
         <run_address>0x2000eea8</run_address>
         <size>0x16</size>
         <input_file_ref idref="fl-31"/>
      </object_component>
      <object_component id="oc-646">
         <name>.text:SemaphoreP_create</name>
         <load_address>0x2000eebe</load_address>
         <run_address>0x2000eebe</run_address>
         <size>0x16</size>
         <input_file_ref idref="fl-26"/>
      </object_component>
      <object_component id="oc-9e">
         <name>.text:CPUcpsid</name>
         <load_address>0x2000eed4</load_address>
         <run_address>0x2000eed4</run_address>
         <size>0x14</size>
         <input_file_ref idref="fl-37"/>
      </object_component>
      <object_component id="oc-795">
         <name>.text:HwiP_inISR</name>
         <load_address>0x2000eee8</load_address>
         <run_address>0x2000eee8</run_address>
         <size>0x14</size>
         <input_file_ref idref="fl-29"/>
      </object_component>
      <object_component id="oc-aa">
         <name>.text:IntVTableBaseSet</name>
         <load_address>0x2000eefc</load_address>
         <run_address>0x2000eefc</run_address>
         <size>0x14</size>
         <input_file_ref idref="fl-2f"/>
      </object_component>
      <object_component id="oc-285">
         <name>.text:PWM_Params_init</name>
         <load_address>0x2000ef10</load_address>
         <run_address>0x2000ef10</run_address>
         <size>0x14</size>
         <input_file_ref idref="fl-18"/>
      </object_component>
      <object_component id="oc-79b">
         <name>.text:Power_disablePolicy</name>
         <load_address>0x2000ef24</load_address>
         <run_address>0x2000ef24</run_address>
         <size>0x14</size>
         <input_file_ref idref="fl-16"/>
      </object_component>
      <object_component id="oc-71b">
         <name>.text:Power_getDependencyCount</name>
         <load_address>0x2000ef38</load_address>
         <run_address>0x2000ef38</run_address>
         <size>0x14</size>
         <input_file_ref idref="fl-16"/>
      </object_component>
      <object_component id="oc-63a">
         <name>.text:HwiP_Params_init</name>
         <load_address>0x2000ef4c</load_address>
         <run_address>0x2000ef4c</run_address>
         <size>0x12</size>
         <input_file_ref idref="fl-29"/>
      </object_component>
      <object_component id="oc-358">
         <name>.text:I2CSlaveIntClear</name>
         <load_address>0x2000ef5e</load_address>
         <run_address>0x2000ef5e</run_address>
         <size>0x12</size>
         <input_file_ref idref="fl-2e"/>
      </object_component>
      <object_component id="oc-788">
         <name>.text:TimerIntClear</name>
         <load_address>0x2000ef70</load_address>
         <run_address>0x2000ef70</run_address>
         <size>0x12</size>
         <input_file_ref idref="fl-33"/>
      </object_component>
      <object_component id="oc-42">
         <name>.text:decompress:ZI:__TI_zero_init_nomemset:__TI_zero_init_nomemset</name>
         <load_address>0x2000ef82</load_address>
         <run_address>0x2000ef82</run_address>
         <size>0x12</size>
         <input_file_ref idref="fl-fd"/>
      </object_component>
      <object_component id="oc-10f">
         <name>.text:main</name>
         <load_address>0x2000ef94</load_address>
         <run_address>0x2000ef94</run_address>
         <size>0x12</size>
         <input_file_ref idref="fl-4"/>
      </object_component>
      <object_component id="oc-6bc">
         <name>.text:postNotifyFxn</name>
         <load_address>0x2000efa6</load_address>
         <run_address>0x2000efa6</run_address>
         <size>0x12</size>
         <input_file_ref idref="fl-19"/>
      </object_component>
      <object_component id="oc-58d">
         <name>.text:ClockP_add</name>
         <load_address>0x2000efb8</load_address>
         <run_address>0x2000efb8</run_address>
         <size>0x10</size>
         <input_file_ref idref="fl-28"/>
      </object_component>
      <object_component id="oc-4bc">
         <name>.text:ClockP_getCpuFreq</name>
         <load_address>0x2000efc8</load_address>
         <run_address>0x2000efc8</run_address>
         <size>0x10</size>
         <input_file_ref idref="fl-28"/>
      </object_component>
      <object_component id="oc-4d4">
         <name>.text:ClockP_getSystemTicks</name>
         <load_address>0x2000efd8</load_address>
         <run_address>0x2000efd8</run_address>
         <size>0x10</size>
         <input_file_ref idref="fl-28"/>
      </object_component>
      <object_component id="oc-4eb">
         <name>.text:ClockP_setTicks</name>
         <load_address>0x2000efe8</load_address>
         <run_address>0x2000efe8</run_address>
         <size>0x10</size>
         <input_file_ref idref="fl-28"/>
      </object_component>
      <object_component id="oc-618">
         <name>.text:HwiP_delete</name>
         <load_address>0x2000eff8</load_address>
         <run_address>0x2000eff8</run_address>
         <size>0x10</size>
         <input_file_ref idref="fl-29"/>
      </object_component>
      <object_component id="oc-330">
         <name>.text:HwiP_restore</name>
         <load_address>0x2000f008</load_address>
         <run_address>0x2000f008</run_address>
         <size>0x10</size>
         <input_file_ref idref="fl-29"/>
      </object_component>
      <object_component id="oc-452">
         <name>.text:I2CSlaveDataGet</name>
         <load_address>0x2000f018</load_address>
         <run_address>0x2000f018</run_address>
         <size>0x10</size>
         <input_file_ref idref="fl-2e"/>
      </object_component>
      <object_component id="oc-599">
         <name>.text:Power_enablePolicy</name>
         <load_address>0x2000f028</load_address>
         <run_address>0x2000f028</run_address>
         <size>0x10</size>
         <input_file_ref idref="fl-16"/>
      </object_component>
      <object_component id="oc-582">
         <name>.text:SemaphoreP_Params_init</name>
         <load_address>0x2000f038</load_address>
         <run_address>0x2000f038</run_address>
         <size>0x10</size>
         <input_file_ref idref="fl-26"/>
      </object_component>
      <object_component id="oc-297">
         <name>.text:Timer_Params_init</name>
         <load_address>0x2000f048</load_address>
         <run_address>0x2000f048</run_address>
         <size>0x10</size>
         <input_file_ref idref="fl-1c"/>
      </object_component>
      <object_component id="oc-612">
         <name>.text:HwiP_clearInterrupt</name>
         <load_address>0x2000f058</load_address>
         <run_address>0x2000f058</run_address>
         <size>0xe</size>
         <input_file_ref idref="fl-29"/>
      </object_component>
      <object_component id="oc-32a">
         <name>.text:HwiP_disable</name>
         <load_address>0x2000f066</load_address>
         <run_address>0x2000f066</run_address>
         <size>0xe</size>
         <input_file_ref idref="fl-29"/>
      </object_component>
      <object_component id="oc-14d">
         <name>.text:HwiP_enable</name>
         <load_address>0x2000f074</load_address>
         <run_address>0x2000f074</run_address>
         <size>0xe</size>
         <input_file_ref idref="fl-29"/>
      </object_component>
      <object_component id="oc-15">
         <name>.text:decompress:none:__TI_decompress_none</name>
         <load_address>0x2000f082</load_address>
         <run_address>0x2000f082</run_address>
         <size>0xe</size>
         <input_file_ref idref="fl-fe"/>
      </object_component>
      <object_component id="oc-147">
         <name>.text:CC3220S_LAUNCHXL_initGeneral</name>
         <load_address>0x2000f090</load_address>
         <run_address>0x2000f090</run_address>
         <size>0xc</size>
         <input_file_ref idref="fl-2"/>
      </object_component>
      <object_component id="oc-3b2">
         <name>.text:I2C_Slave_Get_Data</name>
         <load_address>0x2000f09c</load_address>
         <run_address>0x2000f09c</run_address>
         <size>0xc</size>
         <input_file_ref idref="fl-3"/>
      </object_component>
      <object_component id="oc-4c8">
         <name>.text:Power_getConstraintMask</name>
         <load_address>0x2000f0a8</load_address>
         <run_address>0x2000f0a8</run_address>
         <size>0xc</size>
         <input_file_ref idref="fl-16"/>
      </object_component>
      <object_component id="oc-658">
         <name>.text:postNotifyFxn</name>
         <load_address>0x2000f0b4</load_address>
         <run_address>0x2000f0b4</run_address>
         <size>0xc</size>
         <input_file_ref idref="fl-1d"/>
      </object_component>
      <object_component id="oc-59f">
         <name>.text:ClockP_isActive</name>
         <load_address>0x2000f0c0</load_address>
         <run_address>0x2000f0c0</run_address>
         <size>0xa</size>
         <input_file_ref idref="fl-28"/>
      </object_component>
      <object_component id="oc-4e">
         <name>.text:IntMasterDisable</name>
         <load_address>0x2000f0ca</load_address>
         <run_address>0x2000f0ca</run_address>
         <size>0xa</size>
         <input_file_ref idref="fl-2f"/>
      </object_component>
      <object_component id="oc-3b8">
         <name>.text:PWM_setDuty</name>
         <load_address>0x2000f0d4</load_address>
         <run_address>0x2000f0d4</run_address>
         <size>0xa</size>
         <input_file_ref idref="fl-18"/>
      </object_component>
      <object_component id="oc-291">
         <name>.text:PWM_start</name>
         <load_address>0x2000f0de</load_address>
         <run_address>0x2000f0de</run_address>
         <size>0xa</size>
         <input_file_ref idref="fl-18"/>
      </object_component>
      <object_component id="oc-2a3">
         <name>.text:Timer_start</name>
         <load_address>0x2000f0e8</load_address>
         <run_address>0x2000f0e8</run_address>
         <size>0xa</size>
         <input_file_ref idref="fl-1c"/>
      </object_component>
      <object_component id="oc-549">
         <name>.text:PWMTimerCC32XX_control</name>
         <load_address>0x2000f0f2</load_address>
         <run_address>0x2000f0f2</run_address>
         <size>0x6</size>
         <input_file_ref idref="fl-19"/>
      </object_component>
      <object_component id="oc-50c">
         <name>.text:TimerCC32XX_control</name>
         <load_address>0x2000f0f8</load_address>
         <run_address>0x2000f0f8</run_address>
         <size>0x6</size>
         <input_file_ref idref="fl-1d"/>
      </object_component>
      <object_component id="oc-2f1">
         <name>.text:UtilsDelay</name>
         <load_address>0x2000f0fe</load_address>
         <run_address>0x2000f0fe</run_address>
         <size>0x6</size>
         <input_file_ref idref="fl-36"/>
      </object_component>
      <object_component id="oc-601">
         <name>.text:HwiP_post</name>
         <load_address>0x2000f104</load_address>
         <run_address>0x2000f104</run_address>
         <size>0x4</size>
         <input_file_ref idref="fl-29"/>
      </object_component>
      <object_component id="oc-61e">
         <name>.text:SemaphoreP_delete</name>
         <load_address>0x2000f108</load_address>
         <run_address>0x2000f108</run_address>
         <size>0x4</size>
         <input_file_ref idref="fl-26"/>
      </object_component>
      <object_component id="oc-109">
         <name>.text:_system_pre_init</name>
         <load_address>0x2000f10c</load_address>
         <run_address>0x2000f10c</run_address>
         <size>0x4</size>
         <input_file_ref idref="fl-108"/>
      </object_component>
      <object_component id="oc-15a">
         <name>.text:abort:abort</name>
         <load_address>0x2000f110</load_address>
         <run_address>0x2000f110</run_address>
         <size>0x4</size>
         <input_file_ref idref="fl-101"/>
      </object_component>
      <object_component id="oc-5c">
         <name>.text:nmiISR</name>
         <load_address>0x2000f114</load_address>
         <run_address>0x2000f114</run_address>
         <size>0x2</size>
         <input_file_ref idref="fl-2b"/>
      </object_component>
      <object_component id="oc-5c4">
         <name>.text</name>
         <load_address>0x2000f116</load_address>
         <run_address>0x2000f116</run_address>
         <size>0x2</size>
         <input_file_ref idref="fl-106"/>
      </object_component>
      <object_component id="oc-400">
         <name>.const:g_ulPinToPadMap</name>
         <load_address>0x2000f6d0</load_address>
         <run_address>0x2000f6d0</run_address>
         <size>0x100</size>
         <input_file_ref idref="fl-30"/>
      </object_component>
      <object_component id="oc-3f9">
         <name>.const:PRCM_PeriphRegsList</name>
         <load_address>0x2000f7d0</load_address>
         <run_address>0x2000f7d0</run_address>
         <size>0xa8</size>
         <input_file_ref idref="fl-31"/>
      </object_component>
      <object_component id="oc-383">
         <name>.const:PWM_config</name>
         <load_address>0x2000f878</load_address>
         <run_address>0x2000f878</run_address>
         <size>0x48</size>
         <input_file_ref idref="fl-2"/>
      </object_component>
      <object_component id="oc-326">
         <name>.const:PowerCC32XX_config</name>
         <load_address>0x2000f8c0</load_address>
         <run_address>0x2000f8c0</run_address>
         <size>0x40</size>
         <input_file_ref idref="fl-2"/>
      </object_component>
      <object_component id="oc-426">
         <name>.const:timerCC3220SHWAttrs</name>
         <load_address>0x2000f900</load_address>
         <run_address>0x2000f900</run_address>
         <size>0x30</size>
         <input_file_ref idref="fl-2"/>
      </object_component>
      <object_component id="oc-45e">
         <name>.const:PWMTimerCC32XX_fxnTable</name>
         <load_address>0x2000f930</load_address>
         <run_address>0x2000f930</run_address>
         <size>0x24</size>
         <input_file_ref idref="fl-19"/>
      </object_component>
      <object_component id="oc-33c">
         <name>.const:Timer_config</name>
         <load_address>0x2000f954</load_address>
         <run_address>0x2000f954</run_address>
         <size>0x24</size>
         <input_file_ref idref="fl-2"/>
      </object_component>
      <object_component id="oc-6d6">
         <name>.const:gpioPinIndexes</name>
         <load_address>0x2000f978</load_address>
         <run_address>0x2000f978</run_address>
         <size>0x20</size>
         <input_file_ref idref="fl-19"/>
      </object_component>
      <object_component id="oc-422">
         <name>.const:TimerCC32XX_fxnTable</name>
         <load_address>0x2000f998</load_address>
         <run_address>0x2000f998</run_address>
         <size>0x1c</size>
         <input_file_ref idref="fl-1d"/>
      </object_component>
      <object_component id="oc-387">
         <name>.const:PWM_defaultParams</name>
         <load_address>0x2000f9b4</load_address>
         <run_address>0x2000f9b4</run_address>
         <size>0x18</size>
         <input_file_ref idref="fl-18"/>
      </object_component>
      <object_component id="oc-103">
         <name>.const:g_pulEnRegs</name>
         <load_address>0x2000f9cc</load_address>
         <run_address>0x2000f9cc</run_address>
         <size>0x18</size>
         <input_file_ref idref="fl-2f"/>
      </object_component>
      <object_component id="oc-7c1">
         <name>.const:g_pulPendRegs</name>
         <load_address>0x2000f9e4</load_address>
         <run_address>0x2000f9e4</run_address>
         <size>0x18</size>
         <input_file_ref idref="fl-2f"/>
      </object_component>
      <object_component id="oc-42e">
         <name>.const:g_pulUnpendRegs</name>
         <load_address>0x2000f9fc</load_address>
         <run_address>0x2000f9fc</run_address>
         <size>0x18</size>
         <input_file_ref idref="fl-2f"/>
      </object_component>
      <object_component id="oc-462">
         <name>.const:pwmTimerCC3220SHWAttrs</name>
         <load_address>0x2000fa14</load_address>
         <run_address>0x2000fa14</run_address>
         <size>0x18</size>
         <input_file_ref idref="fl-2"/>
      </object_component>
      <object_component id="oc-6aa">
         <name>.const:gpioBaseAddresses</name>
         <load_address>0x2000fa2c</load_address>
         <run_address>0x2000fa2c</run_address>
         <size>0x10</size>
         <input_file_ref idref="fl-19"/>
      </object_component>
      <object_component id="oc-6a7">
         <name>.const:timerBaseAddresses</name>
         <load_address>0x2000fa3c</load_address>
         <run_address>0x2000fa3c</run_address>
         <size>0x10</size>
         <input_file_ref idref="fl-19"/>
      </object_component>
      <object_component id="oc-339">
         <name>.const</name>
         <load_address>0x2000fa4c</load_address>
         <run_address>0x2000fa4c</run_address>
         <size>0xd</size>
         <input_file_ref idref="fl-2"/>
      </object_component>
      <object_component id="oc-393">
         <name>.const:defaultParams</name>
         <load_address>0x2000fa5c</load_address>
         <run_address>0x2000fa5c</run_address>
         <size>0xc</size>
         <input_file_ref idref="fl-1c"/>
      </object_component>
      <object_component id="oc-539">
         <name>.const:g_ppui32I2CIntMap</name>
         <load_address>0x2000fa68</load_address>
         <run_address>0x2000fa68</run_address>
         <size>0x8</size>
         <input_file_ref idref="fl-2e"/>
      </object_component>
      <object_component id="oc-6c9">
         <name>.const:timerHalves</name>
         <load_address>0x2000fa70</load_address>
         <run_address>0x2000fa70</run_address>
         <size>0x8</size>
         <input_file_ref idref="fl-19"/>
      </object_component>
      <object_component id="oc-82e">
         <name>.cinit..data.load</name>
         <load_address>0x2000fd48</load_address>
         <run_address>0x2000fd48</run_address>
         <size>0xcb</size>
      </object_component>
      <object_component id="oc-82c">
         <name>__TI_handler_table</name>
         <load_address>0x2000fe14</load_address>
         <run_address>0x2000fe14</run_address>
         <size>0xc</size>
      </object_component>
      <object_component id="oc-82f">
         <name>.cinit..bss.load</name>
         <load_address>0x2000fe20</load_address>
         <run_address>0x2000fe20</run_address>
         <size>0x8</size>
      </object_component>
      <object_component id="oc-82d">
         <name>__TI_cinit_table</name>
         <load_address>0x2000fe28</load_address>
         <run_address>0x2000fe28</run_address>
         <size>0x10</size>
      </object_component>
      <object_component id="oc-416">
         <name>.data:parkInfo</name>
         <load_address>0x2000f590</load_address>
         <run_address>0x2000f590</run_address>
         <size>0xf8</size>
         <input_file_ref idref="fl-2"/>
      </object_component>
      <object_component id="oc-2af">
         <name>.data</name>
         <load_address>0x2000f688</load_address>
         <run_address>0x2000f688</run_address>
         <size>0x1a</size>
         <input_file_ref idref="fl-5"/>
      </object_component>
      <object_component id="oc-323">
         <name>.data:PowerCC32XX_module</name>
         <load_address>0x2000f424</load_address>
         <run_address>0x2000f424</run_address>
         <size>0x16c</size>
         <input_file_ref idref="fl-16"/>
      </object_component>
      <object_component id="oc-380">
         <name>.data</name>
         <load_address>0x2000f6a2</load_address>
         <run_address>0x2000f6a2</run_address>
         <size>0x1</size>
         <input_file_ref idref="fl-18"/>
      </object_component>
      <object_component id="oc-336">
         <name>.data</name>
         <load_address>0x2000f6a3</load_address>
         <run_address>0x2000f6a3</run_address>
         <size>0x1</size>
         <input_file_ref idref="fl-1c"/>
      </object_component>
      <object_component id="oc-588">
         <name>.data</name>
         <load_address>0x2000f6cd</load_address>
         <run_address>0x2000f6cd</run_address>
         <size>0x3</size>
         <input_file_ref idref="fl-26"/>
      </object_component>
      <object_component id="oc-6dc">
         <name>.data:SemaphoreP_defaultParams</name>
         <load_address>0x2000f6b8</load_address>
         <run_address>0x2000f6b8</run_address>
         <size>0x8</size>
         <input_file_ref idref="fl-26"/>
      </object_component>
      <object_component id="oc-3ac">
         <name>.data</name>
         <load_address>0x2000f6c8</load_address>
         <run_address>0x2000f6c8</run_address>
         <size>0x5</size>
         <input_file_ref idref="fl-28"/>
      </object_component>
      <object_component id="oc-7ed">
         <name>.data:HwiP_dispatchTable</name>
         <load_address>0x2000f118</load_address>
         <run_address>0x2000f118</run_address>
         <size>0x30c</size>
         <input_file_ref idref="fl-29"/>
      </object_component>
      <object_component id="oc-607">
         <name>.data</name>
         <load_address>0x2000f6c0</load_address>
         <run_address>0x2000f6c0</run_address>
         <size>0x8</size>
         <input_file_ref idref="fl-29"/>
      </object_component>
      <object_component id="oc-7da">
         <name>.data:$O1$$</name>
         <load_address>0x2000f6a4</load_address>
         <run_address>0x2000f6a4</run_address>
         <size>0xc</size>
         <input_file_ref idref="fl-102"/>
      </object_component>
      <object_component id="oc-2be">
         <name>.data:$O1$$</name>
         <load_address>0x2000f6b0</load_address>
         <run_address>0x2000f6b0</run_address>
         <size>0x8</size>
         <input_file_ref idref="fl-103"/>
      </object_component>
      <object_component id="oc-376">
         <name>.bss</name>
         <uninitialized>true</uninitialized>
         <run_address>0x2000fd38</run_address>
         <size>0x4</size>
         <input_file_ref idref="fl-3"/>
      </object_component>
      <object_component id="oc-758">
         <name>.bss:timerState</name>
         <uninitialized>true</uninitialized>
         <run_address>0x2000fd40</run_address>
         <size>0x4</size>
         <input_file_ref idref="fl-1d"/>
      </object_component>
      <object_component id="oc-475">
         <name>.bss</name>
         <uninitialized>true</uninitialized>
         <run_address>0x2000fd3c</run_address>
         <size>0x4</size>
         <input_file_ref idref="fl-28"/>
      </object_component>
      <object_component id="oc-5b6">
         <name>.bss</name>
         <uninitialized>true</uninitialized>
         <run_address>0x2000fd28</run_address>
         <size>0xd</size>
         <input_file_ref idref="fl-2c"/>
      </object_component>
      <object_component id="oc-461">
         <name>.common:pwmTimerCC3220SObjects</name>
         <uninitialized>true</uninitialized>
         <run_address>0x2000fba4</run_address>
         <size>0xd8</size>
      </object_component>
      <object_component id="oc-425">
         <name>.common:timerCC3220SObjects</name>
         <uninitialized>true</uninitialized>
         <run_address>0x2000fc7c</run_address>
         <size>0x9c</size>
      </object_component>
      <object_component id="oc-458">
         <name>.common:data_ready</name>
         <uninitialized>true</uninitialized>
         <run_address>0x2000fd44</run_address>
         <size>0x4</size>
      </object_component>
      <object_component id="oc-70c">
         <name>.common:PowerCC32XX_contextSave</name>
         <uninitialized>true</uninitialized>
         <run_address>0x2000fa78</run_address>
         <size>0x12c</size>
      </object_component>
      <object_component id="oc-d6">
         <name>.common:ClockP_ctrl</name>
         <uninitialized>true</uninitialized>
         <run_address>0x2000fd18</run_address>
         <size>0x10</size>
      </object_component>
      <object_component id="oc-28">
         <name>.sysmem</name>
         <uninitialized>true</uninitialized>
         <run_address>0x20004040</run_address>
[...]
         <value>0x2000ee1d</value>
         <object_component_ref idref="oc-512"/>
      </symbol>
      <symbol id="sm-604">
         <name>List_remove</name>
         <value>0x2000ebd7</value>
         <object_component_ref idref="oc-73c"/>
      </symbol>
      <symbol id="sm-605">
         <name>List_put</name>
         <value>0x2000ebb1</value>
         <object_component_ref idref="oc-75d"/>
      </symbol>
      <symbol id="sm-683">
         <name>SemaphoreP_defaultParams</name>
         <value>0x2000f6b8</value>
         <object_component_ref idref="oc-6dc"/>
      </symbol>
      <symbol id="sm-684">
         <name>SemaphoreP_construct</name>
         <value>0x2000df65</value>
         <object_component_ref idref="oc-47f"/>
      </symbol>
      <symbol id="sm-685">
         <name>SemaphoreP_create</name>
         <value>0x2000eebf</value>
         <object_component_ref idref="oc-646"/>
      </symbol>
      <symbol id="sm-686">
         <name>SemaphoreP_destruct</name>
         <value>0x2000df63</value>
         <object_component_ref idref="oc-48b"/>
      </symbol>
      <symbol id="sm-687">
         <name>SemaphoreP_post</name>
         <value>0x2000e485</value>
         <object_component_ref idref="oc-68a"/>
      </symbol>
      <symbol id="sm-688">
         <name>SemaphoreP_pend</name>
         <value>0x2000d23d</value>
         <object_component_ref idref="oc-485"/>
      </symbol>
      <symbol id="sm-689">
         <name>SemaphoreP_delete</name>
         <value>0x2000f109</value>
         <object_component_ref idref="oc-61e"/>
      </symbol>
      <symbol id="sm-68a">
         <name>SemaphoreP_Params_init</name>
         <value>0x2000f039</value>
         <object_component_ref idref="oc-582"/>
      </symbol>
      <symbol id="sm-68b">
         <name>clkFxn</name>
         <value>0x2000ed5f</value>
         <object_component_ref idref="oc-5ab"/>
      </symbol>
      <symbol id="sm-760">
         <name>ClockP_ctrl</name>
         <value>0x2000fd18</value>
      </symbol>
      <symbol id="sm-761">
         <name>ClockP_doTick</name>
         <value>0x2000e375</value>
         <object_component_ref idref="oc-74"/>
      </symbol>
      <symbol id="sm-762">
         <name>ClockP_startup</name>
         <value>0x2000e969</value>
         <object_component_ref idref="oc-39a"/>
      </symbol>
      <symbol id="sm-763">
         <name>ClockP_stop</name>
         <value>0x2000e331</value>
         <object_component_ref idref="oc-6ea"/>
      </symbol>
      <symbol id="sm-764">
         <name>ClockP_getTicksUntilInterrupt</name>
         <value>0x2000e935</value>
         <object_component_ref idref="oc-4ce"/>
      </symbol>
      <symbol id="sm-765">
         <name>ClockP_setTicks</name>
         <value>0x2000efe9</value>
         <object_component_ref idref="oc-4eb"/>
      </symbol>
      <symbol id="sm-766">
         <name>ClockP_tickPeriod</name>
         <value>0x2000f6c8</value>
         <object_component_ref idref="oc-3ac"/>
      </symbol>
      <symbol id="sm-767">
         <name>ClockP_usleep</name>
         <value>0x2000e181</value>
         <object_component_ref idref="oc-2a9"/>
      </symbol>
      <symbol id="sm-768">
         <name>ClockP_getSystemTicks</name>
         <value>0x2000efd9</value>
         <object_component_ref idref="oc-4d4"/>
      </symbol>
      <symbol id="sm-769">
         <name>ClockP_destruct</name>
         <value>0x2000e5d5</value>
         <object_component_ref idref="oc-5a5"/>
      </symbol>
      <symbol id="sm-76a">
         <name>ClockP_start</name>
         <value>0x2000db85</value>
         <object_component_ref idref="oc-593"/>
      </symbol>
      <symbol id="sm-76b">
         <name>ClockP_sysTickHandler</name>
         <value>0x2000e375</value>
         <object_component_ref idref="oc-74"/>
      </symbol>
      <symbol id="sm-76c">
         <name>ClockP_isActive</name>
         <value>0x2000f0c1</value>
         <object_component_ref idref="oc-59f"/>
      </symbol>
      <symbol id="sm-76d">
         <name>ClockP_getCpuFreq</name>
         <value>0x2000efc9</value>
         <object_component_ref idref="oc-4bc"/>
      </symbol>
      <symbol id="sm-76e">
         <name>ClockP_add</name>
         <value>0x2000efb9</value>
         <object_component_ref idref="oc-58d"/>
      </symbol>
      <symbol id="sm-7f7">
         <name>HwiP_delete</name>
         <value>0x2000eff9</value>
         <object_component_ref idref="oc-618"/>
      </symbol>
      <symbol id="sm-7f8">
         <name>HwiP_construct</name>
         <value>0x2000d539</value>
         <object_component_ref idref="oc-76b"/>
      </symbol>
      <symbol id="sm-7f9">
         <name>HwiP_inISR</name>
         <value>0x2000eee9</value>
         <object_component_ref idref="oc-795"/>
      </symbol>
      <symbol id="sm-7fa">
         <name>HwiP_dispatch</name>
         <value>0x2000ebfd</value>
         <object_component_ref idref="oc-7e7"/>
      </symbol>
      <symbol id="sm-7fb">
         <name>HwiP_destruct</name>
         <value>0x2000ec69</value>
         <object_component_ref idref="oc-744"/>
      </symbol>
      <symbol id="sm-7fc">
         <name>HwiP_clearInterrupt</name>
         <value>0x2000f059</value>
         <object_component_ref idref="oc-612"/>
      </symbol>
      <symbol id="sm-7fd">
         <name>HwiP_swiPIntNum</name>
         <value>0x2000f6c4</value>
         <object_component_ref idref="oc-607"/>
      </symbol>
      <symbol id="sm-7fe">
         <name>HwiP_Params_init</name>
         <value>0x2000ef4d</value>
         <object_component_ref idref="oc-63a"/>
      </symbol>
      <symbol id="sm-7ff">
         <name>HwiP_disable</name>
         <value>0x2000f067</value>
         <object_component_ref idref="oc-32a"/>
      </symbol>
      <symbol id="sm-800">
         <name>HwiP_key</name>
         <value>0x2000f6c0</value>
         <object_component_ref idref="oc-607"/>
      </symbol>
      <symbol id="sm-801">
         <name>HwiP_create</name>
         <value>0x2000ea69</value>
         <object_component_ref idref="oc-640"/>
      </symbol>
      <symbol id="sm-802">
         <name>HwiP_post</name>
         <value>0x2000f105</value>
         <object_component_ref idref="oc-601"/>
      </symbol>
      <symbol id="sm-803">
         <name>HwiP_enable</name>
         <value>0x2000f075</value>
         <object_component_ref idref="oc-14d"/>
      </symbol>
      <symbol id="sm-804">
         <name>HwiP_restore</name>
         <value>0x2000f009</value>
         <object_component_ref idref="oc-330"/>
      </symbol>
      <symbol id="sm-833">
         <name>PowerCC32XX_initPolicy</name>
         <value>0x2000d9d7</value>
         <object_component_ref idref="oc-40a"/>
      </symbol>
      <symbol id="sm-834">
         <name>PowerCC32XX_sleepPolicy</name>
         <value>0x2000c46d</value>
         <object_component_ref idref="oc-410"/>
      </symbol>
      <symbol id="sm-884">
         <name>resetISR</name>
         <value>0x2000edd1</value>
         <object_component_ref idref="oc-1c"/>
      </symbol>
      <symbol id="sm-885">
         <name>resetVectorAddr</name>
         <value>0x2000ede4</value>
         <object_component_ref idref="oc-1c"/>
      </symbol>
      <symbol id="sm-886">
         <name>initVectors</name>
         <value>0x2000e7e9</value>
         <object_component_ref idref="oc-54"/>
      </symbol>
      <symbol id="sm-887">
         <name>resetVectors</name>
         <value>0x20004000</value>
         <object_component_ref idref="oc-22"/>
      </symbol>
      <symbol id="sm-8b7">
         <name>SwiP_disable</name>
         <value>0x2000ed99</value>
         <object_component_ref idref="oc-4c2"/>
      </symbol>
      <symbol id="sm-8b8">
         <name>SwiP_restore</name>
         <value>0x2000e4c9</value>
         <object_component_ref idref="oc-4f1"/>
      </symbol>
      <symbol id="sm-914">
         <name>I2CIntRegister</name>
         <value>0x2000ecc9</value>
         <object_component_ref idref="oc-36a"/>
      </symbol>
      <symbol id="sm-915">
         <name>I2CSlaveIntEnable</name>
         <value>0x2000edeb</value>
         <object_component_ref idref="oc-370"/>
      </symbol>
      <symbol id="sm-916">
         <name>I2CSlaveIntClear</name>
         <value>0x2000ef5f</value>
         <object_component_ref idref="oc-358"/>
      </symbol>
      <symbol id="sm-917">
         <name>I2CSlaveDisable</name>
         <value>0x2000ece7</value>
         <object_component_ref idref="oc-34c"/>
      </symbol>
      <symbol id="sm-918">
         <name>I2CSlaveDataGet</name>
         <value>0x2000f019</value>
         <object_component_ref idref="oc-452"/>
      </symbol>
      <symbol id="sm-919">
         <name>I2CSlaveEnable</name>
         <value>0x2000ed05</value>
         <object_component_ref idref="oc-43a"/>
      </symbol>
      <symbol id="sm-91a">
         <name>I2CSlaveInit</name>
         <value>0x2000edb5</value>
         <object_component_ref idref="oc-364"/>
      </symbol>
      <symbol id="sm-91b">
         <name>I2CMasterDisable</name>
         <value>0x2000ee7d</value>
         <object_component_ref idref="oc-346"/>
      </symbol>
      <symbol id="sm-97f">
         <name>IntPendClear</name>
         <value>0x2000dd61</value>
         <object_component_ref idref="oc-352"/>
      </symbol>
      <symbol id="sm-980">
         <name>IntVTableBaseSet</name>
         <value>0x2000eefd</value>
         <object_component_ref idref="oc-aa"/>
      </symbol>
      <symbol id="sm-981">
         <name>IntEnable</name>
         <value>0x2000cfa5</value>
         <object_component_ref idref="oc-b0"/>
      </symbol>
      <symbol id="sm-982">
         <name>IntRegister</name>
         <value>0x2000ec89</value>
         <object_component_ref idref="oc-447"/>
      </symbol>
      <symbol id="sm-983">
         <name>IntMasterDisable</name>
         <value>0x2000f0cb</value>
         <object_component_ref idref="oc-4e"/>
      </symbol>
      <symbol id="sm-984">
         <name>IntPendSet</name>
         <value>0x2000d5c5</value>
         <object_component_ref idref="oc-731"/>
      </symbol>
      <symbol id="sm-9c6">
         <name>PinTypeI2C</name>
         <value>0x2000ed7d</value>
         <object_component_ref idref="oc-35e"/>
      </symbol>
      <symbol id="sm-9c7">
         <name>PinModeGet</name>
         <value>0x2000e99d</value>
         <object_component_ref idref="oc-310"/>
      </symbol>
      <symbol id="sm-9c8">
         <name>PinConfigSet</name>
         <value>0x2000d6d5</value>
         <object_component_ref idref="oc-433"/>
      </symbol>
      <symbol id="sm-9c9">
         <name>PinModeSet</name>
         <value>0x2000e595</value>
         <object_component_ref idref="oc-316"/>
      </symbol>
      <symbol id="sm-9ca">
         <name>PinToPadGet</name>
         <value>0x2000ed61</value>
         <object_component_ref idref="oc-6a1"/>
      </symbol>
      <symbol id="sm-a93">
         <name>PRCMLPDSRestoreInfoSet</name>
         <value>0x2000e3b9</value>
         <object_component_ref idref="oc-713"/>
      </symbol>
      <symbol id="sm-a94">
         <name>PRCMPeripheralReset</name>
         <value>0x2000ddb9</value>
         <object_component_ref idref="oc-304"/>
      </symbol>
      <symbol id="sm-a95">
         <name>PRCMLPDSEnter</name>
         <value>0x2000e211</value>
         <object_component_ref idref="oc-5f3"/>
      </symbol>
      <symbol id="sm-a96">
         <name>PRCMPeripheralClkEnable</name>
         <value>0x2000e259</value>
         <object_component_ref idref="oc-2fe"/>
      </symbol>
      <symbol id="sm-a97">
         <name>PRCMLPDSEnterKeepDebugIf</name>
         <value>0x2000e7b1</value>
         <object_component_ref idref="oc-5f9"/>
      </symbol>
      <symbol id="sm-a98">
         <name>PRCMCC3200MCUInit</name>
         <value>0x2000c041</value>
         <object_component_ref idref="oc-265"/>
      </symbol>
      <symbol id="sm-a99">
         <name>PRCMHIBRegWrite</name>
         <value>0x2000eea9</value>
         <object_component_ref idref="oc-2f2"/>
      </symbol>
      <symbol id="sm-a9a">
         <name>PRCMSysResetCauseGet</name>
         <value>0x2000dc45</value>
         <object_component_ref idref="oc-2eb"/>
      </symbol>
      <symbol id="sm-a9b">
         <name>PRCMPeripheralClkDisable</name>
         <value>0x2000eb11</value>
         <object_component_ref idref="oc-30a"/>
      </symbol>
      <symbol id="sm-a9c">
         <name>PRCMHIBRegRead</name>
         <value>0x2000ee93</value>
         <object_component_ref idref="oc-2f8"/>
      </symbol>
      <symbol id="sm-ae5">
         <name>TimerLoadSet</name>
         <value>0x2000ea93</value>
         <object_component_ref idref="oc-77a"/>
      </symbol>
      <symbol id="sm-ae6">
         <name>TimerDisable</name>
         <value>0x2000ed23</value>
         <object_component_ref idref="oc-678"/>
      </symbol>
      <symbol id="sm-ae7">
         <name>TimerEnable</name>
         <value>0x2000ed41</value>
         <object_component_ref idref="oc-671"/>
      </symbol>
      <symbol id="sm-ae8">
         <name>TimerIntDisable</name>
         <value>0x2000ee35</value>
         <object_component_ref idref="oc-67e"/>
      </symbol>
      <symbol id="sm-ae9">
         <name>TimerPrescaleSet</name>
         <value>0x2000eabd</value>
         <object_component_ref idref="oc-774"/>
      </symbol>
      <symbol id="sm-aea">
         <name>TimerControlStall</name>
         <value>0x2000e8ff</value>
         <object_component_ref idref="oc-780"/>
      </symbol>
      <symbol id="sm-aeb">
         <name>TimerIntEnable</name>
         <value>0x2000ee4d</value>
         <object_component_ref idref="oc-665"/>
      </symbol>
      <symbol id="sm-aec">
         <name>TimerIntClear</name>
         <value>0x2000ef71</value>
         <object_component_ref idref="oc-788"/>
      </symbol>
      <symbol id="sm-af2">
         <name>UtilsDelay</name>
         <value>0x2000f0ff</value>
         <object_component_ref idref="oc-2f1"/>
      </symbol>
      <symbol id="sm-afc">
         <name>CPUcpsid</name>
         <value>0x2000eed5</value>
         <object_component_ref idref="oc-9e"/>
      </symbol>
      <symbol id="sm-b0c">
         <name>FlashDisable</name>
         <value>0x2000e1c9</value>
         <object_component_ref idref="oc-729"/>
      </symbol>
      <symbol id="sm-b1c">
         <name>__aeabi_fmul</name>
         <value>0x2000d8e5</value>
         <object_component_ref idref="oc-3c3"/>
      </symbol>
      <symbol id="sm-b26">
         <name>__aeabi_f2iz</name>
         <value>0x2000e891</value>
         <object_component_ref idref="oc-3c8"/>
      </symbol>
      <symbol id="sm-b30">
         <name>__aeabi_lmul</name>
         <value>0x2000ee65</value>
         <object_component_ref idref="oc-479"/>
      </symbol>
      <symbol id="sm-b4b">
         <name>memcpy</name>
         <value>0x2000d2dd</value>
         <object_component_ref idref="oc-36"/>
      </symbol>
      <symbol id="sm-b4c">
         <name>__aeabi_memcpy</name>
         <value>0x2000d2dd</value>
         <object_component_ref idref="oc-36"/>
      </symbol>
      <symbol id="sm-b4d">
         <name>__aeabi_memcpy8</name>
         <value>0x2000d2dd</value>
         <object_component_ref idref="oc-36"/>
      </symbol>
      <symbol id="sm-b4e">
         <name>__aeabi_memcpy4</name>
         <value>0x2000d2dd</value>
         <object_component_ref idref="oc-36"/>
      </symbol>
      <symbol id="sm-b5a">
         <name>__aeabi_ui2f</name>
         <value>0x2000ec21</value>
         <object_component_ref idref="oc-3be"/>
      </symbol>
      <symbol id="sm-b67">
         <name>__aeabi_uldivmod</name>
         <value>0x2000d411</value>
         <object_component_ref idref="oc-4e0"/>
      </symbol>
      <symbol id="sm-b7c">
         <name>__TI_zero_init_nomemset</name>
         <value>0x2000ef83</value>
         <object_component_ref idref="oc-42"/>
      </symbol>
      <symbol id="sm-b93">
         <name>__TI_decompress_none</name>
         <value>0x2000f083</value>
         <object_component_ref idref="oc-15"/>
      </symbol>
      <symbol id="sm-bb6">
         <name>__TI_decompress_lzss</name>
         <value>0x2000dab9</value>
         <object_component_ref idref="oc-f"/>
      </symbol>
      <symbol id="sm-bc8">
         <name>__stack</name>
         <value>0x20003000</value>
         <object_component_ref idref="oc-25"/>
      </symbol>
      <symbol id="sm-bc9">
         <name>_c_int00_noargs</name>
         <value>0x2000eb61</value>
         <object_component_ref idref="oc-c0"/>
      </symbol>
      <symbol id="sm-bd4">
         <name>C$$EXIT</name>
         <value>0x2000f111</value>
         <object_component_ref idref="oc-15a"/>
      </symbol>
      <symbol id="sm-bd5">
         <name>abort</name>
         <value>0x2000f111</value>
         <object_component_ref idref="oc-15a"/>
      </symbol>
      <symbol id="sm-c50">
         <name>_sys_memory</name>
         <value>0x20004040</value>
         <object_component_ref idref="oc-28"/>
      </symbol>
      <symbol id="sm-c51">
         <name>free</name>
         <value>0x2000cca5</value>
         <object_component_ref idref="oc-74a"/>
      </symbol>
      <symbol id="sm-c52">
         <name>malloc</name>
         <value>0x2000d9d9</value>
         <object_component_ref idref="oc-765"/>
      </symbol>
      <symbol id="sm-c53">
         <name>minit</name>
         <value>0x2000e821</value>
         <object_component_ref idref="oc-7c8"/>
      </symbol>
      <symbol id="sm-c68">
         <name>_nop</name>
         <value>0x2000e7af</value>
         <object_component_ref idref="oc-3d7"/>
      </symbol>
      <symbol id="sm-c69">
         <name>_lock</name>
         <value>0x2000f6b0</value>
         <object_component_ref idref="oc-2be"/>
      </symbol>
      <symbol id="sm-c6a">
         <name>_unlock</name>
         <value>0x2000f6b4</value>
         <object_component_ref idref="oc-2be"/>
      </symbol>
      <symbol id="sm-c76">
         <name>__aeabi_idiv0</name>
         <value>0x2000f117</value>
         <object_component_ref idref="oc-5c4"/>
      </symbol>
      <symbol id="sm-c77">
         <name>__aeabi_ldiv0</name>
         <value>0x2000f117</value>
         <object_component_ref idref="oc-5c4"/>
      </symbol>
      <symbol id="sm-c9f">
         <name>__TI_auto_init_nobinit_nopinit</name>
         <value>0x2000e551</value>
         <object_component_ref idref="oc-166"/>
      </symbol>
      <symbol id="sm-ca9">
         <name>_system_pre_init</name>
         <value>0x2000f10d</value>
         <object_component_ref idref="oc-109"/>
      </symbol>
      <symbol id="sm-cab">
         <name>__TI_static_base__</name>
         <value>0x2000fd48</value>
      </symbol>
      <symbol id="sm-cae">
         <name>__mpu_init</name>
         <value>0x0</value>
      </symbol>
      <symbol id="sm-caf">
         <name>_system_post_cinit</name>
         <value>0x0</value>
      </symbol>
      <symbol id="sm-cb0">
         <name>usleep</name>
         <value>0x2000e181</value>
      </symbol>
      <symbol id="sm-cb1">
         <name>NoRTOS_start</name>
         <value>0x2000f075</value>
      </symbol>
   </symbol_table>
   <title>Link successful</title>
</link_info>
